Component: ARM Compiler 5.06 update 6 (build 750) Tool: armlink [4d35ed]

==============================================================================

Section Cross References

    rcc.o(i.MSI_ConfigRange) refers to rcc.o(i.MSI_FlashLatency) for MSI_FlashLatency
    rcc.o(i.MSI_ConfigRange) refers to system_stm32l4xx.o(i.SystemCoreClockUpdate) for SystemCoreClockUpdate
    rcc.o(i.PLL_Config) refers to system_stm32l4xx.o(i.SystemCoreClockUpdate) for SystemCoreClockUpdate
    delay.o(i.Delay_Init) refers to system_stm32l4xx.o(.data) for SystemCoreClock
    delay.o(i.GetTick) refers to delay.o(.data) for uwTick
    delay.o(i.SysTick_Handler) refers to delay.o(.data) for uwTick
    delay.o(i.delay_ms) refers to delay.o(i.GetTick) for GetTick
    usart.o(i.USART1_Config) refers to usart.o(i.USART1_Pins_Config) for USART1_Pins_Config
    usart.o(i.USART1_Config) refers to usart.o(i.setUSARTDIV) for setUSARTDIV
    usart.o(i.USART1_Config) refers to usart.o(i.__NVIC_SetPriority) for __NVIC_SetPriority
    usart.o(i.USART1_Config) refers to usart.o(i.__NVIC_EnableIRQ) for __NVIC_EnableIRQ
    usart.o(i.USART2_Config) refers to usart.o(i.USART2_Pins_Config) for USART2_Pins_Config
    usart.o(i.USART2_Config) refers to usart.o(i.setUSARTDIV) for setUSARTDIV
    usart.o(i.USART2_Config) refers to usart.o(i.__NVIC_SetPriority) for __NVIC_SetPriority
    usart.o(i.USART2_Config) refers to usart.o(i.__NVIC_EnableIRQ) for __NVIC_EnableIRQ
    retarget.o(i._sys_exit) refers (Special) to use_no_semi.o(.text) for __use_no_semihosting_swi
    retarget.o(i._ttywrch) refers (Special) to use_no_semi.o(.text) for __use_no_semihosting_swi
    retarget.o(i._ttywrch) refers to usart.o(i.USART2_putc) for USART2_putc
    retarget.o(i.ferror) refers (Special) to use_no_semi.o(.text) for __use_no_semihosting_swi
    retarget.o(i.fgetc) refers (Special) to use_no_semi.o(.text) for __use_no_semihosting_swi
    retarget.o(i.fgetc) refers to usart.o(i.USART2_getc) for USART2_getc
    retarget.o(i.fputc) refers (Special) to use_no_semi.o(.text) for __use_no_semihosting_swi
    retarget.o(i.fputc) refers to usart.o(i.USART2_putc) for USART2_putc
    retarget.o(.data) refers (Special) to use_no_semi.o(.text) for __use_no_semihosting_swi
    main.o(i.main) refers to _printf_percent.o(.ARM.Collect$$_printf_percent$$00000000) for _printf_percent
    main.o(i.main) refers to _printf_d.o(.ARM.Collect$$_printf_percent$$00000009) for _printf_d
    main.o(i.main) refers to _printf_dec.o(.text) for _printf_int_dec
    main.o(i.main) refers to rcc.o(i.PLL_Config) for PLL_Config
    main.o(i.main) refers to delay.o(i.Delay_Init) for Delay_Init
    main.o(i.main) refers to usart.o(i.USART2_Config) for USART2_Config
    main.o(i.main) refers to adc.o(i.ADC1_Init) for ADC1_Init
    main.o(i.main) refers to adc.o(i.ADC_Enable) for ADC_Enable
    main.o(i.main) refers to adc.o(i.ADC_GetVal) for ADC_GetVal
    main.o(i.main) refers to noretval__2printf.o(.text) for __2printf
    main.o(i.main) refers to delay.o(i.delay_ms) for delay_ms
    main.o(i.main) refers to system_stm32l4xx.o(.data) for SystemCoreClock
    main.o(i.main) refers to main.o(.data) for IN5
    adc.o(i.ADC1_Init) refers to adc.o(i.ADC_Calibration) for ADC_Calibration
    startup_stm32l412xx.o(STACK) refers (Special) to heapauxi.o(.text) for __use_two_region_memory
    startup_stm32l412xx.o(HEAP) refers (Special) to heapauxi.o(.text) for __use_two_region_memory
    startup_stm32l412xx.o(RESET) refers (Special) to heapauxi.o(.text) for __use_two_region_memory
    startup_stm32l412xx.o(RESET) refers to startup_stm32l412xx.o(STACK) for __initial_sp
    startup_stm32l412xx.o(RESET) refers to startup_stm32l412xx.o(.text) for Reset_Handler
    startup_stm32l412xx.o(RESET) refers to delay.o(i.SysTick_Handler) for SysTick_Handler
    startup_stm32l412xx.o(.text) refers (Special) to heapauxi.o(.text) for __use_two_region_memory
    startup_stm32l412xx.o(.text) refers to system_stm32l4xx.o(i.SystemInit) for SystemInit
    startup_stm32l412xx.o(.text) refers to __main.o(!!!main) for __main
    startup_stm32l412xx.o(.text) refers to startup_stm32l412xx.o(HEAP) for Heap_Mem
    startup_stm32l412xx.o(.text) refers to startup_stm32l412xx.o(STACK) for Stack_Mem
    system_stm32l4xx.o(i.SystemCoreClockUpdate) refers to system_stm32l4xx.o(.constdata) for MSIRangeTable
    system_stm32l4xx.o(i.SystemCoreClockUpdate) refers to system_stm32l4xx.o(.data) for SystemCoreClock
    __2printf.o(.text) refers to _printf_char_file.o(.text) for _printf_char_file
    __2printf.o(.text) refers to retarget.o(.data) for __stdout
    noretval__2printf.o(.text) refers to _printf_char_file.o(.text) for _printf_char_file
    noretval__2printf.o(.text) refers to retarget.o(.data) for __stdout
    __printf.o(.text) refers to _printf_percent.o(.ARM.Collect$$_printf_percent$$00000000) for _printf_percent
    _printf_dec.o(.text) refers to _printf_intcommon.o(.text) for _printf_int_common
    __printf_flags.o(.text) refers to _printf_percent.o(.ARM.Collect$$_printf_percent$$00000000) for _printf_percent
    __printf_flags.o(.text) refers to __printf_flags.o(.constdata) for .constdata
    __printf_ss.o(.text) refers to _printf_percent.o(.ARM.Collect$$_printf_percent$$00000000) for _printf_percent
    __printf_flags_ss.o(.text) refers to _printf_percent.o(.ARM.Collect$$_printf_percent$$00000000) for _printf_percent
    __printf_flags_ss.o(.text) refers to __printf_flags_ss.o(.constdata) for .constdata
    __printf_wp.o(.text) refers to __printf_wp.o(i._is_digit) for _is_digit
    __printf_wp.o(.text) refers to _printf_percent.o(.ARM.Collect$$_printf_percent$$00000000) for _printf_percent
    __printf_flags_wp.o(.text) refers to __printf_wp.o(i._is_digit) for _is_digit
    __printf_flags_wp.o(.text) refers to _printf_percent.o(.ARM.Collect$$_printf_percent$$00000000) for _printf_percent
    __printf_flags_wp.o(.text) refers to __printf_flags_wp.o(.constdata) for .constdata
    __printf_ss_wp.o(.text) refers to __printf_wp.o(i._is_digit) for _is_digit
    __printf_ss_wp.o(.text) refers to _printf_percent.o(.ARM.Collect$$_printf_percent$$00000000) for _printf_percent
    __printf_flags_ss_wp.o(.text) refers to __printf_wp.o(i._is_digit) for _is_digit
    __printf_flags_ss_wp.o(.text) refers to _printf_percent.o(.ARM.Collect$$_printf_percent$$00000000) for _printf_percent
    __printf_flags_ss_wp.o(.text) refers to __printf_flags_ss_wp.o(.constdata) for .constdata
    _printf_d.o(.ARM.Collect$$_printf_percent$$00000009) refers (Weak) to _printf_dec.o(.text) for _printf_int_dec
    _printf_percent.o(.ARM.Collect$$_printf_percent$$00000000) refers (Special) to _printf_percent_end.o(.ARM.Collect$$_printf_percent$$00000017) for _printf_percent_end
    __main.o(!!!main) refers to __rtentry.o(.ARM.Collect$$rtentry$$00000000) for __rt_entry
    __rtentry.o(.ARM.Collect$$rtentry$$00000000) refers (Special) to __rtentry2.o(.ARM.Collect$$rtentry$$0000000A) for __rt_entry_li
    __rtentry.o(.ARM.Collect$$rtentry$$00000000) refers (Special) to __rtentry2.o(.ARM.Collect$$rtentry$$0000000D) for __rt_entry_main
    __rtentry.o(.ARM.Collect$$rtentry$$00000000) refers (Special) to __rtentry2.o(.ARM.Collect$$rtentry$$0000000C) for __rt_entry_postli_1
    __rtentry.o(.ARM.Collect$$rtentry$$00000000) refers (Special) to __rtentry2.o(.ARM.Collect$$rtentry$$00000009) for __rt_entry_postsh_1
    __rtentry.o(.ARM.Collect$$rtentry$$00000000) refers (Special) to __rtentry2.o(.ARM.Collect$$rtentry$$00000002) for __rt_entry_presh_1
    __rtentry.o(.ARM.Collect$$rtentry$$00000000) refers (Special) to __rtentry4.o(.ARM.Collect$$rtentry$$00000004) for __rt_entry_sh
    _printf_char_file.o(.text) refers to _printf_char_common.o(.text) for _printf_char_common
    _printf_char_file.o(.text) refers to retarget.o(i.ferror) for ferror
    _printf_char_file.o(.text) refers to retarget.o(i.fputc) for fputc
    __rtentry2.o(.ARM.Collect$$rtentry$$00000008) refers to boardinit2.o(.text) for _platform_post_stackheap_init
    __rtentry2.o(.ARM.Collect$$rtentry$$0000000A) refers to libinit.o(.ARM.Collect$$libinit$$00000000) for __rt_lib_init
    __rtentry2.o(.ARM.Collect$$rtentry$$0000000B) refers to boardinit3.o(.text) for _platform_post_lib_init
    __rtentry2.o(.ARM.Collect$$rtentry$$0000000D) refers to main.o(i.main) for main
    __rtentry2.o(.ARM.Collect$$rtentry$$0000000D) refers to exit.o(.text) for exit
    __rtentry2.o(.ARM.exidx) refers to __rtentry2.o(.ARM.Collect$$rtentry$$00000001) for .ARM.Collect$$rtentry$$00000001
    __rtentry2.o(.ARM.exidx) refers to __rtentry2.o(.ARM.Collect$$rtentry$$00000008) for .ARM.Collect$$rtentry$$00000008
    __rtentry2.o(.ARM.exidx) refers to __rtentry2.o(.ARM.Collect$$rtentry$$0000000A) for .ARM.Collect$$rtentry$$0000000A
    __rtentry2.o(.ARM.exidx) refers to __rtentry2.o(.ARM.Collect$$rtentry$$0000000B) for .ARM.Collect$$rtentry$$0000000B
    __rtentry2.o(.ARM.exidx) refers to __rtentry2.o(.ARM.Collect$$rtentry$$0000000D) for .ARM.Collect$$rtentry$$0000000D
    __rtentry4.o(.ARM.Collect$$rtentry$$00000004) refers to sys_stackheap_outer.o(.text) for __user_setup_stackheap
    __rtentry4.o(.ARM.exidx) refers to __rtentry4.o(.ARM.Collect$$rtentry$$00000004) for .ARM.Collect$$rtentry$$00000004
    _printf_char_common.o(.text) refers to __printf.o(.text) for __printf
    sys_stackheap_outer.o(.text) refers to libspace.o(.text) for __user_perproc_libspace
    sys_stackheap_outer.o(.text) refers to startup_stm32l412xx.o(.text) for __user_initial_stackheap
    exit.o(.text) refers to rtexit.o(.ARM.Collect$$rtexit$$00000000) for __rt_exit
    libinit.o(.ARM.Collect$$libinit$$00000000) refers (Special) to libinit2.o(.ARM.Collect$$libinit$$0000002E) for __rt_lib_init_alloca_1
    libinit.o(.ARM.Collect$$libinit$$00000000) refers (Special) to libinit2.o(.ARM.Collect$$libinit$$0000002C) for __rt_lib_init_argv_1
    libinit.o(.ARM.Collect$$libinit$$00000000) refers (Special) to libinit2.o(.ARM.Collect$$libinit$$0000001B) for __rt_lib_init_atexit_1
    libinit.o(.ARM.Collect$$libinit$$00000000) refers (Special) to libinit2.o(.ARM.Collect$$libinit$$00000021) for __rt_lib_init_clock_1
    libinit.o(.ARM.Collect$$libinit$$00000000) refers (Special) to libinit2.o(.ARM.Collect$$libinit$$00000032) for __rt_lib_init_cpp_1
    libinit.o(.ARM.Collect$$libinit$$00000000) refers (Special) to libinit2.o(.ARM.Collect$$libinit$$00000030) for __rt_lib_init_exceptions_1
    libinit.o(.ARM.Collect$$libinit$$00000000) refers (Special) to libinit2.o(.ARM.Collect$$libinit$$00000001) for __rt_lib_init_fp_1
    libinit.o(.ARM.Collect$$libinit$$00000000) refers (Special) to libinit2.o(.ARM.Collect$$libinit$$0000001F) for __rt_lib_init_fp_trap_1
    libinit.o(.ARM.Collect$$libinit$$00000000) refers (Special) to libinit2.o(.ARM.Collect$$libinit$$00000023) for __rt_lib_init_getenv_1
    libinit.o(.ARM.Collect$$libinit$$00000000) refers (Special) to libinit2.o(.ARM.Collect$$libinit$$0000000A) for __rt_lib_init_heap_1
    libinit.o(.ARM.Collect$$libinit$$00000000) refers (Special) to libinit2.o(.ARM.Collect$$libinit$$00000011) for __rt_lib_init_lc_collate_1
    libinit.o(.ARM.Collect$$libinit$$00000000) refers (Special) to libinit2.o(.ARM.Collect$$libinit$$00000013) for __rt_lib_init_lc_ctype_1
    libinit.o(.ARM.Collect$$libinit$$00000000) refers (Special) to libinit2.o(.ARM.Collect$$libinit$$00000015) for __rt_lib_init_lc_monetary_1
    libinit.o(.ARM.Collect$$libinit$$00000000) refers (Special) to libinit2.o(.ARM.Collect$$libinit$$00000017) for __rt_lib_init_lc_numeric_1
    libinit.o(.ARM.Collect$$libinit$$00000000) refers (Special) to libinit2.o(.ARM.Collect$$libinit$$00000019) for __rt_lib_init_lc_time_1
    libinit.o(.ARM.Collect$$libinit$$00000000) refers (Special) to libinit2.o(.ARM.Collect$$libinit$$00000004) for __rt_lib_init_preinit_1
    libinit.o(.ARM.Collect$$libinit$$00000000) refers (Special) to libinit2.o(.ARM.Collect$$libinit$$0000000E) for __rt_lib_init_rand_1
    libinit.o(.ARM.Collect$$libinit$$00000000) refers (Special) to libinit2.o(.ARM.Collect$$libinit$$00000033) for __rt_lib_init_return
    libinit.o(.ARM.Collect$$libinit$$00000000) refers (Special) to libinit2.o(.ARM.Collect$$libinit$$0000001D) for __rt_lib_init_signal_1
    libinit.o(.ARM.Collect$$libinit$$00000000) refers (Special) to libinit2.o(.ARM.Collect$$libinit$$00000025) for __rt_lib_init_stdio_1
    libinit.o(.ARM.Collect$$libinit$$00000000) refers (Special) to libinit2.o(.ARM.Collect$$libinit$$0000000C) for __rt_lib_init_user_alloc_1
    libspace.o(.text) refers to libspace.o(.bss) for __libspace_start
    rtexit.o(.ARM.Collect$$rtexit$$00000000) refers (Special) to rtexit2.o(.ARM.Collect$$rtexit$$00000004) for __rt_exit_exit
    rtexit.o(.ARM.Collect$$rtexit$$00000000) refers (Special) to rtexit2.o(.ARM.Collect$$rtexit$$00000003) for __rt_exit_ls
    rtexit.o(.ARM.Collect$$rtexit$$00000000) refers (Special) to rtexit2.o(.ARM.Collect$$rtexit$$00000002) for __rt_exit_prels_1
    rtexit.o(.ARM.exidx) refers (Special) to rtexit2.o(.ARM.Collect$$rtexit$$00000004) for __rt_exit_exit
    rtexit.o(.ARM.exidx) refers (Special) to rtexit2.o(.ARM.Collect$$rtexit$$00000003) for __rt_exit_ls
    rtexit.o(.ARM.exidx) refers (Special) to rtexit2.o(.ARM.Collect$$rtexit$$00000002) for __rt_exit_prels_1
    rtexit.o(.ARM.exidx) refers to rtexit.o(.ARM.Collect$$rtexit$$00000000) for .ARM.Collect$$rtexit$$00000000
    libinit2.o(.ARM.Collect$$libinit$$00000001) refers to fpinit.o(x$fpl$fpinit) for _fp_init
    libinit2.o(.ARM.Collect$$libinit$$00000010) refers to libinit2.o(.ARM.Collect$$libinit$$0000000F) for .ARM.Collect$$libinit$$0000000F
    libinit2.o(.ARM.Collect$$libinit$$00000012) refers to libinit2.o(.ARM.Collect$$libinit$$0000000F) for .ARM.Collect$$libinit$$0000000F
    libinit2.o(.ARM.Collect$$libinit$$00000014) refers to libinit2.o(.ARM.Collect$$libinit$$0000000F) for .ARM.Collect$$libinit$$0000000F
    libinit2.o(.ARM.Collect$$libinit$$00000016) refers to libinit2.o(.ARM.Collect$$libinit$$0000000F) for .ARM.Collect$$libinit$$0000000F
    libinit2.o(.ARM.Collect$$libinit$$00000018) refers to libinit2.o(.ARM.Collect$$libinit$$0000000F) for .ARM.Collect$$libinit$$0000000F
    libinit2.o(.ARM.Collect$$libinit$$00000026) refers to argv_veneer.o(.emb_text) for __ARM_argv_veneer
    libinit2.o(.ARM.Collect$$libinit$$00000027) refers to argv_veneer.o(.emb_text) for __ARM_argv_veneer
    rtexit2.o(.ARM.Collect$$rtexit$$00000003) refers to libshutdown.o(.ARM.Collect$$libshutdown$$00000000) for __rt_lib_shutdown
    rtexit2.o(.ARM.Collect$$rtexit$$00000004) refers to retarget.o(i._sys_exit) for _sys_exit
    rtexit2.o(.ARM.exidx) refers to rtexit2.o(.ARM.Collect$$rtexit$$00000001) for .ARM.Collect$$rtexit$$00000001
    rtexit2.o(.ARM.exidx) refers to rtexit2.o(.ARM.Collect$$rtexit$$00000003) for .ARM.Collect$$rtexit$$00000003
    rtexit2.o(.ARM.exidx) refers to rtexit2.o(.ARM.Collect$$rtexit$$00000004) for .ARM.Collect$$rtexit$$00000004
    argv_veneer.o(.emb_text) refers to no_argv.o(.text) for __ARM_get_argv
    _get_argv_nomalloc.o(.text) refers (Special) to hrguard.o(.text) for __heap_region$guard
    _get_argv_nomalloc.o(.text) refers to defsig_rtmem_outer.o(.text) for __rt_SIGRTMEM
    _get_argv_nomalloc.o(.text) refers to sys_command.o(.text) for _sys_command_string
    libshutdown.o(.ARM.Collect$$libshutdown$$00000000) refers (Special) to libshutdown2.o(.ARM.Collect$$libshutdown$$00000002) for __rt_lib_shutdown_cpp_1
    libshutdown.o(.ARM.Collect$$libshutdown$$00000000) refers (Special) to libshutdown2.o(.ARM.Collect$$libshutdown$$00000007) for __rt_lib_shutdown_fp_trap_1
    libshutdown.o(.ARM.Collect$$libshutdown$$00000000) refers (Special) to libshutdown2.o(.ARM.Collect$$libshutdown$$0000000F) for __rt_lib_shutdown_heap_1
    libshutdown.o(.ARM.Collect$$libshutdown$$00000000) refers (Special) to libshutdown2.o(.ARM.Collect$$libshutdown$$00000010) for __rt_lib_shutdown_return
    libshutdown.o(.ARM.Collect$$libshutdown$$00000000) refers (Special) to libshutdown2.o(.ARM.Collect$$libshutdown$$0000000A) for __rt_lib_shutdown_signal_1
    libshutdown.o(.ARM.Collect$$libshutdown$$00000000) refers (Special) to libshutdown2.o(.ARM.Collect$$libshutdown$$00000004) for __rt_lib_shutdown_stdio_1
    libshutdown.o(.ARM.Collect$$libshutdown$$00000000) refers (Special) to libshutdown2.o(.ARM.Collect$$libshutdown$$0000000C) for __rt_lib_shutdown_user_alloc_1
    sys_command.o(.text) refers (Special) to use_no_semi.o(.text) for __I$use$semihosting
    sys_command.o(.text) refers (Special) to indicate_semi.o(.text) for __semihosting_library_function
    defsig_rtmem_outer.o(.text) refers to defsig_rtmem_inner.o(.text) for __rt_SIGRTMEM_inner
    defsig_rtmem_outer.o(.text) refers to defsig_exit.o(.text) for __sig_exit
    defsig_rtmem_formal.o(.text) refers to rt_raise.o(.text) for __rt_raise
    rt_raise.o(.text) refers to __raise.o(.text) for __raise
    rt_raise.o(.text) refers to retarget.o(i._sys_exit) for _sys_exit
    defsig_exit.o(.text) refers to retarget.o(i._sys_exit) for _sys_exit
    defsig_rtmem_inner.o(.text) refers to defsig_general.o(.text) for __default_signal_display
    __raise.o(.text) refers to defsig.o(CL$$defsig) for __default_signal_handler
    defsig_general.o(.text) refers to retarget.o(i._ttywrch) for _ttywrch
    defsig.o(CL$$defsig) refers to defsig_rtmem_inner.o(.text) for __rt_SIGRTMEM_inner
    defsig_abrt_inner.o(.text) refers to defsig_general.o(.text) for __default_signal_display
    defsig_fpe_inner.o(.text) refers to defsig_general.o(.text) for __default_signal_display
    defsig_rtred_inner.o(.text) refers to defsig_general.o(.text) for __default_signal_display
    defsig_stak_inner.o(.text) refers to defsig_general.o(.text) for __default_signal_display
    defsig_pvfn_inner.o(.text) refers to defsig_general.o(.text) for __default_signal_display
    defsig_cppl_inner.o(.text) refers to defsig_general.o(.text) for __default_signal_display
    defsig_segv_inner.o(.text) refers to defsig_general.o(.text) for __default_signal_display
    defsig_other.o(.text) refers to defsig_general.o(.text) for __default_signal_display


==============================================================================

Removing Unused input sections from the image.

    Removing rcc.o(.rev16_text), (4 bytes).
    Removing rcc.o(.revsh_text), (4 bytes).
    Removing rcc.o(.rrx_text), (6 bytes).
    Removing rcc.o(i.MSI_ConfigRange), (216 bytes).
    Removing rcc.o(i.MSI_FlashLatency), (96 bytes).
    Removing delay.o(.rev16_text), (4 bytes).
    Removing delay.o(.revsh_text), (4 bytes).
    Removing delay.o(.rrx_text), (6 bytes).
    Removing usart.o(.rev16_text), (4 bytes).
    Removing usart.o(.revsh_text), (4 bytes).
    Removing usart.o(.rrx_text), (6 bytes).
    Removing usart.o(i.USART1_Config), (116 bytes).
    Removing usart.o(i.USART1_Pins_Config), (120 bytes).
    Removing usart.o(i.USART1_getc), (28 bytes).
    Removing usart.o(i.USART1_putc), (28 bytes).
    Removing usart.o(i.USART2_getc), (28 bytes).
    Removing retarget.o(i._ttywrch), (12 bytes).
    Removing retarget.o(i.fgetc), (10 bytes).
    Removing main.o(.rev16_text), (4 bytes).
    Removing main.o(.revsh_text), (4 bytes).
    Removing main.o(.rrx_text), (6 bytes).
    Removing adc.o(.rev16_text), (4 bytes).
    Removing adc.o(.revsh_text), (4 bytes).
    Removing adc.o(.rrx_text), (6 bytes).
    Removing adc.o(i.ADC_Disable), (66 bytes).
    Removing system_stm32l4xx.o(.rev16_text), (4 bytes).
    Removing system_stm32l4xx.o(.revsh_text), (4 bytes).
    Removing system_stm32l4xx.o(.rrx_text), (6 bytes).

28 unused section(s) (total 804 bytes) removed from the image.

==============================================================================

Image Symbol Table

    Local Symbols

    Symbol Name                              Value     Ov Type        Size  Object(Section)

    ../clib/angel/boardlib.s                 0x00000000   Number         0  boardshut.o ABSOLUTE
    ../clib/angel/boardlib.s                 0x00000000   Number         0  boardinit1.o ABSOLUTE
    ../clib/angel/boardlib.s                 0x00000000   Number         0  boardinit2.o ABSOLUTE
    ../clib/angel/boardlib.s                 0x00000000   Number         0  boardinit3.o ABSOLUTE
    ../clib/angel/handlers.s                 0x00000000   Number         0  __scatter_zi.o ABSOLUTE
    ../clib/angel/handlers.s                 0x00000000   Number         0  __scatter_copy.o ABSOLUTE
    ../clib/angel/kernel.s                   0x00000000   Number         0  rtexit.o ABSOLUTE
    ../clib/angel/kernel.s                   0x00000000   Number         0  __rtentry4.o ABSOLUTE
    ../clib/angel/kernel.s                   0x00000000   Number         0  rtexit2.o ABSOLUTE
    ../clib/angel/kernel.s                   0x00000000   Number         0  __rtentry2.o ABSOLUTE
    ../clib/angel/kernel.s                   0x00000000   Number         0  __rtentry.o ABSOLUTE
    ../clib/angel/rt.s                       0x00000000   Number         0  rt_raise.o ABSOLUTE
    ../clib/angel/scatter.s                  0x00000000   Number         0  __scatter.o ABSOLUTE
    ../clib/angel/startup.s                  0x00000000   Number         0  __main.o ABSOLUTE
    ../clib/angel/sys.s                      0x00000000   Number         0  indicate_semi.o ABSOLUTE
    ../clib/angel/sys.s                      0x00000000   Number         0  use_no_semi.o ABSOLUTE
    ../clib/angel/sys.s                      0x00000000   Number         0  sys_stackheap_outer.o ABSOLUTE
    ../clib/angel/sys.s                      0x00000000   Number         0  libspace.o ABSOLUTE
    ../clib/angel/sysapp.c                   0x00000000   Number         0  sys_command.o ABSOLUTE
    ../clib/armsys.c                         0x00000000   Number         0  argv_veneer.o ABSOLUTE
    ../clib/armsys.c                         0x00000000   Number         0  no_argv.o ABSOLUTE
    ../clib/armsys.c                         0x00000000   Number         0  _get_argv_nomalloc.o ABSOLUTE
    ../clib/armsys.c                         0x00000000   Number         0  argv_veneer.o ABSOLUTE
    ../clib/heapalloc.c                      0x00000000   Number         0  hrguard.o ABSOLUTE
    ../clib/heapaux.c                        0x00000000   Number         0  heapauxi.o ABSOLUTE
    ../clib/libinit.s                        0x00000000   Number         0  libshutdown2.o ABSOLUTE
    ../clib/libinit.s                        0x00000000   Number         0  libinit2.o ABSOLUTE
    ../clib/libinit.s                        0x00000000   Number         0  libshutdown.o ABSOLUTE
    ../clib/libinit.s                        0x00000000   Number         0  libinit.o ABSOLUTE
    ../clib/printf.c                         0x00000000   Number         0  __printf_wp.o ABSOLUTE
    ../clib/printf.c                         0x00000000   Number         0  noretval__2printf.o ABSOLUTE
    ../clib/printf.c                         0x00000000   Number         0  _printf_char_common.o ABSOLUTE
    ../clib/printf.c                         0x00000000   Number         0  __printf.o ABSOLUTE
    ../clib/printf.c                         0x00000000   Number         0  _printf_dec.o ABSOLUTE
    ../clib/printf.c                         0x00000000   Number         0  __printf_flags.o ABSOLUTE
    ../clib/printf.c                         0x00000000   Number         0  __printf_ss.o ABSOLUTE
    ../clib/printf.c                         0x00000000   Number         0  __printf_flags_ss.o ABSOLUTE
    ../clib/printf.c                         0x00000000   Number         0  __2printf.o ABSOLUTE
    ../clib/printf.c                         0x00000000   Number         0  __printf_flags_wp.o ABSOLUTE
    ../clib/printf.c                         0x00000000   Number         0  __printf_ss_wp.o ABSOLUTE
    ../clib/printf.c                         0x00000000   Number         0  __printf_flags_ss_wp.o ABSOLUTE
    ../clib/printf.c                         0x00000000   Number         0  _printf_intcommon.o ABSOLUTE
    ../clib/printf.c                         0x00000000   Number         0  _printf_char_file.o ABSOLUTE
    ../clib/printf.c                         0x00000000   Number         0  __printf_nopercent.o ABSOLUTE
    ../clib/printf_percent.s                 0x00000000   Number         0  _printf_percent.o ABSOLUTE
    ../clib/printf_percent.s                 0x00000000   Number         0  _printf_d.o ABSOLUTE
    ../clib/printf_percent.s                 0x00000000   Number         0  _printf_percent_end.o ABSOLUTE
    ../clib/signal.c                         0x00000000   Number         0  defsig_pvfn_inner.o ABSOLUTE
    ../clib/signal.c                         0x00000000   Number         0  defsig_exit.o ABSOLUTE
    ../clib/signal.c                         0x00000000   Number         0  defsig_abrt_inner.o ABSOLUTE
    ../clib/signal.c                         0x00000000   Number         0  defsig_rtmem_formal.o ABSOLUTE
    ../clib/signal.c                         0x00000000   Number         0  defsig_other.o ABSOLUTE
    ../clib/signal.c                         0x00000000   Number         0  defsig_segv_inner.o ABSOLUTE
    ../clib/signal.c                         0x00000000   Number         0  defsig_cppl_inner.o ABSOLUTE
    ../clib/signal.c                         0x00000000   Number         0  defsig_stak_inner.o ABSOLUTE
    ../clib/signal.c                         0x00000000   Number         0  defsig_rtred_inner.o ABSOLUTE
    ../clib/signal.c                         0x00000000   Number         0  defsig_general.o ABSOLUTE
    ../clib/signal.c                         0x00000000   Number         0  __raise.o ABSOLUTE
    ../clib/signal.c                         0x00000000   Number         0  defsig_rtmem_inner.o ABSOLUTE
    ../clib/signal.c                         0x00000000   Number         0  defsig_rtmem_outer.o ABSOLUTE
    ../clib/signal.c                         0x00000000   Number         0  defsig_fpe_inner.o ABSOLUTE
    ../clib/signal.s                         0x00000000   Number         0  defsig.o ABSOLUTE
    ../clib/stdlib.c                         0x00000000   Number         0  exit.o ABSOLUTE
    ../fplib/fpinit.s                        0x00000000   Number         0  fpinit.o ABSOLUTE
    ADC.c                                    0x00000000   Number         0  adc.o ABSOLUTE
    ADC.c                                    0x00000000   Number         0  adc.o ABSOLUTE
    Delay.c                                  0x00000000   Number         0  delay.o ABSOLUTE
    Delay.c                                  0x00000000   Number         0  delay.o ABSOLUTE
    RCC.c                                    0x00000000   Number         0  rcc.o ABSOLUTE
    RCC.c                                    0x00000000   Number         0  rcc.o ABSOLUTE
    RTE\Device\STM32L412KBUx\startup_stm32l412xx.s 0x00000000   Number         0  startup_stm32l412xx.o ABSOLUTE
    RTE\Device\STM32L412KBUx\system_stm32l4xx.c 0x00000000   Number         0  system_stm32l4xx.o ABSOLUTE
    RTE\\Device\\STM32L412KBUx\\system_stm32l4xx.c 0x00000000   Number         0  system_stm32l4xx.o ABSOLUTE
    USART.c                                  0x00000000   Number         0  usart.o ABSOLUTE
    USART.c                                  0x00000000   Number         0  usart.o ABSOLUTE
    dc.s                                     0x00000000   Number         0  dc.o ABSOLUTE
    main.c                                   0x00000000   Number         0  main.o ABSOLUTE
    main.c                                   0x00000000   Number         0  main.o ABSOLUTE
    retarget.c                               0x00000000   Number         0  retarget.o ABSOLUTE
    RESET                                    0x08000000   Section      396  startup_stm32l412xx.o(RESET)
    !!!main                                  0x0800018c   Section        8  __main.o(!!!main)
    !!!scatter                               0x08000194   Section       52  __scatter.o(!!!scatter)
    !!handler_copy                           0x080001c8   Section       26  __scatter_copy.o(!!handler_copy)
    !!handler_zi                             0x080001e4   Section       28  __scatter_zi.o(!!handler_zi)
    .ARM.Collect$$_printf_percent$$00000000  0x08000200   Section        0  _printf_percent.o(.ARM.Collect$$_printf_percent$$00000000)
    .ARM.Collect$$_printf_percent$$00000009  0x08000200   Section        6  _printf_d.o(.ARM.Collect$$_printf_percent$$00000009)
    .ARM.Collect$$_printf_percent$$00000017  0x08000206   Section        4  _printf_percent_end.o(.ARM.Collect$$_printf_percent$$00000017)
    .ARM.Collect$$libinit$$00000000          0x0800020a   Section        2  libinit.o(.ARM.Collect$$libinit$$00000000)
    .ARM.Collect$$libinit$$00000001          0x0800020c   Section        4  libinit2.o(.ARM.Collect$$libinit$$00000001)
    .ARM.Collect$$libinit$$00000004          0x08000210   Section        0  libinit2.o(.ARM.Collect$$libinit$$00000004)
    .ARM.Collect$$libinit$$0000000A          0x08000210   Section        0  libinit2.o(.ARM.Collect$$libinit$$0000000A)
    .ARM.Collect$$libinit$$0000000C          0x08000210   Section        0  libinit2.o(.ARM.Collect$$libinit$$0000000C)
    .ARM.Collect$$libinit$$0000000E          0x08000210   Section        0  libinit2.o(.ARM.Collect$$libinit$$0000000E)
    .ARM.Collect$$libinit$$00000011          0x08000210   Section        0  libinit2.o(.ARM.Collect$$libinit$$00000011)
    .ARM.Collect$$libinit$$00000013          0x08000210   Section        0  libinit2.o(.ARM.Collect$$libinit$$00000013)
    .ARM.Collect$$libinit$$00000015          0x08000210   Section        0  libinit2.o(.ARM.Collect$$libinit$$00000015)
    .ARM.Collect$$libinit$$00000017          0x08000210   Section        0  libinit2.o(.ARM.Collect$$libinit$$00000017)
    .ARM.Collect$$libinit$$00000019          0x08000210   Section        0  libinit2.o(.ARM.Collect$$libinit$$00000019)
    .ARM.Collect$$libinit$$0000001B          0x08000210   Section        0  libinit2.o(.ARM.Collect$$libinit$$0000001B)
    .ARM.Collect$$libinit$$0000001D          0x08000210   Section        0  libinit2.o(.ARM.Collect$$libinit$$0000001D)
    .ARM.Collect$$libinit$$0000001F          0x08000210   Section        0  libinit2.o(.ARM.Collect$$libinit$$0000001F)
    .ARM.Collect$$libinit$$00000021          0x08000210   Section        0  libinit2.o(.ARM.Collect$$libinit$$00000021)
    .ARM.Collect$$libinit$$00000023          0x08000210   Section        0  libinit2.o(.ARM.Collect$$libinit$$00000023)
    .ARM.Collect$$libinit$$00000025          0x08000210   Section        0  libinit2.o(.ARM.Collect$$libinit$$00000025)
    .ARM.Collect$$libinit$$0000002C          0x08000210   Section        0  libinit2.o(.ARM.Collect$$libinit$$0000002C)
    .ARM.Collect$$libinit$$0000002E          0x08000210   Section        0  libinit2.o(.ARM.Collect$$libinit$$0000002E)
    .ARM.Collect$$libinit$$00000030          0x08000210   Section        0  libinit2.o(.ARM.Collect$$libinit$$00000030)
    .ARM.Collect$$libinit$$00000032          0x08000210   Section        0  libinit2.o(.ARM.Collect$$libinit$$00000032)
    .ARM.Collect$$libinit$$00000033          0x08000210   Section        2  libinit2.o(.ARM.Collect$$libinit$$00000033)
    .ARM.Collect$$libshutdown$$00000000      0x08000212   Section        2  libshutdown.o(.ARM.Collect$$libshutdown$$00000000)
    .ARM.Collect$$libshutdown$$00000002      0x08000214   Section        0  libshutdown2.o(.ARM.Collect$$libshutdown$$00000002)
    .ARM.Collect$$libshutdown$$00000004      0x08000214   Section        0  libshutdown2.o(.ARM.Collect$$libshutdown$$00000004)
    .ARM.Collect$$libshutdown$$00000007      0x08000214   Section        0  libshutdown2.o(.ARM.Collect$$libshutdown$$00000007)
    .ARM.Collect$$libshutdown$$0000000A      0x08000214   Section        0  libshutdown2.o(.ARM.Collect$$libshutdown$$0000000A)
    .ARM.Collect$$libshutdown$$0000000C      0x08000214   Section        0  libshutdown2.o(.ARM.Collect$$libshutdown$$0000000C)
    .ARM.Collect$$libshutdown$$0000000F      0x08000214   Section        0  libshutdown2.o(.ARM.Collect$$libshutdown$$0000000F)
    .ARM.Collect$$libshutdown$$00000010      0x08000214   Section        2  libshutdown2.o(.ARM.Collect$$libshutdown$$00000010)
    .ARM.Collect$$rtentry$$00000000          0x08000216   Section        0  __rtentry.o(.ARM.Collect$$rtentry$$00000000)
    .ARM.Collect$$rtentry$$00000002          0x08000216   Section        0  __rtentry2.o(.ARM.Collect$$rtentry$$00000002)
    .ARM.Collect$$rtentry$$00000004          0x08000216   Section        6  __rtentry4.o(.ARM.Collect$$rtentry$$00000004)
    .ARM.Collect$$rtentry$$00000009          0x0800021c   Section        0  __rtentry2.o(.ARM.Collect$$rtentry$$00000009)
    .ARM.Collect$$rtentry$$0000000A          0x0800021c   Section        4  __rtentry2.o(.ARM.Collect$$rtentry$$0000000A)
    .ARM.Collect$$rtentry$$0000000C          0x08000220   Section        0  __rtentry2.o(.ARM.Collect$$rtentry$$0000000C)
    .ARM.Collect$$rtentry$$0000000D          0x08000220   Section        8  __rtentry2.o(.ARM.Collect$$rtentry$$0000000D)
    .ARM.Collect$$rtexit$$00000000           0x08000228   Section        2  rtexit.o(.ARM.Collect$$rtexit$$00000000)
    .ARM.Collect$$rtexit$$00000002           0x0800022a   Section        0  rtexit2.o(.ARM.Collect$$rtexit$$00000002)
    .ARM.Collect$$rtexit$$00000003           0x0800022a   Section        4  rtexit2.o(.ARM.Collect$$rtexit$$00000003)
    .ARM.Collect$$rtexit$$00000004           0x0800022e   Section        6  rtexit2.o(.ARM.Collect$$rtexit$$00000004)
    .text                                    0x08000234   Section       64  startup_stm32l412xx.o(.text)
    $v0                                      0x08000234   Number         0  startup_stm32l412xx.o(.text)
    .text                                    0x08000274   Section        2  use_no_semi.o(.text)
    .text                                    0x08000278   Section        0  noretval__2printf.o(.text)
    .text                                    0x08000290   Section        0  __printf.o(.text)
    .text                                    0x080002f8   Section        0  _printf_dec.o(.text)
    .text                                    0x08000370   Section        0  heapauxi.o(.text)
    .text                                    0x08000376   Section        0  _printf_intcommon.o(.text)
    .text                                    0x08000428   Section        0  _printf_char_file.o(.text)
    .text                                    0x0800044c   Section        0  _printf_char_common.o(.text)
    _printf_input_char                       0x0800044d   Thumb Code    10  _printf_char_common.o(.text)
    .text                                    0x0800047c   Section       74  sys_stackheap_outer.o(.text)
    .text                                    0x080004c6   Section        0  exit.o(.text)
    .text                                    0x080004d8   Section        8  libspace.o(.text)
    i.ADC1_Init                              0x080004e0   Section        0  adc.o(i.ADC1_Init)
    i.ADC_Calibration                        0x080005ac   Section        0  adc.o(i.ADC_Calibration)
    i.ADC_Enable                             0x080005e8   Section        0  adc.o(i.ADC_Enable)
    i.ADC_GetVal                             0x08000606   Section        0  adc.o(i.ADC_GetVal)
    i.Delay_Init                             0x08000634   Section        0  delay.o(i.Delay_Init)
    i.GetTick                                0x080006a0   Section        0  delay.o(i.GetTick)
    i.PLL_Config                             0x080006ac   Section        0  rcc.o(i.PLL_Config)
    i.SysTick_Handler                        0x08000798   Section        0  delay.o(i.SysTick_Handler)
    i.SystemCoreClockUpdate                  0x080007b4   Section        0  system_stm32l4xx.o(i.SystemCoreClockUpdate)
    i.SystemInit                             0x080008a0   Section        0  system_stm32l4xx.o(i.SystemInit)
    i.USART2_Config                          0x080008f0   Section        0  usart.o(i.USART2_Config)
    i.USART2_Pins_Config                     0x08000964   Section        0  usart.o(i.USART2_Pins_Config)
    USART2_Pins_Config                       0x08000965   Thumb Code   154  usart.o(i.USART2_Pins_Config)
    i.USART2_putc                            0x08000a0c   Section        0  usart.o(i.USART2_putc)
    i.__NVIC_EnableIRQ                       0x08000a28   Section        0  usart.o(i.__NVIC_EnableIRQ)
    __NVIC_EnableIRQ                         0x08000a29   Thumb Code    34  usart.o(i.__NVIC_EnableIRQ)
    i.__NVIC_SetPriority                     0x08000a4c   Section        0  usart.o(i.__NVIC_SetPriority)
    __NVIC_SetPriority                       0x08000a4d   Thumb Code    32  usart.o(i.__NVIC_SetPriority)
    i._sys_exit                              0x08000a74   Section        0  retarget.o(i._sys_exit)
    i.delay_ms                               0x08000a78   Section        0  delay.o(i.delay_ms)
    i.ferror                                 0x08000a92   Section        0  retarget.o(i.ferror)
    i.fputc                                  0x08000a9a   Section        0  retarget.o(i.fputc)
    i.main                                   0x08000aac   Section        0  main.o(i.main)
    i.setUSARTDIV                            0x08000b68   Section        0  usart.o(i.setUSARTDIV)
    setUSARTDIV                              0x08000b69   Thumb Code    44  usart.o(i.setUSARTDIV)
    x$fpl$fpinit                             0x08000b94   Section       10  fpinit.o(x$fpl$fpinit)
    $v0                                      0x08000b94   Number         0  fpinit.o(x$fpl$fpinit)
    .constdata                               0x08000ba0   Section       72  system_stm32l4xx.o(.constdata)
    .data                                    0x20000000   Section        4  delay.o(.data)
    .data                                    0x20000004   Section        8  retarget.o(.data)
    .data                                    0x2000000c   Section        6  main.o(.data)
    .data                                    0x20000014   Section        4  system_stm32l4xx.o(.data)
    .bss                                     0x20000018   Section       96  libspace.o(.bss)
    HEAP                                     0x20000078   Section      512  startup_stm32l412xx.o(HEAP)
    Heap_Mem                                 0x20000078   Data         512  startup_stm32l412xx.o(HEAP)
    STACK                                    0x20000278   Section     1024  startup_stm32l412xx.o(STACK)
    Stack_Mem                                0x20000278   Data        1024  startup_stm32l412xx.o(STACK)
    __initial_sp                             0x20000678   Data           0  startup_stm32l412xx.o(STACK)

    Global Symbols

    Symbol Name                              Value     Ov Type        Size  Object(Section)

    BuildAttributes$$THM_ISAv4$E$P$D$K$B$S$7EM$VFPi3$EXTD16$VFPS$VFMA$PE$A:L22UL41UL21$X:L11$S22US41US21$IEEE1$IW$USESV6$~STKCKD$USESV7$~SHL$OSPACE$ROPI$EBA8$UX$STANDARDLIB$REQ8$PRES8$EABIv2 0x00000000   Number         0  anon$$obj.o ABSOLUTE
    __ARM_use_no_argv                        0x00000000   Number         0  main.o ABSOLUTE
    __ARM_exceptions_init                     - Undefined Weak Reference
    __alloca_initialize                       - Undefined Weak Reference
    __arm_preinit_                            - Undefined Weak Reference
    __cpp_initialize__aeabi_                  - Undefined Weak Reference
    __cxa_finalize                            - Undefined Weak Reference
    __rt_locale                               - Undefined Weak Reference
    __sigvec_lookup                           - Undefined Weak Reference
    _atexit_init                              - Undefined Weak Reference
    _call_atexit_fns                          - Undefined Weak Reference
    _clock_init                               - Undefined Weak Reference
    _fp_trap_init                             - Undefined Weak Reference
    _fp_trap_shutdown                         - Undefined Weak Reference
    _get_lc_collate                           - Undefined Weak Reference
    _get_lc_ctype                             - Undefined Weak Reference
    _get_lc_monetary                          - Undefined Weak Reference
    _get_lc_numeric                           - Undefined Weak Reference
    _get_lc_time                              - Undefined Weak Reference
    _getenv_init                              - Undefined Weak Reference
    _handle_redirection                       - Undefined Weak Reference
    _init_alloc                               - Undefined Weak Reference
    _init_user_alloc                          - Undefined Weak Reference
    _initio                                   - Undefined Weak Reference
    _printf_post_padding                      - Undefined Weak Reference
    _printf_pre_padding                       - Undefined Weak Reference
    _printf_truncate_signed                   - Undefined Weak Reference
    _printf_truncate_unsigned                 - Undefined Weak Reference
    _rand_init                                - Undefined Weak Reference
    _signal_finish                            - Undefined Weak Reference
    _signal_init                              - Undefined Weak Reference
    _terminate_alloc                          - Undefined Weak Reference
    _terminate_user_alloc                     - Undefined Weak Reference
    _terminateio                              - Undefined Weak Reference
    __Vectors_Size                           0x0000018c   Number         0  startup_stm32l412xx.o ABSOLUTE
    __Vectors                                0x08000000   Data           4  startup_stm32l412xx.o(RESET)
    __Vectors_End                            0x0800018c   Data           0  startup_stm32l412xx.o(RESET)
    __main                                   0x0800018d   Thumb Code     8  __main.o(!!!main)
    __scatterload                            0x08000195   Thumb Code     0  __scatter.o(!!!scatter)
    __scatterload_rt2                        0x08000195   Thumb Code    44  __scatter.o(!!!scatter)
    __scatterload_rt2_thumb_only             0x08000195   Thumb Code     0  __scatter.o(!!!scatter)
    __scatterload_null                       0x080001a3   Thumb Code     0  __scatter.o(!!!scatter)
    __scatterload_copy                       0x080001c9   Thumb Code    26  __scatter_copy.o(!!handler_copy)
    __scatterload_zeroinit                   0x080001e5   Thumb Code    28  __scatter_zi.o(!!handler_zi)
    _printf_d                                0x08000201   Thumb Code     0  _printf_d.o(.ARM.Collect$$_printf_percent$$00000009)
    _printf_percent                          0x08000201   Thumb Code     0  _printf_percent.o(.ARM.Collect$$_printf_percent$$00000000)
    _printf_percent_end                      0x08000207   Thumb Code     0  _printf_percent_end.o(.ARM.Collect$$_printf_percent$$00000017)
    __rt_lib_init                            0x0800020b   Thumb Code     0  libinit.o(.ARM.Collect$$libinit$$00000000)
    __rt_lib_init_fp_1                       0x0800020d   Thumb Code     0  libinit2.o(.ARM.Collect$$libinit$$00000001)
    __rt_lib_init_alloca_1                   0x08000211   Thumb Code     0  libinit2.o(.ARM.Collect$$libinit$$0000002E)
    __rt_lib_init_argv_1                     0x08000211   Thumb Code     0  libinit2.o(.ARM.Collect$$libinit$$0000002C)
    __rt_lib_init_atexit_1                   0x08000211   Thumb Code     0  libinit2.o(.ARM.Collect$$libinit$$0000001B)
    __rt_lib_init_clock_1                    0x08000211   Thumb Code     0  libinit2.o(.ARM.Collect$$libinit$$00000021)
    __rt_lib_init_cpp_1                      0x08000211   Thumb Code     0  libinit2.o(.ARM.Collect$$libinit$$00000032)
    __rt_lib_init_exceptions_1               0x08000211   Thumb Code     0  libinit2.o(.ARM.Collect$$libinit$$00000030)
    __rt_lib_init_fp_trap_1                  0x08000211   Thumb Code     0  libinit2.o(.ARM.Collect$$libinit$$0000001F)
    __rt_lib_init_getenv_1                   0x08000211   Thumb Code     0  libinit2.o(.ARM.Collect$$libinit$$00000023)
    __rt_lib_init_heap_1                     0x08000211   Thumb Code     0  libinit2.o(.ARM.Collect$$libinit$$0000000A)
    __rt_lib_init_lc_collate_1               0x08000211   Thumb Code     0  libinit2.o(.ARM.Collect$$libinit$$00000011)
    __rt_lib_init_lc_ctype_1                 0x08000211   Thumb Code     0  libinit2.o(.ARM.Collect$$libinit$$00000013)
    __rt_lib_init_lc_monetary_1              0x08000211   Thumb Code     0  libinit2.o(.ARM.Collect$$libinit$$00000015)
    __rt_lib_init_lc_numeric_1               0x08000211   Thumb Code     0  libinit2.o(.ARM.Collect$$libinit$$00000017)
    __rt_lib_init_lc_time_1                  0x08000211   Thumb Code     0  libinit2.o(.ARM.Collect$$libinit$$00000019)
    __rt_lib_init_preinit_1                  0x08000211   Thumb Code     0  libinit2.o(.ARM.Collect$$libinit$$00000004)
    __rt_lib_init_rand_1                     0x08000211   Thumb Code     0  libinit2.o(.ARM.Collect$$libinit$$0000000E)
    __rt_lib_init_return                     0x08000211   Thumb Code     0  libinit2.o(.ARM.Collect$$libinit$$00000033)
    __rt_lib_init_signal_1                   0x08000211   Thumb Code     0  libinit2.o(.ARM.Collect$$libinit$$0000001D)
    __rt_lib_init_stdio_1                    0x08000211   Thumb Code     0  libinit2.o(.ARM.Collect$$libinit$$00000025)
    __rt_lib_init_user_alloc_1               0x08000211   Thumb Code     0  libinit2.o(.ARM.Collect$$libinit$$0000000C)
    __rt_lib_shutdown                        0x08000213   Thumb Code     0  libshutdown.o(.ARM.Collect$$libshutdown$$00000000)
    __rt_lib_shutdown_cpp_1                  0x08000215   Thumb Code     0  libshutdown2.o(.ARM.Collect$$libshutdown$$00000002)
    __rt_lib_shutdown_fp_trap_1              0x08000215   Thumb Code     0  libshutdown2.o(.ARM.Collect$$libshutdown$$00000007)
    __rt_lib_shutdown_heap_1                 0x08000215   Thumb Code     0  libshutdown2.o(.ARM.Collect$$libshutdown$$0000000F)
    __rt_lib_shutdown_return                 0x08000215   Thumb Code     0  libshutdown2.o(.ARM.Collect$$libshutdown$$00000010)
    __rt_lib_shutdown_signal_1               0x08000215   Thumb Code     0  libshutdown2.o(.ARM.Collect$$libshutdown$$0000000A)
    __rt_lib_shutdown_stdio_1                0x08000215   Thumb Code     0  libshutdown2.o(.ARM.Collect$$libshutdown$$00000004)
    __rt_lib_shutdown_user_alloc_1           0x08000215   Thumb Code     0  libshutdown2.o(.ARM.Collect$$libshutdown$$0000000C)
    __rt_entry                               0x08000217   Thumb Code     0  __rtentry.o(.ARM.Collect$$rtentry$$00000000)
    __rt_entry_presh_1                       0x08000217   Thumb Code     0  __rtentry2.o(.ARM.Collect$$rtentry$$00000002)
    __rt_entry_sh                            0x08000217   Thumb Code     0  __rtentry4.o(.ARM.Collect$$rtentry$$00000004)
    __rt_entry_li                            0x0800021d   Thumb Code     0  __rtentry2.o(.ARM.Collect$$rtentry$$0000000A)
    __rt_entry_postsh_1                      0x0800021d   Thumb Code     0  __rtentry2.o(.ARM.Collect$$rtentry$$00000009)
    __rt_entry_main                          0x08000221   Thumb Code     0  __rtentry2.o(.ARM.Collect$$rtentry$$0000000D)
    __rt_entry_postli_1                      0x08000221   Thumb Code     0  __rtentry2.o(.ARM.Collect$$rtentry$$0000000C)
    __rt_exit                                0x08000229   Thumb Code     0  rtexit.o(.ARM.Collect$$rtexit$$00000000)
    __rt_exit_ls                             0x0800022b   Thumb Code     0  rtexit2.o(.ARM.Collect$$rtexit$$00000003)
    __rt_exit_prels_1                        0x0800022b   Thumb Code     0  rtexit2.o(.ARM.Collect$$rtexit$$00000002)
    __rt_exit_exit                           0x0800022f   Thumb Code     0  rtexit2.o(.ARM.Collect$$rtexit$$00000004)
    Reset_Handler                            0x08000235   Thumb Code     8  startup_stm32l412xx.o(.text)
    NMI_Handler                              0x0800023d   Thumb Code     2  startup_stm32l412xx.o(.text)
    HardFault_Handler                        0x0800023f   Thumb Code     2  startup_stm32l412xx.o(.text)
    MemManage_Handler                        0x08000241   Thumb Code     2  startup_stm32l412xx.o(.text)
    BusFault_Handler                         0x08000243   Thumb Code     2  startup_stm32l412xx.o(.text)
    UsageFault_Handler                       0x08000245   Thumb Code     2  startup_stm32l412xx.o(.text)
    SVC_Handler                              0x08000247   Thumb Code     2  startup_stm32l412xx.o(.text)
    DebugMon_Handler                         0x08000249   Thumb Code     2  startup_stm32l412xx.o(.text)
    PendSV_Handler                           0x0800024b   Thumb Code     2  startup_stm32l412xx.o(.text)
    ADC1_2_IRQHandler                        0x0800024f   Thumb Code     0  startup_stm32l412xx.o(.text)
    COMP_IRQHandler                          0x0800024f   Thumb Code     0  startup_stm32l412xx.o(.text)
    CRS_IRQHandler                           0x0800024f   Thumb Code     0  startup_stm32l412xx.o(.text)
    DMA1_Channel1_IRQHandler                 0x0800024f   Thumb Code     0  startup_stm32l412xx.o(.text)
    DMA1_Channel2_IRQHandler                 0x0800024f   Thumb Code     0  startup_stm32l412xx.o(.text)
    DMA1_Channel3_IRQHandler                 0x0800024f   Thumb Code     0  startup_stm32l412xx.o(.text)
    DMA1_Channel4_IRQHandler                 0x0800024f   Thumb Code     0  startup_stm32l412xx.o(.text)
    DMA1_Channel5_IRQHandler                 0x0800024f   Thumb Code     0  startup_stm32l412xx.o(.text)
    DMA1_Channel6_IRQHandler                 0x0800024f   Thumb Code     0  startup_stm32l412xx.o(.text)
    DMA1_Channel7_IRQHandler                 0x0800024f   Thumb Code     0  startup_stm32l412xx.o(.text)
    DMA2_Channel1_IRQHandler                 0x0800024f   Thumb Code     0  startup_stm32l412xx.o(.text)
    DMA2_Channel2_IRQHandler                 0x0800024f   Thumb Code     0  startup_stm32l412xx.o(.text)
    DMA2_Channel3_IRQHandler                 0x0800024f   Thumb Code     0  startup_stm32l412xx.o(.text)
    DMA2_Channel4_IRQHandler                 0x0800024f   Thumb Code     0  startup_stm32l412xx.o(.text)
    DMA2_Channel5_IRQHandler                 0x0800024f   Thumb Code     0  startup_stm32l412xx.o(.text)
    DMA2_Channel6_IRQHandler                 0x0800024f   Thumb Code     0  startup_stm32l412xx.o(.text)
    DMA2_Channel7_IRQHandler                 0x0800024f   Thumb Code     0  startup_stm32l412xx.o(.text)
    EXTI0_IRQHandler                         0x0800024f   Thumb Code     0  startup_stm32l412xx.o(.text)
    EXTI15_10_IRQHandler                     0x0800024f   Thumb Code     0  startup_stm32l412xx.o(.text)
    EXTI1_IRQHandler                         0x0800024f   Thumb Code     0  startup_stm32l412xx.o(.text)
    EXTI2_IRQHandler                         0x0800024f   Thumb Code     0  startup_stm32l412xx.o(.text)
    EXTI3_IRQHandler                         0x0800024f   Thumb Code     0  startup_stm32l412xx.o(.text)
    EXTI4_IRQHandler                         0x0800024f   Thumb Code     0  startup_stm32l412xx.o(.text)
    EXTI9_5_IRQHandler                       0x0800024f   Thumb Code     0  startup_stm32l412xx.o(.text)
    FLASH_IRQHandler                         0x0800024f   Thumb Code     0  startup_stm32l412xx.o(.text)
    FPU_IRQHandler                           0x0800024f   Thumb Code     0  startup_stm32l412xx.o(.text)
    I2C1_ER_IRQHandler                       0x0800024f   Thumb Code     0  startup_stm32l412xx.o(.text)
    I2C1_EV_IRQHandler                       0x0800024f   Thumb Code     0  startup_stm32l412xx.o(.text)
    I2C2_ER_IRQHandler                       0x0800024f   Thumb Code     0  startup_stm32l412xx.o(.text)
    I2C2_EV_IRQHandler                       0x0800024f   Thumb Code     0  startup_stm32l412xx.o(.text)
    I2C3_ER_IRQHandler                       0x0800024f   Thumb Code     0  startup_stm32l412xx.o(.text)
    I2C3_EV_IRQHandler                       0x0800024f   Thumb Code     0  startup_stm32l412xx.o(.text)
    LPTIM1_IRQHandler                        0x0800024f   Thumb Code     0  startup_stm32l412xx.o(.text)
    LPTIM2_IRQHandler                        0x0800024f   Thumb Code     0  startup_stm32l412xx.o(.text)
    LPUART1_IRQHandler                       0x0800024f   Thumb Code     0  startup_stm32l412xx.o(.text)
    PVD_PVM_IRQHandler                       0x0800024f   Thumb Code     0  startup_stm32l412xx.o(.text)
    QUADSPI_IRQHandler                       0x0800024f   Thumb Code     0  startup_stm32l412xx.o(.text)
    RCC_IRQHandler                           0x0800024f   Thumb Code     0  startup_stm32l412xx.o(.text)
    RNG_IRQHandler                           0x0800024f   Thumb Code     0  startup_stm32l412xx.o(.text)
    RTC_Alarm_IRQHandler                     0x0800024f   Thumb Code     0  startup_stm32l412xx.o(.text)
    RTC_WKUP_IRQHandler                      0x0800024f   Thumb Code     0  startup_stm32l412xx.o(.text)
    SPI1_IRQHandler                          0x0800024f   Thumb Code     0  startup_stm32l412xx.o(.text)
    SPI2_IRQHandler                          0x0800024f   Thumb Code     0  startup_stm32l412xx.o(.text)
    TAMP_STAMP_IRQHandler                    0x0800024f   Thumb Code     0  startup_stm32l412xx.o(.text)
    TIM1_BRK_TIM15_IRQHandler                0x0800024f   Thumb Code     0  startup_stm32l412xx.o(.text)
    TIM1_CC_IRQHandler                       0x0800024f   Thumb Code     0  startup_stm32l412xx.o(.text)
    TIM1_TRG_COM_IRQHandler                  0x0800024f   Thumb Code     0  startup_stm32l412xx.o(.text)
    TIM1_UP_TIM16_IRQHandler                 0x0800024f   Thumb Code     0  startup_stm32l412xx.o(.text)
    TIM2_IRQHandler                          0x0800024f   Thumb Code     0  startup_stm32l412xx.o(.text)
    TIM6_IRQHandler                          0x0800024f   Thumb Code     0  startup_stm32l412xx.o(.text)
    TSC_IRQHandler                           0x0800024f   Thumb Code     0  startup_stm32l412xx.o(.text)
    USART1_IRQHandler                        0x0800024f   Thumb Code     0  startup_stm32l412xx.o(.text)
    USART2_IRQHandler                        0x0800024f   Thumb Code     0  startup_stm32l412xx.o(.text)
    USART3_IRQHandler                        0x0800024f   Thumb Code     0  startup_stm32l412xx.o(.text)
    USB_IRQHandler                           0x0800024f   Thumb Code     0  startup_stm32l412xx.o(.text)
    WWDG_IRQHandler                          0x0800024f   Thumb Code     0  startup_stm32l412xx.o(.text)
    __user_initial_stackheap                 0x08000251   Thumb Code     0  startup_stm32l412xx.o(.text)
    __I$use$semihosting                      0x08000275   Thumb Code     0  use_no_semi.o(.text)
    __use_no_semihosting_swi                 0x08000275   Thumb Code     2  use_no_semi.o(.text)
    __2printf                                0x08000279   Thumb Code    20  noretval__2printf.o(.text)
    __printf                                 0x08000291   Thumb Code   104  __printf.o(.text)
    _printf_int_dec                          0x080002f9   Thumb Code   104  _printf_dec.o(.text)
    __use_two_region_memory                  0x08000371   Thumb Code     2  heapauxi.o(.text)
    __rt_heap_escrow$2region                 0x08000373   Thumb Code     2  heapauxi.o(.text)
    __rt_heap_expand$2region                 0x08000375   Thumb Code     2  heapauxi.o(.text)
    _printf_int_common                       0x08000377   Thumb Code   178  _printf_intcommon.o(.text)
    _printf_char_file                        0x08000429   Thumb Code    32  _printf_char_file.o(.text)
    _printf_char_common                      0x08000457   Thumb Code    32  _printf_char_common.o(.text)
    __user_setup_stackheap                   0x0800047d   Thumb Code    74  sys_stackheap_outer.o(.text)
    exit                                     0x080004c7   Thumb Code    18  exit.o(.text)
    __user_libspace                          0x080004d9   Thumb Code     8  libspace.o(.text)
    __user_perproc_libspace                  0x080004d9   Thumb Code     0  libspace.o(.text)
    __user_perthread_libspace                0x080004d9   Thumb Code     0  libspace.o(.text)
    ADC1_Init                                0x080004e1   Thumb Code   186  adc.o(i.ADC1_Init)
    ADC_Calibration                          0x080005ad   Thumb Code    60  adc.o(i.ADC_Calibration)
    ADC_Enable                               0x080005e9   Thumb Code    30  adc.o(i.ADC_Enable)
    ADC_GetVal                               0x08000607   Thumb Code    44  adc.o(i.ADC_GetVal)
    Delay_Init                               0x08000635   Thumb Code    94  delay.o(i.Delay_Init)
    GetTick                                  0x080006a1   Thumb Code     6  delay.o(i.GetTick)
    PLL_Config                               0x080006ad   Thumb Code   226  rcc.o(i.PLL_Config)
    SysTick_Handler                          0x08000799   Thumb Code    24  delay.o(i.SysTick_Handler)
    SystemCoreClockUpdate                    0x080007b5   Thumb Code   212  system_stm32l4xx.o(i.SystemCoreClockUpdate)
    SystemInit                               0x080008a1   Thumb Code    68  system_stm32l4xx.o(i.SystemInit)
    USART2_Config                            0x080008f1   Thumb Code   106  usart.o(i.USART2_Config)
    USART2_putc                              0x08000a0d   Thumb Code    22  usart.o(i.USART2_putc)
    _sys_exit                                0x08000a75   Thumb Code     4  retarget.o(i._sys_exit)
    delay_ms                                 0x08000a79   Thumb Code    26  delay.o(i.delay_ms)
    ferror                                   0x08000a93   Thumb Code     8  retarget.o(i.ferror)
    fputc                                    0x08000a9b   Thumb Code    16  retarget.o(i.fputc)
    main                                     0x08000aad   Thumb Code   108  main.o(i.main)
    _fp_init                                 0x08000b95   Thumb Code    10  fpinit.o(x$fpl$fpinit)
    __fplib_config_fpu_vfp                   0x08000b9d   Thumb Code     0  fpinit.o(x$fpl$fpinit)
    __fplib_config_pureend_doubles           0x08000b9d   Thumb Code     0  fpinit.o(x$fpl$fpinit)
    AHBPrescTable                            0x08000ba0   Data          16  system_stm32l4xx.o(.constdata)
    APBPrescTable                            0x08000bb0   Data           8  system_stm32l4xx.o(.constdata)
    MSIRangeTable                            0x08000bb8   Data          48  system_stm32l4xx.o(.constdata)
    Region$$Table$$Base                      0x08000be8   Number         0  anon$$obj.o(Region$$Table)
    Region$$Table$$Limit                     0x08000c08   Number         0  anon$$obj.o(Region$$Table)
    uwTick                                   0x20000000   Data           4  delay.o(.data)
    __stdout                                 0x20000004   Data           4  retarget.o(.data)
    __stdin                                  0x20000008   Data           4  retarget.o(.data)
    IN5                                      0x2000000c   Data           2  main.o(.data)
    IN6                                      0x2000000e   Data           2  main.o(.data)
    IN8                                      0x20000010   Data           2  main.o(.data)
    SystemCoreClock                          0x20000014   Data           4  system_stm32l4xx.o(.data)
    __libspace_start                         0x20000018   Data          96  libspace.o(.bss)
    __temporary_stack_top$libspace           0x20000078   Data           0  libspace.o(.bss)



==============================================================================

Memory Map of the image

  Image Entry point : 0x08000235

  Load Region LR_1 (Base: 0x08000000, Size: 0x00000c20, Max: 0xffffffff, ABSOLUTE)

    Execution Region ER_RO (Exec base: 0x08000000, Load base: 0x08000000, Size: 0x00000c08, Max: 0xffffffff, ABSOLUTE)

    Exec Addr    Load Addr    Size         Type   Attr      Idx    E Section Name        Object

    0x08000000   0x08000000   0x0000018c   Data   RO          345    RESET               startup_stm32l412xx.o
    0x0800018c   0x0800018c   0x00000008   Code   RO          423  * !!!main             c_w.l(__main.o)
    0x08000194   0x08000194   0x00000034   Code   RO          583    !!!scatter          c_w.l(__scatter.o)
    0x080001c8   0x080001c8   0x0000001a   Code   RO          585    !!handler_copy      c_w.l(__scatter_copy.o)
    0x080001e2   0x080001e2   0x00000002   PAD
    0x080001e4   0x080001e4   0x0000001c   Code   RO          587    !!handler_zi        c_w.l(__scatter_zi.o)
    0x08000200   0x08000200   0x00000000   Code   RO          420    .ARM.Collect$$_printf_percent$$00000000  c_w.l(_printf_percent.o)
    0x08000200   0x08000200   0x00000006   Code   RO          419    .ARM.Collect$$_printf_percent$$00000009  c_w.l(_printf_d.o)
    0x08000206   0x08000206   0x00000004   Code   RO          430    .ARM.Collect$$_printf_percent$$00000017  c_w.l(_printf_percent_end.o)
    0x0800020a   0x0800020a   0x00000002   Code   RO          459    .ARM.Collect$$libinit$$00000000  c_w.l(libinit.o)
    0x0800020c   0x0800020c   0x00000004   Code   RO          465    .ARM.Collect$$libinit$$00000001  c_w.l(libinit2.o)
    0x08000210   0x08000210   0x00000000   Code   RO          468    .ARM.Collect$$libinit$$00000004  c_w.l(libinit2.o)
    0x08000210   0x08000210   0x00000000   Code   RO          471    .ARM.Collect$$libinit$$0000000A  c_w.l(libinit2.o)
    0x08000210   0x08000210   0x00000000   Code   RO          473    .ARM.Collect$$libinit$$0000000C  c_w.l(libinit2.o)
    0x08000210   0x08000210   0x00000000   Code   RO          475    .ARM.Collect$$libinit$$0000000E  c_w.l(libinit2.o)
    0x08000210   0x08000210   0x00000000   Code   RO          478    .ARM.Collect$$libinit$$00000011  c_w.l(libinit2.o)
    0x08000210   0x08000210   0x00000000   Code   RO          480    .ARM.Collect$$libinit$$00000013  c_w.l(libinit2.o)
    0x08000210   0x08000210   0x00000000   Code   RO          482    .ARM.Collect$$libinit$$00000015  c_w.l(libinit2.o)
    0x08000210   0x08000210   0x00000000   Code   RO          484    .ARM.Collect$$libinit$$00000017  c_w.l(libinit2.o)
    0x08000210   0x08000210   0x00000000   Code   RO          486    .ARM.Collect$$libinit$$00000019  c_w.l(libinit2.o)
    0x08000210   0x08000210   0x00000000   Code   RO          488    .ARM.Collect$$libinit$$0000001B  c_w.l(libinit2.o)
    0x08000210   0x08000210   0x00000000   Code   RO          490    .ARM.Collect$$libinit$$0000001D  c_w.l(libinit2.o)
    0x08000210   0x08000210   0x00000000   Code   RO          492    .ARM.Collect$$libinit$$0000001F  c_w.l(libinit2.o)
    0x08000210   0x08000210   0x00000000   Code   RO          494    .ARM.Collect$$libinit$$00000021  c_w.l(libinit2.o)
    0x08000210   0x08000210   0x00000000   Code   RO          496    .ARM.Collect$$libinit$$00000023  c_w.l(libinit2.o)
    0x08000210   0x08000210   0x00000000   Code   RO          498    .ARM.Collect$$libinit$$00000025  c_w.l(libinit2.o)
    0x08000210   0x08000210   0x00000000   Code   RO          502    .ARM.Collect$$libinit$$0000002C  c_w.l(libinit2.o)
    0x08000210   0x08000210   0x00000000   Code   RO          504    .ARM.Collect$$libinit$$0000002E  c_w.l(libinit2.o)
    0x08000210   0x08000210   0x00000000   Code   RO          506    .ARM.Collect$$libinit$$00000030  c_w.l(libinit2.o)
    0x08000210   0x08000210   0x00000000   Code   RO          508    .ARM.Collect$$libinit$$00000032  c_w.l(libinit2.o)
    0x08000210   0x08000210   0x00000002   Code   RO          509    .ARM.Collect$$libinit$$00000033  c_w.l(libinit2.o)
    0x08000212   0x08000212   0x00000002   Code   RO          527    .ARM.Collect$$libshutdown$$00000000  c_w.l(libshutdown.o)
    0x08000214   0x08000214   0x00000000   Code   RO          537    .ARM.Collect$$libshutdown$$00000002  c_w.l(libshutdown2.o)
    0x08000214   0x08000214   0x00000000   Code   RO          539    .ARM.Collect$$libshutdown$$00000004  c_w.l(libshutdown2.o)
    0x08000214   0x08000214   0x00000000   Code   RO          542    .ARM.Collect$$libshutdown$$00000007  c_w.l(libshutdown2.o)
    0x08000214   0x08000214   0x00000000   Code   RO          545    .ARM.Collect$$libshutdown$$0000000A  c_w.l(libshutdown2.o)
    0x08000214   0x08000214   0x00000000   Code   RO          547    .ARM.Collect$$libshutdown$$0000000C  c_w.l(libshutdown2.o)
    0x08000214   0x08000214   0x00000000   Code   RO          550    .ARM.Collect$$libshutdown$$0000000F  c_w.l(libshutdown2.o)
    0x08000214   0x08000214   0x00000002   Code   RO          551    .ARM.Collect$$libshutdown$$00000010  c_w.l(libshutdown2.o)
    0x08000216   0x08000216   0x00000000   Code   RO          425    .ARM.Collect$$rtentry$$00000000  c_w.l(__rtentry.o)
    0x08000216   0x08000216   0x00000000   Code   RO          432    .ARM.Collect$$rtentry$$00000002  c_w.l(__rtentry2.o)
    0x08000216   0x08000216   0x00000006   Code   RO          444    .ARM.Collect$$rtentry$$00000004  c_w.l(__rtentry4.o)
    0x0800021c   0x0800021c   0x00000000   Code   RO          434    .ARM.Collect$$rtentry$$00000009  c_w.l(__rtentry2.o)
    0x0800021c   0x0800021c   0x00000004   Code   RO          435    .ARM.Collect$$rtentry$$0000000A  c_w.l(__rtentry2.o)
    0x08000220   0x08000220   0x00000000   Code   RO          437    .ARM.Collect$$rtentry$$0000000C  c_w.l(__rtentry2.o)
    0x08000220   0x08000220   0x00000008   Code   RO          438    .ARM.Collect$$rtentry$$0000000D  c_w.l(__rtentry2.o)
    0x08000228   0x08000228   0x00000002   Code   RO          463    .ARM.Collect$$rtexit$$00000000  c_w.l(rtexit.o)
    0x0800022a   0x0800022a   0x00000000   Code   RO          511    .ARM.Collect$$rtexit$$00000002  c_w.l(rtexit2.o)
    0x0800022a   0x0800022a   0x00000004   Code   RO          512    .ARM.Collect$$rtexit$$00000003  c_w.l(rtexit2.o)
    0x0800022e   0x0800022e   0x00000006   Code   RO          513    .ARM.Collect$$rtexit$$00000004  c_w.l(rtexit2.o)
    0x08000234   0x08000234   0x00000040   Code   RO          346  * .text               startup_stm32l412xx.o
    0x08000274   0x08000274   0x00000002   Code   RO          389    .text               c_w.l(use_no_semi.o)
    0x08000276   0x08000276   0x00000002   PAD
    0x08000278   0x08000278   0x00000018   Code   RO          393    .text               c_w.l(noretval__2printf.o)
    0x08000290   0x08000290   0x00000068   Code   RO          395    .text               c_w.l(__printf.o)
    0x080002f8   0x080002f8   0x00000078   Code   RO          397    .text               c_w.l(_printf_dec.o)
    0x08000370   0x08000370   0x00000006   Code   RO          421    .text               c_w.l(heapauxi.o)
    0x08000376   0x08000376   0x000000b2   Code   RO          426    .text               c_w.l(_printf_intcommon.o)
    0x08000428   0x08000428   0x00000024   Code   RO          428    .text               c_w.l(_printf_char_file.o)
    0x0800044c   0x0800044c   0x00000030   Code   RO          446    .text               c_w.l(_printf_char_common.o)
    0x0800047c   0x0800047c   0x0000004a   Code   RO          448    .text               c_w.l(sys_stackheap_outer.o)
    0x080004c6   0x080004c6   0x00000012   Code   RO          452    .text               c_w.l(exit.o)
    0x080004d8   0x080004d8   0x00000008   Code   RO          460    .text               c_w.l(libspace.o)
    0x080004e0   0x080004e0   0x000000cc   Code   RO          298    i.ADC1_Init         adc.o
    0x080005ac   0x080005ac   0x0000003c   Code   RO          299    i.ADC_Calibration   adc.o
    0x080005e8   0x080005e8   0x0000001e   Code   RO          301    i.ADC_Enable        adc.o
    0x08000606   0x08000606   0x0000002c   Code   RO          302    i.ADC_GetVal        adc.o
    0x08000632   0x08000632   0x00000002   PAD
    0x08000634   0x08000634   0x0000006c   Code   RO           74    i.Delay_Init        delay.o
    0x080006a0   0x080006a0   0x0000000c   Code   RO           75    i.GetTick           delay.o
    0x080006ac   0x080006ac   0x000000ec   Code   RO            6    i.PLL_Config        rcc.o
    0x08000798   0x08000798   0x0000001c   Code   RO           76    i.SysTick_Handler   delay.o
    0x080007b4   0x080007b4   0x000000ec   Code   RO          353    i.SystemCoreClockUpdate  system_stm32l4xx.o
    0x080008a0   0x080008a0   0x00000050   Code   RO          354    i.SystemInit        system_stm32l4xx.o
    0x080008f0   0x080008f0   0x00000074   Code   RO          130    i.USART2_Config     usart.o
    0x08000964   0x08000964   0x000000a8   Code   RO          131    i.USART2_Pins_Config  usart.o
    0x08000a0c   0x08000a0c   0x0000001c   Code   RO          133    i.USART2_putc       usart.o
    0x08000a28   0x08000a28   0x00000022   Code   RO          134    i.__NVIC_EnableIRQ  usart.o
    0x08000a4a   0x08000a4a   0x00000002   PAD
    0x08000a4c   0x08000a4c   0x00000028   Code   RO          135    i.__NVIC_SetPriority  usart.o
    0x08000a74   0x08000a74   0x00000004   Code   RO          209    i._sys_exit         retarget.o
    0x08000a78   0x08000a78   0x0000001a   Code   RO           77    i.delay_ms          delay.o
    0x08000a92   0x08000a92   0x00000008   Code   RO          211    i.ferror            retarget.o
    0x08000a9a   0x08000a9a   0x00000010   Code   RO          213    i.fputc             retarget.o
    0x08000aaa   0x08000aaa   0x00000002   PAD
    0x08000aac   0x08000aac   0x000000bc   Code   RO          264    i.main              main.o
    0x08000b68   0x08000b68   0x0000002c   Code   RO          136    i.setUSARTDIV       usart.o
    0x08000b94   0x08000b94   0x0000000a   Code   RO          519    x$fpl$fpinit        fz_wm.l(fpinit.o)
    0x08000b9e   0x08000b9e   0x00000002   PAD
    0x08000ba0   0x08000ba0   0x00000048   Data   RO          355    .constdata          system_stm32l4xx.o
    0x08000be8   0x08000be8   0x00000020   Data   RO          581    Region$$Table       anon$$obj.o


    Execution Region ER_RW (Exec base: 0x20000000, Load base: 0x08000c08, Size: 0x00000018, Max: 0xffffffff, ABSOLUTE)

    Exec Addr    Load Addr    Size         Type   Attr      Idx    E Section Name        Object

    0x20000000   0x08000c08   0x00000004   Data   RW           78    .data               delay.o
    0x20000004   0x08000c0c   0x00000008   Data   RW          214    .data               retarget.o
    0x2000000c   0x08000c14   0x00000006   Data   RW          265    .data               main.o
    0x20000012   0x08000c1a   0x00000002   PAD
    0x20000014   0x08000c1c   0x00000004   Data   RW          356    .data               system_stm32l4xx.o


    Execution Region ER_ZI (Exec base: 0x20000018, Load base: 0x08000c20, Size: 0x00000660, Max: 0xffffffff, ABSOLUTE)

    Exec Addr    Load Addr    Size         Type   Attr      Idx    E Section Name        Object

    0x20000018        -       0x00000060   Zero   RW          461    .bss                c_w.l(libspace.o)
    0x20000078        -       0x00000200   Zero   RW          344    HEAP                startup_stm32l412xx.o
    0x20000278        -       0x00000400   Zero   RW          343    STACK               startup_stm32l412xx.o


==============================================================================

Image component sizes


      Code (inc. data)   RO Data    RW Data    ZI Data      Debug   Object Name

       338         18          0          0          0       2420   adc.o
       174         24          0          4          0      32464   delay.o
       188         80          0          6          0        765   main.o
       236         10          0          0          0     374133   rcc.o
        28          0          0          8          0       3339   retarget.o
        64         26        396          0       1536        888   startup_stm32l412xx.o
       316         36         72          4          0       2297   system_stm32l4xx.o
       430         38          0          0          0       3654   usart.o

    ----------------------------------------------------------------------
      1780        232        500         24       1536     419960   Object Totals
         0          0         32          0          0          0   (incl. Generated)
         6          0          0          2          0          0   (incl. Padding)

    ----------------------------------------------------------------------

      Code (inc. data)   RO Data    RW Data    ZI Data      Debug   Library Member Name

         8          0          0          0          0         68   __main.o
       104          0          0          0          0         84   __printf.o
         0          0          0          0          0          0   __rtentry.o
        12          0          0          0          0          0   __rtentry2.o
         6          0          0          0          0          0   __rtentry4.o
        52          8          0          0          0          0   __scatter.o
        26          0          0          0          0          0   __scatter_copy.o
        28          0          0          0          0          0   __scatter_zi.o
        48          6          0          0          0         96   _printf_char_common.o
        36          4          0          0          0         80   _printf_char_file.o
         6          0          0          0          0          0   _printf_d.o
       120         16          0          0          0         92   _printf_dec.o
       178          0          0          0          0         88   _printf_intcommon.o
         0          0          0          0          0          0   _printf_percent.o
         4          0          0          0          0          0   _printf_percent_end.o
        18          0          0          0          0         80   exit.o
         6          0          0          0          0        152   heapauxi.o
         2          0          0          0          0          0   libinit.o
         6          0          0          0          0          0   libinit2.o
         2          0          0          0          0          0   libshutdown.o
         2          0          0          0          0          0   libshutdown2.o
         8          4          0          0         96         68   libspace.o
        24          4          0          0          0         84   noretval__2printf.o
         2          0          0          0          0          0   rtexit.o
        10          0          0          0          0          0   rtexit2.o
        74          0          0          0          0         80   sys_stackheap_outer.o
         2          0          0          0          0         68   use_no_semi.o
        10          0          0          0          0        116   fpinit.o

    ----------------------------------------------------------------------
       800         42          0          0         96       1156   Library Totals
         6          0          0          0          0          0   (incl. Padding)

    ----------------------------------------------------------------------

      Code (inc. data)   RO Data    RW Data    ZI Data      Debug   Library Name

       784         42          0          0         96       1040   c_w.l
        10          0          0          0          0        116   fz_wm.l

    ----------------------------------------------------------------------
       800         42          0          0         96       1156   Library Totals

    ----------------------------------------------------------------------

==============================================================================


      Code (inc. data)   RO Data    RW Data    ZI Data      Debug   

      2580        274        500         24       1632     419100   Grand Totals
      2580        274        500         24       1632     419100   ELF Image Totals
      2580        274        500         24          0          0   ROM Totals

==============================================================================

    Total RO  Size (Code + RO Data)                 3080 (   3.01kB)
    Total RW  Size (RW Data + ZI Data)              1656 (   1.62kB)
    Total ROM Size (Code + RO Data + RW Data)       3104 (   3.03kB)

==============================================================================

