Component: ARM Compiler 5.06 update 7 (build 960) Tool: armlink [4d3601]

==============================================================================

Section Cross References

    delay.o(i.Delay_Init) refers to system_stm32l4xx.o(.data) for SystemCoreClock
    delay.o(i.GetTick) refers to delay.o(.data) for uwTick
    delay.o(i.SysTick_Handler) refers to delay.o(.data) for uwTick
    delay.o(i.delay_ms) refers to delay.o(i.GetTick) for GetTick
    usart.o(i.USART1_Config) refers to usart.o(i.USART1_Pins_Config) for USART1_Pins_Config
    usart.o(i.USART1_Config) refers to usart.o(i.setUSARTDIV) for setUSARTDIV
    usart.o(i.USART1_Config) refers to usart.o(i.__NVIC_SetPriority) for __NVIC_SetPriority
    usart.o(i.USART1_Config) refers to usart.o(i.__NVIC_EnableIRQ) for __NVIC_EnableIRQ
    usart.o(i.USART2_Config) refers to usart.o(i.USART2_Pins_Config) for USART2_Pins_Config
    usart.o(i.USART2_Config) refers to usart.o(i.setUSARTDIV) for setUSARTDIV
    usart.o(i.USART2_Config) refers to usart.o(i.__NVIC_SetPriority) for __NVIC_SetPriority
    usart.o(i.USART2_Config) refers to usart.o(i.__NVIC_EnableIRQ) for __NVIC_EnableIRQ
    rcc.o(i.MSI_ConfigRange) refers to rcc.o(i.MSI_FlashLatency) for MSI_FlashLatency
    rcc.o(i.MSI_ConfigRange) refers to system_stm32l4xx.o(i.SystemCoreClockUpdate) for SystemCoreClockUpdate
    rcc.o(i.PLL_Config) refers to system_stm32l4xx.o(i.SystemCoreClockUpdate) for SystemCoreClockUpdate
    retarget.o(i._sys_exit) refers (Special) to use_no_semi.o(.text) for __use_no_semihosting_swi
    retarget.o(i._ttywrch) refers (Special) to use_no_semi.o(.text) for __use_no_semihosting_swi
    retarget.o(i._ttywrch) refers to usart.o(i.USART2_putc) for USART2_putc
    retarget.o(i.ferror) refers (Special) to use_no_semi.o(.text) for __use_no_semihosting_swi
    retarget.o(i.fgetc) refers (Special) to use_no_semi.o(.text) for __use_no_semihosting_swi
    retarget.o(i.fgetc) refers to usart.o(i.USART2_getc) for USART2_getc
    retarget.o(i.fputc) refers (Special) to use_no_semi.o(.text) for __use_no_semihosting_swi
    retarget.o(i.fputc) refers to usart.o(i.USART2_putc) for USART2_putc
    retarget.o(.data) refers (Special) to use_no_semi.o(.text) for __use_no_semihosting_swi
    main.o(i.main) refers to rcc.o(i.PLL_Config) for PLL_Config
    main.o(i.main) refers to delay.o(i.Delay_Init) for Delay_Init
    main.o(i.main) refers to usart.o(i.USART2_Config) for USART2_Config
    main.o(i.main) refers to filteringfunctions.o(i.arm_fir_init_f32) for arm_fir_init_f32
    main.o(i.main) refers to filteringfunctions.o(i.arm_fir_f32) for arm_fir_f32
    main.o(i.main) refers to main.o(i.plot_signal) for plot_signal
    main.o(i.main) refers to system_stm32l4xx.o(.data) for SystemCoreClock
    main.o(i.main) refers to main.o(.bss) for firStateF32
    main.o(i.main) refers to main.o(.data) for h
    main.o(i.plot_signal) refers to _printf_percent.o(.ARM.Collect$$_printf_percent$$00000000) for _printf_percent
    main.o(i.plot_signal) refers to _printf_f.o(.ARM.Collect$$_printf_percent$$00000003) for _printf_f
    main.o(i.plot_signal) refers to printf1.o(x$fpl$printf1) for _printf_fp_dec
    main.o(i.plot_signal) refers to f2d.o(x$fpl$f2d) for __aeabi_f2d
    main.o(i.plot_signal) refers to noretval__2printf.o(.text) for __2printf
    main.o(i.plot_signal) refers to delay.o(i.delay_ms) for delay_ms
    main.o(i.plot_signal) refers to main.o(.data) for Signal
    main.o(i.plot_signal) refers to main.o(.bss) for y
    basicmathfunctions.o(i.arm_shift_q31) refers to llshl.o(.text) for __aeabi_llsl
    bayesfunctions.o(i.arm_gaussian_naive_bayes_predict_f32) refers to logf.o(i.__hardfp_logf) for __hardfp_logf
    bayesfunctions.o(i.arm_gaussian_naive_bayes_predict_f32) refers to statisticsfunctions.o(i.arm_max_f32) for arm_max_f32
    complexmathfunctions.o(i.arm_cmplx_mag_q15) refers to fastmathfunctions.o(i.arm_sqrt_q15) for arm_sqrt_q15
    complexmathfunctions.o(i.arm_cmplx_mag_q31) refers to fastmathfunctions.o(i.arm_sqrt_q31) for arm_sqrt_q31
    controllerfunctions.o(i.arm_sin_cos_f32) refers to commontables.o(.constdata) for sinTable_f32
    controllerfunctions.o(i.arm_sin_cos_q31) refers to commontables.o(.constdata) for sinTable_q31
    distancefunctions.o(i.arm_correlation_distance_f32) refers to statisticsfunctions.o(i.arm_mean_f32) for arm_mean_f32
    distancefunctions.o(i.arm_correlation_distance_f32) refers to basicmathfunctions.o(i.arm_offset_f32) for arm_offset_f32
    distancefunctions.o(i.arm_correlation_distance_f32) refers to statisticsfunctions.o(i.arm_power_f32) for arm_power_f32
    distancefunctions.o(i.arm_correlation_distance_f32) refers to basicmathfunctions.o(i.arm_dot_prod_f32) for arm_dot_prod_f32
    distancefunctions.o(i.arm_cosine_distance_f32) refers to statisticsfunctions.o(i.arm_power_f32) for arm_power_f32
    distancefunctions.o(i.arm_cosine_distance_f32) refers to basicmathfunctions.o(i.arm_dot_prod_f32) for arm_dot_prod_f32
[...]
    Removing filteringfunctions.o(i.arm_fir_q15), (206 bytes).
    Removing filteringfunctions.o(i.arm_fir_q31), (194 bytes).
    Removing filteringfunctions.o(i.arm_fir_q7), (152 bytes).
    Removing filteringfunctions.o(i.arm_fir_sparse_f32), (890 bytes).
    Removing filteringfunctions.o(i.arm_fir_sparse_init_f32), (54 bytes).
    Removing filteringfunctions.o(i.arm_fir_sparse_init_q15), (54 bytes).
    Removing filteringfunctions.o(i.arm_fir_sparse_init_q31), (54 bytes).
    Removing filteringfunctions.o(i.arm_fir_sparse_init_q7), (52 bytes).
    Removing filteringfunctions.o(i.arm_fir_sparse_q15), (956 bytes).
    Removing filteringfunctions.o(i.arm_fir_sparse_q31), (978 bytes).
    Removing filteringfunctions.o(i.arm_fir_sparse_q7), (958 bytes).
    Removing filteringfunctions.o(i.arm_iir_lattice_f32), (190 bytes).
    Removing filteringfunctions.o(i.arm_iir_lattice_init_f32), (42 bytes).
    Removing filteringfunctions.o(i.arm_iir_lattice_init_q15), (42 bytes).
    Removing filteringfunctions.o(i.arm_iir_lattice_init_q31), (42 bytes).
    Removing filteringfunctions.o(i.arm_iir_lattice_q15), (454 bytes).
    Removing filteringfunctions.o(i.arm_iir_lattice_q31), (440 bytes).
    Removing filteringfunctions.o(i.arm_lms_f32), (234 bytes).
    Removing filteringfunctions.o(i.arm_lms_init_f32), (56 bytes).
    Removing filteringfunctions.o(i.arm_lms_init_q15), (52 bytes).
    Removing filteringfunctions.o(i.arm_lms_init_q31), (52 bytes).
    Removing filteringfunctions.o(i.arm_lms_norm_f32), (310 bytes).
    Removing filteringfunctions.o(i.arm_lms_norm_init_f32), (76 bytes).
    Removing filteringfunctions.o(i.arm_lms_norm_init_q15), (68 bytes).
    Removing filteringfunctions.o(i.arm_lms_norm_init_q31), (68 bytes).
    Removing filteringfunctions.o(i.arm_lms_norm_q15), (624 bytes).
    Removing filteringfunctions.o(i.arm_lms_norm_q31), (646 bytes).
    Removing filteringfunctions.o(i.arm_lms_q15), (386 bytes).
    Removing filteringfunctions.o(i.arm_lms_q31), (310 bytes).
    Removing matrixfunctions.o(.rev16_text), (4 bytes).
    Removing matrixfunctions.o(.revsh_text), (4 bytes).
    Removing matrixfunctions.o(.rrx_text), (6 bytes).
    Removing matrixfunctions.o(i.arm_mat_add_f32), (56 bytes).
    Removing matrixfunctions.o(i.arm_mat_add_q15), (60 bytes).
    Removing matrixfunctions.o(i.arm_mat_add_q31), (56 bytes).
    Removing matrixfunctions.o(i.arm_mat_cmplx_mult_f32), (230 bytes).
    Removing matrixfunctions.o(i.arm_mat_cmplx_mult_q15), (522 bytes).
    Removing matrixfunctions.o(i.arm_mat_cmplx_mult_q31), (320 bytes).
    Removing matrixfunctions.o(i.arm_mat_init_f32), (8 bytes).
    Removing matrixfunctions.o(i.arm_mat_init_q15), (8 bytes).
    Removing matrixfunctions.o(i.arm_mat_init_q31), (8 bytes).
    Removing matrixfunctions.o(i.arm_mat_inverse_f32), (630 bytes).
    Removing matrixfunctions.o(i.arm_mat_inverse_f64), (874 bytes).
    Removing matrixfunctions.o(i.arm_mat_mult_f32), (194 bytes).
    Removing matrixfunctions.o(i.arm_mat_mult_fast_q15), (1118 bytes).
    Removing matrixfunctions.o(i.arm_mat_mult_fast_q31), (580 bytes).
    Removing matrixfunctions.o(i.arm_mat_mult_q15), (548 bytes).
    Removing matrixfunctions.o(i.arm_mat_mult_q31), (178 bytes).
    Removing matrixfunctions.o(i.arm_mat_scale_f32), (44 bytes).
    Removing matrixfunctions.o(i.arm_mat_scale_q15), (62 bytes).
    Removing matrixfunctions.o(i.arm_mat_scale_q31), (86 bytes).
    Removing matrixfunctions.o(i.arm_mat_sub_f32), (56 bytes).
    Removing matrixfunctions.o(i.arm_mat_sub_q15), (60 bytes).
    Removing matrixfunctions.o(i.arm_mat_sub_q31), (56 bytes).
    Removing matrixfunctions.o(i.arm_mat_trans_f32), (68 bytes).
    Removing matrixfunctions.o(i.arm_mat_trans_q15), (70 bytes).
    Removing matrixfunctions.o(i.arm_mat_trans_q31), (68 bytes).
    Removing svmfunctions.o(.rev16_text), (4 bytes).
    Removing svmfunctions.o(.revsh_text), (4 bytes).
    Removing svmfunctions.o(.rrx_text), (6 bytes).
    Removing svmfunctions.o(i.arm_svm_linear_init_f32), (22 bytes).
    Removing svmfunctions.o(i.arm_svm_linear_predict_f32), (132 bytes).
    Removing svmfunctions.o(i.arm_svm_polynomial_init_f32), (32 bytes).
    Removing svmfunctions.o(i.arm_svm_polynomial_predict_f32), (172 bytes).
    Removing svmfunctions.o(i.arm_svm_rbf_init_f32), (26 bytes).
    Removing svmfunctions.o(i.arm_svm_rbf_predict_f32), (196 bytes).
    Removing svmfunctions.o(i.arm_svm_sigmoid_init_f32), (30 bytes).
    Removing svmfunctions.o(i.arm_svm_sigmoid_predict_f32), (172 bytes).
    Removing statisticsfunctions.o(.rev16_text), (4 bytes).
    Removing statisticsfunctions.o(.revsh_text), (4 bytes).
    Removing statisticsfunctions.o(.rrx_text), (6 bytes).
    Removing statisticsfunctions.o(i.arm_entropy_f32), (72 bytes).
    Removing statisticsfunctions.o(i.arm_entropy_f64), (116 bytes).
    Removing statisticsfunctions.o(i.arm_kullback_leibler_f32), (88 bytes).
    Removing statisticsfunctions.o(i.arm_kullback_leibler_f64), (156 bytes).
    Removing statisticsfunctions.o(i.arm_logsumexp_dot_prod_f32), (52 bytes).
    Removing statisticsfunctions.o(i.arm_logsumexp_f32), (128 bytes).
    Removing statisticsfunctions.o(i.arm_max_f32), (52 bytes).
    Removing statisticsfunctions.o(i.arm_max_no_idx_f32), (44 bytes).
    Removing statisticsfunctions.o(i.arm_max_q15), (40 bytes).
    Removing statisticsfunctions.o(i.arm_max_q31), (36 bytes).
    Removing statisticsfunctions.o(i.arm_max_q7), (40 bytes).
    Removing statisticsfunctions.o(i.arm_mean_f32), (56 bytes).
    Removing statisticsfunctions.o(i.arm_mean_q15), (30 bytes).
    Removing statisticsfunctions.o(i.arm_mean_q31), (56 bytes).
    Removing statisticsfunctions.o(i.arm_mean_q7), (30 bytes).
    Removing statisticsfunctions.o(i.arm_min_f32), (52 bytes).
    Removing statisticsfunctions.o(i.arm_min_q15), (40 bytes).
    Removing statisticsfunctions.o(i.arm_min_q31), (36 bytes).
    Removing statisticsfunctions.o(i.arm_min_q7), (40 bytes).
    Removing statisticsfunctions.o(i.arm_power_f32), (48 bytes).
    Removing statisticsfunctions.o(i.arm_power_q15), (50 bytes).
    Removing statisticsfunctions.o(i.arm_power_q31), (54 bytes).
    Removing statisticsfunctions.o(i.arm_power_q7), (28 bytes).
    Removing statisticsfunctions.o(i.arm_rms_f32), (84 bytes).
    Removing statisticsfunctions.o(i.arm_rms_q15), (84 bytes).
    Removing statisticsfunctions.o(i.arm_rms_q31), (102 bytes).
    Removing statisticsfunctions.o(i.arm_std_f32), (60 bytes).
    Removing statisticsfunctions.o(i.arm_std_q15), (134 bytes).
    Removing statisticsfunctions.o(i.arm_std_q31), (174 bytes).
    Removing statisticsfunctions.o(i.arm_var_f32), (136 bytes).
    Removing statisticsfunctions.o(i.arm_var_q15), (158 bytes).
    Removing statisticsfunctions.o(i.arm_var_q31), (172 bytes).
    Removing supportfunctions.o(.rev16_text), (4 bytes).
    Removing supportfunctions.o(.revsh_text), (4 bytes).
    Removing supportfunctions.o(.rrx_text), (6 bytes).
    Removing supportfunctions.o(i.arm_barycenter_f32), (136 bytes).
    Removing supportfunctions.o(i.arm_bitonic_sort_core_f32), (170 bytes).
    Removing supportfunctions.o(i.arm_bitonic_sort_f32), (98 bytes).
    Removing supportfunctions.o(i.arm_bubble_sort_f32), (162 bytes).
    Removing supportfunctions.o(i.arm_copy_f32), (22 bytes).
    Removing supportfunctions.o(i.arm_copy_q15), (22 bytes).
    Removing supportfunctions.o(i.arm_copy_q31), (18 bytes).
    Removing supportfunctions.o(i.arm_copy_q7), (22 bytes).
    Removing supportfunctions.o(i.arm_fill_f32), (16 bytes).
    Removing supportfunctions.o(i.arm_fill_q15), (18 bytes).
    Removing supportfunctions.o(i.arm_fill_q31), (16 bytes).
    Removing supportfunctions.o(i.arm_fill_q7), (18 bytes).
    Removing supportfunctions.o(i.arm_float_to_q15), (48 bytes).
    Removing supportfunctions.o(i.arm_float_to_q31), (80 bytes).
    Removing supportfunctions.o(i.arm_float_to_q7), (48 bytes).
    Removing supportfunctions.o(i.arm_heap_sort_f32), (120 bytes).
    Removing supportfunctions.o(i.arm_heapify), (170 bytes).
    Removing supportfunctions.o(i.arm_insertion_sort_f32), (148 bytes).
    Removing supportfunctions.o(i.arm_merge_sort_core_f32), (82 bytes).
    Removing supportfunctions.o(i.arm_merge_sort_f32), (62 bytes).
    Removing supportfunctions.o(i.arm_merge_sort_init_f32), (6 bytes).
    Removing supportfunctions.o(i.arm_q15_to_float), (44 bytes).
    Removing supportfunctions.o(i.arm_q15_to_q31), (24 bytes).
    Removing supportfunctions.o(i.arm_q15_to_q7), (26 bytes).
    Removing supportfunctions.o(i.arm_q31_to_float), (40 bytes).
    Removing supportfunctions.o(i.arm_q31_to_q15), (24 bytes).
    Removing supportfunctions.o(i.arm_q31_to_q7), (24 bytes).
    Removing supportfunctions.o(i.arm_q7_to_float), (44 bytes).
    Removing supportfunctions.o(i.arm_q7_to_q15), (26 bytes).
    Removing supportfunctions.o(i.arm_q7_to_q31), (24 bytes).
    Removing supportfunctions.o(i.arm_quick_sort_core_f32), (60 bytes).
    Removing supportfunctions.o(i.arm_quick_sort_f32), (50 bytes).
    Removing supportfunctions.o(i.arm_quick_sort_partition_f32), (168 bytes).
    Removing supportfunctions.o(i.arm_selection_sort_f32), (168 bytes).
    Removing supportfunctions.o(i.arm_sort_f32), (118 bytes).
    Removing supportfunctions.o(i.arm_sort_init_f32), (6 bytes).
    Removing supportfunctions.o(i.arm_spline_f32), (430 bytes).
    Removing supportfunctions.o(i.arm_spline_init_f32), (562 bytes).
    Removing supportfunctions.o(i.arm_weighted_sum_f32), (76 bytes).
    Removing supportfunctions.o(i.topDownMerge), (118 bytes).
    Removing transformfunctions.o(.rev16_text), (4 bytes).
    Removing transformfunctions.o(.revsh_text), (4 bytes).
    Removing transformfunctions.o(.rrx_text), (6 bytes).
    Removing transformfunctions.o(i.arm_bitreversal_16), (74 bytes).
    Removing transformfunctions.o(i.arm_bitreversal_32), (72 bytes).
    Removing transformfunctions.o(i.arm_bitreversal_64), (190 bytes).
    Removing transformfunctions.o(i.arm_bitreversal_f32), (430 bytes).
    Removing transformfunctions.o(i.arm_bitreversal_q15), (134 bytes).
    Removing transformfunctions.o(i.arm_bitreversal_q31), (356 bytes).
    Removing transformfunctions.o(i.arm_cfft_f32), (240 bytes).
    Removing transformfunctions.o(i.arm_cfft_f64), (308 bytes).
    Removing transformfunctions.o(i.arm_cfft_init_f32), (288 bytes).
    Removing transformfunctions.o(i.arm_cfft_init_f64), (288 bytes).
    Removing transformfunctions.o(i.arm_cfft_init_q15), (288 bytes).
    Removing transformfunctions.o(i.arm_cfft_init_q31), (288 bytes).
    Removing transformfunctions.o(i.arm_cfft_q15), (226 bytes).
    Removing transformfunctions.o(i.arm_cfft_q31), (226 bytes).
    Removing transformfunctions.o(i.arm_cfft_radix2_f32), (66 bytes).
    Removing transformfunctions.o(i.arm_cfft_radix2_init_f32), (324 bytes).
    Removing transformfunctions.o(i.arm_cfft_radix2_init_q15), (216 bytes).
    Removing transformfunctions.o(i.arm_cfft_radix2_init_q31), (216 bytes).
    Removing transformfunctions.o(i.arm_cfft_radix2_q15), (52 bytes).
    Removing transformfunctions.o(i.arm_cfft_radix2_q31), (52 bytes).
    Removing transformfunctions.o(i.arm_cfft_radix4_f32), (66 bytes).
    Removing transformfunctions.o(i.arm_cfft_radix4_init_f32), (200 bytes).
    Removing transformfunctions.o(i.arm_cfft_radix4_init_q15), (140 bytes).
    Removing transformfunctions.o(i.arm_cfft_radix4_init_q31), (140 bytes).
    Removing transformfunctions.o(i.arm_cfft_radix4_q15), (58 bytes).
    Removing transformfunctions.o(i.arm_cfft_radix4_q31), (58 bytes).
    Removing transformfunctions.o(i.arm_cfft_radix4by2_f64), (464 bytes).
    Removing transformfunctions.o(i.arm_cfft_radix4by2_inverse_q15), (346 bytes).
    Removing transformfunctions.o(i.arm_cfft_radix4by2_inverse_q31), (386 bytes).
    Removing transformfunctions.o(i.arm_cfft_radix4by2_q15), (346 bytes).
    Removing transformfunctions.o(i.arm_cfft_radix4by2_q31), (386 bytes).
    Removing transformfunctions.o(i.arm_cfft_radix8by2_f32), (784 bytes).
    Removing transformfunctions.o(i.arm_cfft_radix8by4_f32), (1988 bytes).
    Removing transformfunctions.o(i.arm_dct4_f32), (260 bytes).
    Removing transformfunctions.o(i.arm_dct4_init_f32), (164 bytes).
    Removing transformfunctions.o(i.arm_dct4_init_q15), (156 bytes).
    Removing transformfunctions.o(i.arm_dct4_init_q31), (156 bytes).
    Removing transformfunctions.o(i.arm_dct4_q15), (250 bytes).
    Removing transformfunctions.o(i.arm_dct4_q31), (232 bytes).
    Removing transformfunctions.o(i.arm_radix2_butterfly_f32), (772 bytes).
    Removing transformfunctions.o(i.arm_radix2_butterfly_inverse_f32), (802 bytes).
    Removing transformfunctions.o(i.arm_radix2_butterfly_inverse_q15), (1498 bytes).
    Removing transformfunctions.o(i.arm_radix2_butterfly_inverse_q31), (1082 bytes).
    Removing transformfunctions.o(i.arm_radix2_butterfly_q15), (1634 bytes).
    Removing transformfunctions.o(i.arm_radix2_butterfly_q31), (1108 bytes).
    Removing transformfunctions.o(i.arm_radix4_butterfly_f32), (672 bytes).
    Removing transformfunctions.o(i.arm_radix4_butterfly_f64), (1220 bytes).
    Removing transformfunctions.o(i.arm_radix4_butterfly_inverse_f32), (1146 bytes).
    Removing transformfunctions.o(i.arm_radix4_butterfly_inverse_q15), (1760 bytes).
    Removing transformfunctions.o(i.arm_radix4_butterfly_inverse_q31), (1918 bytes).
    Removing transformfunctions.o(i.arm_radix4_butterfly_q15), (1760 bytes).
    Removing transformfunctions.o(i.arm_radix4_butterfly_q31), (1918 bytes).
    Removing transformfunctions.o(i.arm_radix8_butterfly_f32), (2842 bytes).
    Removing transformfunctions.o(i.arm_rfft_1024_fast_init_f32), (48 bytes).
    Removing transformfunctions.o(i.arm_rfft_1024_fast_init_f64), (56 bytes).
    Removing transformfunctions.o(i.arm_rfft_128_fast_init_f32), (44 bytes).
    Removing transformfunctions.o(i.arm_rfft_128_fast_init_f64), (52 bytes).
    Removing transformfunctions.o(i.arm_rfft_2048_fast_init_f32), (48 bytes).
    Removing transformfunctions.o(i.arm_rfft_2048_fast_init_f64), (56 bytes).
    Removing transformfunctions.o(i.arm_rfft_256_fast_init_f32), (48 bytes).
    Removing transformfunctions.o(i.arm_rfft_256_fast_init_f64), (52 bytes).
    Removing transformfunctions.o(i.arm_rfft_32_fast_init_f32), (44 bytes).
    Removing transformfunctions.o(i.arm_rfft_32_fast_init_f64), (52 bytes).
    Removing transformfunctions.o(i.arm_rfft_4096_fast_init_f32), (48 bytes).
    Removing transformfunctions.o(i.arm_rfft_4096_fast_init_f64), (56 bytes).
    Removing transformfunctions.o(i.arm_rfft_512_fast_init_f32), (48 bytes).
    Removing transformfunctions.o(i.arm_rfft_512_fast_init_f64), (56 bytes).
    Removing transformfunctions.o(i.arm_rfft_64_fast_init_f32), (44 bytes).
    Removing transformfunctions.o(i.arm_rfft_64_fast_init_f64), (52 bytes).
    Removing transformfunctions.o(i.arm_rfft_f32), (124 bytes).
    Removing transformfunctions.o(i.arm_rfft_fast_f32), (66 bytes).
    Removing transformfunctions.o(i.arm_rfft_fast_f64), (76 bytes).
    Removing transformfunctions.o(i.arm_rfft_fast_init_f32), (140 bytes).
    Removing transformfunctions.o(i.arm_rfft_fast_init_f64), (140 bytes).
    Removing transformfunctions.o(i.arm_rfft_init_f32), (148 bytes).
    Removing transformfunctions.o(i.arm_rfft_init_q15), (224 bytes).
    Removing transformfunctions.o(i.arm_rfft_init_q31), (224 bytes).
    Removing transformfunctions.o(i.arm_rfft_q15), (122 bytes).
    Removing transformfunctions.o(i.arm_rfft_q31), (120 bytes).
    Removing transformfunctions.o(i.arm_split_rfft_f32), (318 bytes).
    Removing transformfunctions.o(i.arm_split_rfft_q15), (436 bytes).
    Removing transformfunctions.o(i.arm_split_rfft_q31), (524 bytes).
    Removing transformfunctions.o(i.arm_split_rifft_f32), (200 bytes).
    Removing transformfunctions.o(i.arm_split_rifft_q15), (284 bytes).
    Removing transformfunctions.o(i.arm_split_rifft_q31), (324 bytes).
    Removing transformfunctions.o(i.merge_rfft_f32), (188 bytes).
    Removing transformfunctions.o(i.merge_rfft_f64), (548 bytes).
    Removing transformfunctions.o(i.stage_rfft_f32), (258 bytes).
    Removing transformfunctions.o(i.stage_rfft_f64), (624 bytes).
    Removing system_stm32l4xx.o(.rev16_text), (4 bytes).
    Removing system_stm32l4xx.o(.revsh_text), (4 bytes).
    Removing system_stm32l4xx.o(.rrx_text), (6 bytes).

463 unused section(s) (total 1025000 bytes) removed from the image.

==============================================================================

Image Symbol Table

    Local Symbols

    Symbol Name                              Value     Ov Type        Size  Object(Section)

    ../clib/angel/boardlib.s                 0x00000000   Number         0  boardinit2.o ABSOLUTE
    ../clib/angel/boardlib.s                 0x00000000   Number         0  boardshut.o ABSOLUTE
    ../clib/angel/boardlib.s                 0x00000000   Number         0  boardinit3.o ABSOLUTE
    ../clib/angel/boardlib.s                 0x00000000   Number         0  boardinit1.o ABSOLUTE
    ../clib/angel/dclz77c.s                  0x00000000   Number         0  __dclz77c.o ABSOLUTE
    ../clib/angel/handlers.s                 0x00000000   Number         0  __scatter_zi.o ABSOLUTE
    ../clib/angel/kernel.s                   0x00000000   Number         0  __rtentry2.o ABSOLUTE
    ../clib/angel/kernel.s                   0x00000000   Number         0  rtexit2.o ABSOLUTE
    ../clib/angel/kernel.s                   0x00000000   Number         0  rtexit.o ABSOLUTE
    ../clib/angel/kernel.s                   0x00000000   Number         0  __rtentry.o ABSOLUTE
    ../clib/angel/kernel.s                   0x00000000   Number         0  __rtentry4.o ABSOLUTE
    ../clib/angel/rt.s                       0x00000000   Number         0  aeabi_ldiv0_sigfpe.o ABSOLUTE
    ../clib/angel/rt.s                       0x00000000   Number         0  rt_errno_addr.o ABSOLUTE
    ../clib/angel/rt.s                       0x00000000   Number         0  aeabi_ldiv0.o ABSOLUTE
    ../clib/angel/rt.s                       0x00000000   Number         0  rt_errno_addr_intlibspace.o ABSOLUTE
    ../clib/angel/rt.s                       0x00000000   Number         0  rt_div0.o ABSOLUTE
    ../clib/angel/rt.s                       0x00000000   Number         0  rt_locale.o ABSOLUTE
    ../clib/angel/rt.s                       0x00000000   Number         0  rt_raise.o ABSOLUTE
    ../clib/angel/rt.s                       0x00000000   Number         0  rt_locale_intlibspace.o ABSOLUTE
    ../clib/angel/scatter.s                  0x00000000   Number         0  __scatter.o ABSOLUTE
    ../clib/angel/startup.s                  0x00000000   Number         0  __main.o ABSOLUTE
    ../clib/angel/sys.s                      0x00000000   Number         0  indicate_semi.o ABSOLUTE
    ../clib/angel/sys.s                      0x00000000   Number         0  use_no_semi.o ABSOLUTE
    ../clib/angel/sys.s                      0x00000000   Number         0  libspace.o ABSOLUTE
    ../clib/angel/sys.s                      0x00000000   Number         0  sys_stackheap_outer.o ABSOLUTE
    ../clib/angel/sysapp.c                   0x00000000   Number         0  sys_command.o ABSOLUTE
    ../clib/armsys.c                         0x00000000   Number         0  _get_argv_nomalloc.o ABSOLUTE
    ../clib/armsys.c                         0x00000000   Number         0  no_argv.o ABSOLUTE
    ../clib/armsys.c                         0x00000000   Number         0  argv_veneer.o ABSOLUTE
    ../clib/armsys.c                         0x00000000   Number         0  argv_veneer.o ABSOLUTE
    ../clib/bigflt.c                         0x00000000   Number         0  bigflt0.o ABSOLUTE
    ../clib/btod.s                           0x00000000   Number         0  btod.o ABSOLUTE
    ../clib/fenv.c                           0x00000000   Number         0  _rserrno.o ABSOLUTE
    ../clib/heapalloc.c                      0x00000000   Number         0  hrguard.o ABSOLUTE
    ../clib/heapaux.c                        0x00000000   Number         0  heapauxi.o ABSOLUTE
    ../clib/libinit.s                        0x00000000   Number         0  libshutdown.o ABSOLUTE
    ../clib/libinit.s                        0x00000000   Number         0  libinit2.o ABSOLUTE
    ../clib/libinit.s                        0x00000000   Number         0  libshutdown2.o ABSOLUTE
    ../clib/libinit.s                        0x00000000   Number         0  libinit.o ABSOLUTE
    ../clib/locale.s                         0x00000000   Number         0  lc_numeric_c.o ABSOLUTE
    ../clib/longlong.s                       0x00000000   Number         0  lludiv10.o ABSOLUTE
    ../clib/longlong.s                       0x00000000   Number         0  llsdiv.o ABSOLUTE
    ../clib/longlong.s                       0x00000000   Number         0  lludivv7m.o ABSOLUTE
    ../clib/longlong.s                       0x00000000   Number         0  llsshr.o ABSOLUTE
    ../clib/longlong.s                       0x00000000   Number         0  llshl.o ABSOLUTE
    ../clib/memcpset.s                       0x00000000   Number         0  rt_memcpy_w.o ABSOLUTE
    ../clib/memcpset.s                       0x00000000   Number         0  rt_memclr.o ABSOLUTE
    ../clib/memcpset.s                       0x00000000   Number         0  rt_memclr_w.o ABSOLUTE
    ../clib/memcpset.s                       0x00000000   Number         0  strcmpv7m.o ABSOLUTE
    ../clib/misc.s                           0x00000000   Number         0  printf_stubs.o ABSOLUTE
    ../clib/printf.c                         0x00000000   Number         0  __printf_flags_wp.o ABSOLUTE
    ../clib/printf.c                         0x00000000   Number         0  __printf_wp.o ABSOLUTE
    ../clib/printf.c                         0x00000000   Number         0  __printf_flags_ss.o ABSOLUTE
    ../clib/printf.c                         0x00000000   Number         0  __printf_nopercent.o ABSOLUTE
    ../clib/printf.c                         0x00000000   Number         0  __printf_ss.o ABSOLUTE
    ../clib/printf.c                         0x00000000   Number         0  __printf_flags.o ABSOLUTE
    ../clib/printf.c                         0x00000000   Number         0  __printf.o ABSOLUTE
    ../clib/printf.c                         0x00000000   Number         0  _printf_fp_infnan.o ABSOLUTE
    ../clib/printf.c                         0x00000000   Number         0  _printf_char_common.o ABSOLUTE
    ../clib/printf.c                         0x00000000   Number         0  noretval__2printf.o ABSOLUTE
    ../clib/printf.c                         0x00000000   Number         0  _printf_fp_dec.o ABSOLUTE
    ../clib/printf.c                         0x00000000   Number         0  __2printf.o ABSOLUTE
    ../clib/printf.c                         0x00000000   Number         0  _printf_char_file.o ABSOLUTE
    ../clib/printf.c                         0x00000000   Number         0  __printf_flags_ss_wp.o ABSOLUTE
    ../clib/printf.c                         0x00000000   Number         0  __printf_ss_wp.o ABSOLUTE
    ../clib/printf_percent.s                 0x00000000   Number         0  _printf_f.o ABSOLUTE
    ../clib/printf_percent.s                 0x00000000   Number         0  _printf_percent_end.o ABSOLUTE
    ../clib/printf_percent.s                 0x00000000   Number         0  _printf_percent.o ABSOLUTE
    ../clib/signal.c                         0x00000000   Number         0  defsig_fpe_formal.o ABSOLUTE
    ../clib/signal.c                         0x00000000   Number         0  __raise.o ABSOLUTE
    ../clib/signal.c                         0x00000000   Number         0  defsig_fpe_outer.o ABSOLUTE
    ../clib/signal.c                         0x00000000   Number         0  defsig_exit.o ABSOLUTE
    ../clib/signal.c                         0x00000000   Number         0  defsig_fpe_inner.o ABSOLUTE
    ../clib/signal.c                         0x00000000   Number         0  defsig_general.o ABSOLUTE
    ../clib/signal.c                         0x00000000   Number         0  defsig_rtmem_outer.o ABSOLUTE
    ../clib/signal.c                         0x00000000   Number         0  defsig_rtmem_formal.o ABSOLUTE
    ../clib/signal.c                         0x00000000   Number         0  defsig_abrt_inner.o ABSOLUTE
    ../clib/signal.c                         0x00000000   Number         0  defsig_rtred_inner.o ABSOLUTE
    ../clib/signal.c                         0x00000000   Number         0  defsig_rtmem_inner.o ABSOLUTE
    ../clib/signal.c                         0x00000000   Number         0  defsig_stak_inner.o ABSOLUTE
    ../clib/signal.c                         0x00000000   Number         0  defsig_pvfn_inner.o ABSOLUTE
    ../clib/signal.c                         0x00000000   Number         0  defsig_cppl_inner.o ABSOLUTE
    ../clib/signal.c                         0x00000000   Number         0  defsig_segv_inner.o ABSOLUTE
    ../clib/signal.c                         0x00000000   Number         0  defsig_other.o ABSOLUTE
    ../clib/signal.s                         0x00000000   Number         0  defsig.o ABSOLUTE
    ../clib/stdlib.c                         0x00000000   Number         0  exit.o ABSOLUTE
    ../fplib/basic.s                         0x00000000   Number         0  basic.o ABSOLUTE
    ../fplib/d2f.s                           0x00000000   Number         0  d2f.o ABSOLUTE
    ../fplib/daddsub.s                       0x00000000   Number         0  daddsub_clz.o ABSOLUTE
    ../fplib/dcmpi.s                         0x00000000   Number         0  dcmpi.o ABSOLUTE
    ../fplib/ddiv.s                          0x00000000   Number         0  ddiv.o ABSOLUTE
    ../fplib/deqf.s                          0x00000000   Number         0  deqf.o ABSOLUTE
    ../fplib/dflt.s                          0x00000000   Number         0  dflt_clz.o ABSOLUTE
    ../fplib/dmul.s                          0x00000000   Number         0  dmul.o ABSOLUTE
    ../fplib/dnaninf.s                       0x00000000   Number         0  dnaninf.o ABSOLUTE
    ../fplib/dretinf.s                       0x00000000   Number         0  dretinf.o ABSOLUTE
    ../fplib/f2d.s                           0x00000000   Number         0  f2d.o ABSOLUTE
    ../fplib/ffixll.s                        0x00000000   Number         0  ffixll.o ABSOLUTE
    ../fplib/fnaninf.s                       0x00000000   Number         0  fnaninf.o ABSOLUTE
    ../fplib/fpinit.s                        0x00000000   Number         0  fpinit.o ABSOLUTE
    ../fplib/fretinf.s                       0x00000000   Number         0  fretinf.o ABSOLUTE
    ../fplib/istatus.s                       0x00000000   Number         0  istatus.o ABSOLUTE
    ../fplib/printf1.s                       0x00000000   Number         0  printf1.o ABSOLUTE
    ../fplib/usenofp.s                       0x00000000   Number         0  usenofp.o ABSOLUTE
    ../mathlib/dunder.c                      0x00000000   Number         0  dunder.o ABSOLUTE
    ../mathlib/expf.c                        0x00000000   Number         0  expf.o ABSOLUTE
    ../mathlib/expf.c                        0x00000000   Number         0  expf_x.o ABSOLUTE
    ../mathlib/fpclassify.c                  0x00000000   Number         0  fpclassify.o ABSOLUTE
    ../mathlib/fpclassifyf.c                 0x00000000   Number         0  fpclassifyf.o ABSOLUTE
    ../mathlib/funder.c                      0x00000000   Number         0  funder.o ABSOLUTE
    ../mathlib/log.c                         0x00000000   Number         0  log_x.o ABSOLUTE
    ../mathlib/log.c                         0x00000000   Number         0  log.o ABSOLUTE
    ../mathlib/logf.c                        0x00000000   Number         0  logf_x.o ABSOLUTE
    ../mathlib/logf.c                        0x00000000   Number         0  logf.o ABSOLUTE
    ../mathlib/poly.c                        0x00000000   Number         0  poly.o ABSOLUTE
    ../mathlib/powf.c                        0x00000000   Number         0  powf.o ABSOLUTE
    ../mathlib/powf.c                        0x00000000   Number         0  powf_x.o ABSOLUTE
    ../mathlib/qnan.c                        0x00000000   Number         0  qnan.o ABSOLUTE
    ../mathlib/tanhf.c                       0x00000000   Number         0  tanhf.o ABSOLUTE
    ../mathlib/tanhf.c                       0x00000000   Number         0  tanhf_x.o ABSOLUTE
    C:\Users\Lenovo\AppData\Local\Arm\Packs\ARM\CMSIS\5.7.0\CMSIS\DSP\Source\BasicMathFunctions\BasicMathFunctions.c 0x00000000   Number         0  basicmathfunctions.o ABSOLUTE
    C:\Users\Lenovo\AppData\Local\Arm\Packs\ARM\CMSIS\5.7.0\CMSIS\DSP\Source\BayesFunctions\BayesFunctions.c 0x00000000   Number         0  bayesfunctions.o ABSOLUTE
    C:\Users\Lenovo\AppData\Local\Arm\Packs\ARM\CMSIS\5.7.0\CMSIS\DSP\Source\CommonTables\CommonTables.c 0x00000000   Number         0  commontables.o ABSOLUTE
    C:\Users\Lenovo\AppData\Local\Arm\Packs\ARM\CMSIS\5.7.0\CMSIS\DSP\Source\ComplexMathFunctions\ComplexMathFunctions.c 0x00000000   Number         0  complexmathfunctions.o ABSOLUTE
    C:\Users\Lenovo\AppData\Local\Arm\Packs\ARM\CMSIS\5.7.0\CMSIS\DSP\Source\ControllerFunctions\ControllerFunctions.c 0x00000000   Number         0  controllerfunctions.o ABSOLUTE
    C:\Users\Lenovo\AppData\Local\Arm\Packs\ARM\CMSIS\5.7.0\CMSIS\DSP\Source\DistanceFunctions\DistanceFunctions.c 0x00000000   Number         0  distancefunctions.o ABSOLUTE
    C:\Users\Lenovo\AppData\Local\Arm\Packs\ARM\CMSIS\5.7.0\CMSIS\DSP\Source\FastMathFunctions\FastMathFunctions.c 0x00000000   Number         0  fastmathfunctions.o ABSOLUTE
    C:\Users\Lenovo\AppData\Local\Arm\Packs\ARM\CMSIS\5.7.0\CMSIS\DSP\Source\FilteringFunctions\FilteringFunctions.c 0x00000000   Number         0  filteringfunctions.o ABSOLUTE
    C:\Users\Lenovo\AppData\Local\Arm\Packs\ARM\CMSIS\5.7.0\CMSIS\DSP\Source\MatrixFunctions\MatrixFunctions.c 0x00000000   Number         0  matrixfunctions.o ABSOLUTE
    C:\Users\Lenovo\AppData\Local\Arm\Packs\ARM\CMSIS\5.7.0\CMSIS\DSP\Source\SVMFunctions\SVMFunctions.c 0x00000000   Number         0  svmfunctions.o ABSOLUTE
    C:\Users\Lenovo\AppData\Local\Arm\Packs\ARM\CMSIS\5.7.0\CMSIS\DSP\Source\StatisticsFunctions\StatisticsFunctions.c 0x00000000   Number         0  statisticsfunctions.o ABSOLUTE
    C:\Users\Lenovo\AppData\Local\Arm\Packs\ARM\CMSIS\5.7.0\CMSIS\DSP\Source\SupportFunctions\SupportFunctions.c 0x00000000   Number         0  supportfunctions.o ABSOLUTE
    C:\Users\Lenovo\AppData\Local\Arm\Packs\ARM\CMSIS\5.7.0\CMSIS\DSP\Source\TransformFunctions\TransformFunctions.c 0x00000000   Number         0  transformfunctions.o ABSOLUTE
    C:\\Users\\Lenovo\\AppData\\Local\\Arm\\Packs\\ARM\\CMSIS\\5.7.0\\CMSIS\\DSP\\Source\\BasicMathFunctions\\BasicMathFunctions.c 0x00000000   Number         0  basicmathfunctions.o ABSOLUTE
    C:\\Users\\Lenovo\\AppData\\Local\\Arm\\Packs\\ARM\\CMSIS\\5.7.0\\CMSIS\\DSP\\Source\\BayesFunctions\\BayesFunctions.c 0x00000000   Number         0  bayesfunctions.o ABSOLUTE
    C:\\Users\\Lenovo\\AppData\\Local\\Arm\\Packs\\ARM\\CMSIS\\5.7.0\\CMSIS\\DSP\\Source\\CommonTables\\CommonTables.c 0x00000000   Number         0  commontables.o ABSOLUTE
    C:\\Users\\Lenovo\\AppData\\Local\\Arm\\Packs\\ARM\\CMSIS\\5.7.0\\CMSIS\\DSP\\Source\\ComplexMathFunctions\\ComplexMathFunctions.c 0x00000000   Number         0  complexmathfunctions.o ABSOLUTE
    C:\\Users\\Lenovo\\AppData\\Local\\Arm\\Packs\\ARM\\CMSIS\\5.7.0\\CMSIS\\DSP\\Source\\ControllerFunctions\\ControllerFunctions.c 0x00000000   Number         0  controllerfunctions.o ABSOLUTE
    C:\\Users\\Lenovo\\AppData\\Local\\Arm\\Packs\\ARM\\CMSIS\\5.7.0\\CMSIS\\DSP\\Source\\DistanceFunctions\\DistanceFunctions.c 0x00000000   Number         0  distancefunctions.o ABSOLUTE
    C:\\Users\\Lenovo\\AppData\\Local\\Arm\\Packs\\ARM\\CMSIS\\5.7.0\\CMSIS\\DSP\\Source\\FastMathFunctions\\FastMathFunctions.c 0x00000000   Number         0  fastmathfunctions.o ABSOLUTE
    C:\\Users\\Lenovo\\AppData\\Local\\Arm\\Packs\\ARM\\CMSIS\\5.7.0\\CMSIS\\DSP\\Source\\FilteringFunctions\\FilteringFunctions.c 0x00000000   Number         0  filteringfunctions.o ABSOLUTE
    C:\\Users\\Lenovo\\AppData\\Local\\Arm\\Packs\\ARM\\CMSIS\\5.7.0\\CMSIS\\DSP\\Source\\MatrixFunctions\\MatrixFunctions.c 0x00000000   Number         0  matrixfunctions.o ABSOLUTE
    C:\\Users\\Lenovo\\AppData\\Local\\Arm\\Packs\\ARM\\CMSIS\\5.7.0\\CMSIS\\DSP\\Source\\SVMFunctions\\SVMFunctions.c 0x00000000   Number         0  svmfunctions.o ABSOLUTE
    C:\\Users\\Lenovo\\AppData\\Local\\Arm\\Packs\\ARM\\CMSIS\\5.7.0\\CMSIS\\DSP\\Source\\StatisticsFunctions\\StatisticsFunctions.c 0x00000000   Number         0  statisticsfunctions.o ABSOLUTE
    C:\\Users\\Lenovo\\AppData\\Local\\Arm\\Packs\\ARM\\CMSIS\\5.7.0\\CMSIS\\DSP\\Source\\SupportFunctions\\SupportFunctions.c 0x00000000   Number         0  supportfunctions.o ABSOLUTE
    C:\\Users\\Lenovo\\AppData\\Local\\Arm\\Packs\\ARM\\CMSIS\\5.7.0\\CMSIS\\DSP\\Source\\TransformFunctions\\TransformFunctions.c 0x00000000   Number         0  transformfunctions.o ABSOLUTE
    Delay.c                                  0x00000000   Number         0  delay.o ABSOLUTE
    Delay.c                                  0x00000000   Number         0  delay.o ABSOLUTE
    RCC.c                                    0x00000000   Number         0  rcc.o ABSOLUTE
    RCC.c                                    0x00000000   Number         0  rcc.o ABSOLUTE
    RTE\Device\STM32L412KBUx\startup_stm32l412xx.s 0x00000000   Number         0  startup_stm32l412xx.o ABSOLUTE
    RTE\Device\STM32L412KBUx\system_stm32l4xx.c 0x00000000   Number         0  system_stm32l4xx.o ABSOLUTE
    RTE\\Device\\STM32L412KBUx\\system_stm32l4xx.c 0x00000000   Number         0  system_stm32l4xx.o ABSOLUTE
    USART.c                                  0x00000000   Number         0  usart.o ABSOLUTE
    USART.c                                  0x00000000   Number         0  usart.o ABSOLUTE
    dc.s                                     0x00000000   Number         0  dc.o ABSOLUTE
    main.c                                   0x00000000   Number         0  main.o ABSOLUTE
    main.c                                   0x00000000   Number         0  main.o ABSOLUTE
    retarget.c                               0x00000000   Number         0  retarget.o ABSOLUTE
    RESET                                    0x08000000   Section      396  startup_stm32l412xx.o(RESET)
    !!!main                                  0x0800018c   Section        8  __main.o(!!!main)
    !!!scatter                               0x08000194   Section       52  __scatter.o(!!!scatter)
    !!dclz77c                                0x080001c8   Section      100  __dclz77c.o(!!dclz77c)
    !!handler_zi                             0x0800022c   Section       28  __scatter_zi.o(!!handler_zi)
    .ARM.Collect$$_printf_percent$$00000000  0x08000248   Section        0  _printf_percent.o(.ARM.Collect$$_printf_percent$$00000000)
    .ARM.Collect$$_printf_percent$$00000003  0x08000248   Section        6  _printf_f.o(.ARM.Collect$$_printf_percent$$00000003)
    .ARM.Collect$$_printf_percent$$00000017  0x0800024e   Section        4  _printf_percent_end.o(.ARM.Collect$$_printf_percent$$00000017)
    .ARM.Collect$$libinit$$00000000          0x08000252   Section        2  libinit.o(.ARM.Collect$$libinit$$00000000)
    .ARM.Collect$$libinit$$00000001          0x08000254   Section        4  libinit2.o(.ARM.Collect$$libinit$$00000001)
    .ARM.Collect$$libinit$$00000004          0x08000258   Section        0  libinit2.o(.ARM.Collect$$libinit$$00000004)
    .ARM.Collect$$libinit$$0000000A          0x08000258   Section        0  libinit2.o(.ARM.Collect$$libinit$$0000000A)
    .ARM.Collect$$libinit$$0000000C          0x08000258   Section        0  libinit2.o(.ARM.Collect$$libinit$$0000000C)
    .ARM.Collect$$libinit$$0000000E          0x08000258   Section        0  libinit2.o(.ARM.Collect$$libinit$$0000000E)
    .ARM.Collect$$libinit$$0000000F          0x08000258   Section        6  libinit2.o(.ARM.Collect$$libinit$$0000000F)
    .ARM.Collect$$libinit$$00000011          0x0800025e   Section        0  libinit2.o(.ARM.Collect$$libinit$$00000011)
    .ARM.Collect$$libinit$$00000013          0x0800025e   Section        0  libinit2.o(.ARM.Collect$$libinit$$00000013)
    .ARM.Collect$$libinit$$00000015          0x0800025e   Section        0  libinit2.o(.ARM.Collect$$libinit$$00000015)
    .ARM.Collect$$libinit$$00000016          0x0800025e   Section       10  libinit2.o(.ARM.Collect$$libinit$$00000016)
    .ARM.Collect$$libinit$$00000017          0x08000268   Section        0  libinit2.o(.ARM.Collect$$libinit$$00000017)
    .ARM.Collect$$libinit$$00000019          0x08000268   Section        0  libinit2.o(.ARM.Collect$$libinit$$00000019)
    .ARM.Collect$$libinit$$0000001B          0x08000268   Section        0  libinit2.o(.ARM.Collect$$libinit$$0000001B)
    .ARM.Collect$$libinit$$0000001D          0x08000268   Section        0  libinit2.o(.ARM.Collect$$libinit$$0000001D)
    .ARM.Collect$$libinit$$0000001F          0x08000268   Section        0  libinit2.o(.ARM.Collect$$libinit$$0000001F)
    .ARM.Collect$$libinit$$00000021          0x08000268   Section        0  libinit2.o(.ARM.Collect$$libinit$$00000021)
    .ARM.Collect$$libinit$$00000023          0x08000268   Section        0  libinit2.o(.ARM.Collect$$libinit$$00000023)
    .ARM.Collect$$libinit$$00000025          0x08000268   Section        0  libinit2.o(.ARM.Collect$$libinit$$00000025)
    .ARM.Collect$$libinit$$0000002C          0x08000268   Section        0  libinit2.o(.ARM.Collect$$libinit$$0000002C)
    .ARM.Collect$$libinit$$0000002E          0x08000268   Section        0  libinit2.o(.ARM.Collect$$libinit$$0000002E)
    .ARM.Collect$$libinit$$00000030          0x08000268   Section        0  libinit2.o(.ARM.Collect$$libinit$$00000030)
    .ARM.Collect$$libinit$$00000032          0x08000268   Section        0  libinit2.o(.ARM.Collect$$libinit$$00000032)
    .ARM.Collect$$libinit$$00000033          0x08000268   Section        2  libinit2.o(.ARM.Collect$$libinit$$00000033)
    .ARM.Collect$$libshutdown$$00000000      0x0800026a   Section        2  libshutdown.o(.ARM.Collect$$libshutdown$$00000000)
    .ARM.Collect$$libshutdown$$00000002      0x0800026c   Section        0  libshutdown2.o(.ARM.Collect$$libshutdown$$00000002)
    .ARM.Collect$$libshutdown$$00000004      0x0800026c   Section        0  libshutdown2.o(.ARM.Collect$$libshutdown$$00000004)
    .ARM.Collect$$libshutdown$$00000006      0x0800026c   Section        0  libshutdown2.o(.ARM.Collect$$libshutdown$$00000006)
    .ARM.Collect$$libshutdown$$00000009      0x0800026c   Section        0  libshutdown2.o(.ARM.Collect$$libshutdown$$00000009)
    .ARM.Collect$$libshutdown$$0000000C      0x0800026c   Section        0  libshutdown2.o(.ARM.Collect$$libshutdown$$0000000C)
    .ARM.Collect$$libshutdown$$0000000E      0x0800026c   Section        0  libshutdown2.o(.ARM.Collect$$libshutdown$$0000000E)
    .ARM.Collect$$libshutdown$$00000011      0x0800026c   Section        0  libshutdown2.o(.ARM.Collect$$libshutdown$$00000011)
    .ARM.Collect$$libshutdown$$00000012      0x0800026c   Section        2  libshutdown2.o(.ARM.Collect$$libshutdown$$00000012)
    .ARM.Collect$$rtentry$$00000000          0x0800026e   Section        0  __rtentry.o(.ARM.Collect$$rtentry$$00000000)
    .ARM.Collect$$rtentry$$00000002          0x0800026e   Section        0  __rtentry2.o(.ARM.Collect$$rtentry$$00000002)
    .ARM.Collect$$rtentry$$00000004          0x0800026e   Section        6  __rtentry4.o(.ARM.Collect$$rtentry$$00000004)
    .ARM.Collect$$rtentry$$00000009          0x08000274   Section        0  __rtentry2.o(.ARM.Collect$$rtentry$$00000009)
    .ARM.Collect$$rtentry$$0000000A          0x08000274   Section        4  __rtentry2.o(.ARM.Collect$$rtentry$$0000000A)
    .ARM.Collect$$rtentry$$0000000C          0x08000278   Section        0  __rtentry2.o(.ARM.Collect$$rtentry$$0000000C)
    .ARM.Collect$$rtentry$$0000000D          0x08000278   Section        8  __rtentry2.o(.ARM.Collect$$rtentry$$0000000D)
    .ARM.Collect$$rtexit$$00000000           0x08000280   Section        2  rtexit.o(.ARM.Collect$$rtexit$$00000000)
    .ARM.Collect$$rtexit$$00000002           0x08000282   Section        0  rtexit2.o(.ARM.Collect$$rtexit$$00000002)
    .ARM.Collect$$rtexit$$00000003           0x08000282   Section        4  rtexit2.o(.ARM.Collect$$rtexit$$00000003)
    .ARM.Collect$$rtexit$$00000004           0x08000286   Section        6  rtexit2.o(.ARM.Collect$$rtexit$$00000004)
    .text                                    0x0800028c   Section       64  startup_stm32l412xx.o(.text)
    $v0                                      0x0800028c   Number         0  startup_stm32l412xx.o(.text)
    .text                                    0x080002cc   Section        2  use_no_semi.o(.text)
    .text                                    0x080002d0   Section        0  noretval__2printf.o(.text)
    .text                                    0x080002e8   Section        0  __printf_wp.o(.text)
    .text                                    0x080003f6   Section       78  rt_memclr_w.o(.text)
    .text                                    0x08000444   Section        0  heapauxi.o(.text)
    .text                                    0x0800044a   Section        0  _printf_fp_dec.o(.text)
    _fp_digits                               0x0800044d   Thumb Code   432  _printf_fp_dec.o(.text)
    .text                                    0x08000870   Section        0  _printf_char_file.o(.text)
    .text                                    0x08000894   Section        8  rt_locale_intlibspace.o(.text)
    .text                                    0x0800089c   Section      138  lludiv10.o(.text)
    .text                                    0x08000928   Section        0  _printf_char_common.o(.text)
    _printf_input_char                       0x08000929   Thumb Code    10  _printf_char_common.o(.text)
    .text                                    0x08000958   Section        0  _printf_fp_infnan.o(.text)
    .text                                    0x080009d8   Section        0  bigflt0.o(.text)
    .text                                    0x08000abc   Section        8  libspace.o(.text)
    .text                                    0x08000ac4   Section       74  sys_stackheap_outer.o(.text)
    .text                                    0x08000b0e   Section        0  exit.o(.text)
    .text                                    0x08000b20   Section      128  strcmpv7m.o(.text)
    CL$$btod_d2e                             0x08000ba0   Section       62  btod.o(CL$$btod_d2e)
    CL$$btod_d2e_denorm_low                  0x08000bde   Section       70  btod.o(CL$$btod_d2e_denorm_low)
    CL$$btod_d2e_norm_op1                    0x08000c24   Section       96  btod.o(CL$$btod_d2e_norm_op1)
    CL$$btod_div_common                      0x08000c84   Section      824  btod.o(CL$$btod_div_common)
    CL$$btod_e2e                             0x08000fbc   Section      220  btod.o(CL$$btod_e2e)
    CL$$btod_ediv                            0x08001098   Section       42  btod.o(CL$$btod_ediv)
    CL$$btod_emul                            0x080010c2   Section       42  btod.o(CL$$btod_emul)
    CL$$btod_mult_common                     0x080010ec   Section      580  btod.o(CL$$btod_mult_common)
    i.Delay_Init                             0x08001330   Section        0  delay.o(i.Delay_Init)
    i.GetTick                                0x0800139c   Section        0  delay.o(i.GetTick)
    i.PLL_Config                             0x080013a8   Section        0  rcc.o(i.PLL_Config)
    i.SysTick_Handler                        0x08001494   Section        0  delay.o(i.SysTick_Handler)
    i.SystemCoreClockUpdate                  0x080014b0   Section        0  system_stm32l4xx.o(i.SystemCoreClockUpdate)
    i.SystemInit                             0x0800159c   Section        0  system_stm32l4xx.o(i.SystemInit)
    i.USART2_Config                          0x080015ec   Section        0  usart.o(i.USART2_Config)
    i.USART2_Pins_Config                     0x08001660   Section        0  usart.o(i.USART2_Pins_Config)
    USART2_Pins_Config                       0x08001661   Thumb Code   154  usart.o(i.USART2_Pins_Config)
    i.USART2_putc                            0x08001708   Section        0  usart.o(i.USART2_putc)
    i.__ARM_fpclassify                       0x08001724   Section        0  fpclassify.o(i.__ARM_fpclassify)
    i.__NVIC_EnableIRQ                       0x08001754   Section        0  usart.o(i.__NVIC_EnableIRQ)
    __NVIC_EnableIRQ                         0x08001755   Thumb Code    34  usart.o(i.__NVIC_EnableIRQ)
    i.__NVIC_SetPriority                     0x08001778   Section        0  usart.o(i.__NVIC_SetPriority)
    __NVIC_SetPriority                       0x08001779   Thumb Code    32  usart.o(i.__NVIC_SetPriority)
    i._is_digit                              0x080017a0   Section        0  __printf_wp.o(i._is_digit)
    i._sys_exit                              0x080017ae   Section        0  retarget.o(i._sys_exit)
    i.arm_fir_f32                            0x080017b4   Section        0  filteringfunctions.o(i.arm_fir_f32)
    i.arm_fir_init_f32                       0x08001846   Section        0  filteringfunctions.o(i.arm_fir_init_f32)
    i.delay_ms                               0x0800186e   Section        0  delay.o(i.delay_ms)
    i.ferror                                 0x08001888   Section        0  retarget.o(i.ferror)
    i.fputc                                  0x08001890   Section        0  retarget.o(i.fputc)
    i.main                                   0x080018a0   Section        0  main.o(i.main)
    i.plot_signal                            0x080018f4   Section        0  main.o(i.plot_signal)
    i.setUSARTDIV                            0x08001974   Section        0  usart.o(i.setUSARTDIV)
    setUSARTDIV                              0x08001975   Thumb Code    44  usart.o(i.setUSARTDIV)
    locale$$code                             0x080019a0   Section       44  lc_numeric_c.o(locale$$code)
    x$fpl$dretinf                            0x080019cc   Section       12  dretinf.o(x$fpl$dretinf)
    $v0                                      0x080019cc   Number         0  dretinf.o(x$fpl$dretinf)
    x$fpl$f2d                                0x080019d8   Section       86  f2d.o(x$fpl$f2d)
    $v0                                      0x080019d8   Number         0  f2d.o(x$fpl$f2d)
    x$fpl$fnaninf                            0x08001a2e   Section      140  fnaninf.o(x$fpl$fnaninf)
    $v0                                      0x08001a2e   Number         0  fnaninf.o(x$fpl$fnaninf)
    x$fpl$fpinit                             0x08001aba   Section       10  fpinit.o(x$fpl$fpinit)
    $v0                                      0x08001aba   Number         0  fpinit.o(x$fpl$fpinit)
    x$fpl$printf1                            0x08001ac4   Section        4  printf1.o(x$fpl$printf1)
    $v0                                      0x08001ac4   Number         0  printf1.o(x$fpl$printf1)
    .constdata                               0x08001ac8   Section       72  system_stm32l4xx.o(.constdata)
    x$fpl$usenofp                            0x08001ac8   Section        0  usenofp.o(x$fpl$usenofp)
    .constdata                               0x08001b10   Section      148  bigflt0.o(.constdata)
    tenpwrs_x                                0x08001b10   Data          60  bigflt0.o(.constdata)
    tenpwrs_i                                0x08001b4c   Data          64  bigflt0.o(.constdata)
    locale$$data                             0x08001bc4   Section       28  lc_numeric_c.o(locale$$data)
    __lcnum_c_name                           0x08001bc8   Data           2  lc_numeric_c.o(locale$$data)
    __lcnum_c_start                          0x08001bd0   Data           0  lc_numeric_c.o(locale$$data)
    __lcnum_c_point                          0x08001bdc   Data           0  lc_numeric_c.o(locale$$data)
    __lcnum_c_thousands                      0x08001bde   Data           0  lc_numeric_c.o(locale$$data)
    __lcnum_c_grouping                       0x08001bdf   Data           0  lc_numeric_c.o(locale$$data)
    __lcnum_c_end                            0x08001be0   Data           0  lc_numeric_c.o(locale$$data)
    .data                                    0x20000000   Section        4  delay.o(.data)
    .data                                    0x20000004   Section        8  retarget.o(.data)
    .data                                    0x2000000c   Section      856  main.o(.data)
    .data                                    0x20000364   Section        4  system_stm32l4xx.o(.data)
    .bss                                     0x20000368   Section     1688  main.o(.bss)
    .bss                                     0x20000a00   Section       96  libspace.o(.bss)
    HEAP                                     0x20000a60   Section      512  startup_stm32l412xx.o(HEAP)
    Heap_Mem                                 0x20000a60   Data         512  startup_stm32l412xx.o(HEAP)
    STACK                                    0x20000c60   Section     1024  startup_stm32l412xx.o(STACK)
    Stack_Mem                                0x20000c60   Data        1024  startup_stm32l412xx.o(STACK)
    __initial_sp                             0x20001060   Data           0  startup_stm32l412xx.o(STACK)

    Global Symbols

    Symbol Name                              Value     Ov Type        Size  Object(Section)

    BuildAttributes$$THM_ISAv4$E$P$D$K$B$S$7EM$VFPi3$EXTD16$VFPS$VFMA$PE$A:L22UL41UL21$X:L11$S22US41US21$IEEE1$IW$USESV6$~STKCKD$USESV7$~SHL$OTIME$ROPI$IEEEX$EBA8$UX$STANDARDLIB$REQ8$PRES8$EABIv2 0x00000000   Number         0  anon$$obj.o ABSOLUTE
    __ARM_use_no_argv                        0x00000000   Number         0  main.o ABSOLUTE
    _printf_flags                            0x00000000   Number         0  printf_stubs.o ABSOLUTE
    _printf_return_value                     0x00000000   Number         0  printf_stubs.o ABSOLUTE
    _printf_sizespec                         0x00000000   Number         0  printf_stubs.o ABSOLUTE
    _printf_widthprec                        0x00000000   Number         0  printf_stubs.o ABSOLUTE
    __ARM_exceptions_init                     - Undefined Weak Reference
    __alloca_initialize                       - Undefined Weak Reference
    __arm_fini_                               - Undefined Weak Reference
    __arm_preinit_                            - Undefined Weak Reference
    __cpp_initialize__aeabi_                  - Undefined Weak Reference
    __cxa_finalize                            - Undefined Weak Reference
    __sigvec_lookup                           - Undefined Weak Reference
    _atexit_init                              - Undefined Weak Reference
    _call_atexit_fns                          - Undefined Weak Reference
    _clock_init                               - Undefined Weak Reference
    _fp_trap_init                             - Undefined Weak Reference
    _fp_trap_shutdown                         - Undefined Weak Reference
    _get_lc_collate                           - Undefined Weak Reference
    _get_lc_ctype                             - Undefined Weak Reference
    _get_lc_monetary                          - Undefined Weak Reference
    _get_lc_time                              - Undefined Weak Reference
    _getenv_init                              - Undefined Weak Reference
    _handle_redirection                       - Undefined Weak Reference
    _init_alloc                               - Undefined Weak Reference
    _init_user_alloc                          - Undefined Weak Reference
    _initio                                   - Undefined Weak Reference
    _printf_post_padding                      - Undefined Weak Reference
    _printf_pre_padding                       - Undefined Weak Reference
    _rand_init                                - Undefined Weak Reference
    _signal_finish                            - Undefined Weak Reference
    _signal_init                              - Undefined Weak Reference
    _terminate_alloc                          - Undefined Weak Reference
    _terminate_user_alloc                     - Undefined Weak Reference
    _terminateio                              - Undefined Weak Reference
    __Vectors_Size                           0x0000018c   Number         0  startup_stm32l412xx.o ABSOLUTE
    __Vectors                                0x08000000   Data           4  startup_stm32l412xx.o(RESET)
    __Vectors_End                            0x0800018c   Data           0  startup_stm32l412xx.o(RESET)
    __main                                   0x0800018d   Thumb Code     8  __main.o(!!!main)
    __scatterload                            0x08000195   Thumb Code     0  __scatter.o(!!!scatter)
    __scatterload_rt2                        0x08000195   Thumb Code    44  __scatter.o(!!!scatter)
    __scatterload_rt2_thumb_only             0x08000195   Thumb Code     0  __scatter.o(!!!scatter)
    __scatterload_null                       0x080001a3   Thumb Code     0  __scatter.o(!!!scatter)
    __decompress                             0x080001c9   Thumb Code   100  __dclz77c.o(!!dclz77c)
    __decompress2                            0x080001c9   Thumb Code     0  __dclz77c.o(!!dclz77c)
    __scatterload_zeroinit                   0x0800022d   Thumb Code    28  __scatter_zi.o(!!handler_zi)
    _printf_f                                0x08000249   Thumb Code     0  _printf_f.o(.ARM.Collect$$_printf_percent$$00000003)
    _printf_percent                          0x08000249   Thumb Code     0  _printf_percent.o(.ARM.Collect$$_printf_percent$$00000000)
    _printf_percent_end                      0x0800024f   Thumb Code     0  _printf_percent_end.o(.ARM.Collect$$_printf_percent$$00000017)
    __rt_lib_init                            0x08000253   Thumb Code     0  libinit.o(.ARM.Collect$$libinit$$00000000)
    __rt_lib_init_fp_1                       0x08000255   Thumb Code     0  libinit2.o(.ARM.Collect$$libinit$$00000001)
    __rt_lib_init_heap_1                     0x08000259   Thumb Code     0  libinit2.o(.ARM.Collect$$libinit$$0000000A)
    __rt_lib_init_lc_common                  0x08000259   Thumb Code     0  libinit2.o(.ARM.Collect$$libinit$$0000000F)
    __rt_lib_init_preinit_1                  0x08000259   Thumb Code     0  libinit2.o(.ARM.Collect$$libinit$$00000004)
    __rt_lib_init_rand_1                     0x08000259   Thumb Code     0  libinit2.o(.ARM.Collect$$libinit$$0000000E)
    __rt_lib_init_user_alloc_1               0x08000259   Thumb Code     0  libinit2.o(.ARM.Collect$$libinit$$0000000C)
    __rt_lib_init_lc_collate_1               0x0800025f   Thumb Code     0  libinit2.o(.ARM.Collect$$libinit$$00000011)
    __rt_lib_init_lc_ctype_1                 0x0800025f   Thumb Code     0  libinit2.o(.ARM.Collect$$libinit$$00000013)
    __rt_lib_init_lc_monetary_1              0x0800025f   Thumb Code     0  libinit2.o(.ARM.Collect$$libinit$$00000015)
    __rt_lib_init_lc_numeric_2               0x0800025f   Thumb Code     0  libinit2.o(.ARM.Collect$$libinit$$00000016)
    __rt_lib_init_alloca_1                   0x08000269   Thumb Code     0  libinit2.o(.ARM.Collect$$libinit$$0000002E)
    __rt_lib_init_argv_1                     0x08000269   Thumb Code     0  libinit2.o(.ARM.Collect$$libinit$$0000002C)
    __rt_lib_init_atexit_1                   0x08000269   Thumb Code     0  libinit2.o(.ARM.Collect$$libinit$$0000001B)
    __rt_lib_init_clock_1                    0x08000269   Thumb Code     0  libinit2.o(.ARM.Collect$$libinit$$00000021)
    __rt_lib_init_cpp_1                      0x08000269   Thumb Code     0  libinit2.o(.ARM.Collect$$libinit$$00000032)
    __rt_lib_init_exceptions_1               0x08000269   Thumb Code     0  libinit2.o(.ARM.Collect$$libinit$$00000030)
    __rt_lib_init_fp_trap_1                  0x08000269   Thumb Code     0  libinit2.o(.ARM.Collect$$libinit$$0000001F)
    __rt_lib_init_getenv_1                   0x08000269   Thumb Code     0  libinit2.o(.ARM.Collect$$libinit$$00000023)
    __rt_lib_init_lc_numeric_1               0x08000269   Thumb Code     0  libinit2.o(.ARM.Collect$$libinit$$00000017)
    __rt_lib_init_lc_time_1                  0x08000269   Thumb Code     0  libinit2.o(.ARM.Collect$$libinit$$00000019)
    __rt_lib_init_return                     0x08000269   Thumb Code     0  libinit2.o(.ARM.Collect$$libinit$$00000033)
    __rt_lib_init_signal_1                   0x08000269   Thumb Code     0  libinit2.o(.ARM.Collect$$libinit$$0000001D)
    __rt_lib_init_stdio_1                    0x08000269   Thumb Code     0  libinit2.o(.ARM.Collect$$libinit$$00000025)
    __rt_lib_shutdown                        0x0800026b   Thumb Code     0  libshutdown.o(.ARM.Collect$$libshutdown$$00000000)
    __rt_lib_shutdown_cpp_1                  0x0800026d   Thumb Code     0  libshutdown2.o(.ARM.Collect$$libshutdown$$00000004)
    __rt_lib_shutdown_fini_1                 0x0800026d   Thumb Code     0  libshutdown2.o(.ARM.Collect$$libshutdown$$00000002)
    __rt_lib_shutdown_fp_trap_1              0x0800026d   Thumb Code     0  libshutdown2.o(.ARM.Collect$$libshutdown$$00000009)
    __rt_lib_shutdown_heap_1                 0x0800026d   Thumb Code     0  libshutdown2.o(.ARM.Collect$$libshutdown$$00000011)
    __rt_lib_shutdown_return                 0x0800026d   Thumb Code     0  libshutdown2.o(.ARM.Collect$$libshutdown$$00000012)
    __rt_lib_shutdown_signal_1               0x0800026d   Thumb Code     0  libshutdown2.o(.ARM.Collect$$libshutdown$$0000000C)
    __rt_lib_shutdown_stdio_1                0x0800026d   Thumb Code     0  libshutdown2.o(.ARM.Collect$$libshutdown$$00000006)
    __rt_lib_shutdown_user_alloc_1           0x0800026d   Thumb Code     0  libshutdown2.o(.ARM.Collect$$libshutdown$$0000000E)
    __rt_entry                               0x0800026f   Thumb Code     0  __rtentry.o(.ARM.Collect$$rtentry$$00000000)
    __rt_entry_presh_1                       0x0800026f   Thumb Code     0  __rtentry2.o(.ARM.Collect$$rtentry$$00000002)
    __rt_entry_sh                            0x0800026f   Thumb Code     0  __rtentry4.o(.ARM.Collect$$rtentry$$00000004)
    __rt_entry_li                            0x08000275   Thumb Code     0  __rtentry2.o(.ARM.Collect$$rtentry$$0000000A)
    __rt_entry_postsh_1                      0x08000275   Thumb Code     0  __rtentry2.o(.ARM.Collect$$rtentry$$00000009)
    __rt_entry_main                          0x08000279   Thumb Code     0  __rtentry2.o(.ARM.Collect$$rtentry$$0000000D)
    __rt_entry_postli_1                      0x08000279   Thumb Code     0  __rtentry2.o(.ARM.Collect$$rtentry$$0000000C)
    __rt_exit                                0x08000281   Thumb Code     0  rtexit.o(.ARM.Collect$$rtexit$$00000000)
    __rt_exit_ls                             0x08000283   Thumb Code     0  rtexit2.o(.ARM.Collect$$rtexit$$00000003)
    __rt_exit_prels_1                        0x08000283   Thumb Code     0  rtexit2.o(.ARM.Collect$$rtexit$$00000002)
    __rt_exit_exit                           0x08000287   Thumb Code     0  rtexit2.o(.ARM.Collect$$rtexit$$00000004)
    Reset_Handler                            0x0800028d   Thumb Code     8  startup_stm32l412xx.o(.text)
    NMI_Handler                              0x08000295   Thumb Code     2  startup_stm32l412xx.o(.text)
    HardFault_Handler                        0x08000297   Thumb Code     2  startup_stm32l412xx.o(.text)
    MemManage_Handler                        0x08000299   Thumb Code     2  startup_stm32l412xx.o(.text)
    BusFault_Handler                         0x0800029b   Thumb Code     2  startup_stm32l412xx.o(.text)
    UsageFault_Handler                       0x0800029d   Thumb Code     2  startup_stm32l412xx.o(.text)
    SVC_Handler                              0x0800029f   Thumb Code     2  startup_stm32l412xx.o(.text)
    DebugMon_Handler                         0x080002a1   Thumb Code     2  startup_stm32l412xx.o(.text)
    PendSV_Handler                           0x080002a3   Thumb Code     2  startup_stm32l412xx.o(.text)
    ADC1_2_IRQHandler                        0x080002a7   Thumb Code     0  startup_stm32l412xx.o(.text)
    COMP_IRQHandler                          0x080002a7   Thumb Code     0  startup_stm32l412xx.o(.text)
    CRS_IRQHandler                           0x080002a7   Thumb Code     0  startup_stm32l412xx.o(.text)
    DMA1_Channel1_IRQHandler                 0x080002a7   Thumb Code     0  startup_stm32l412xx.o(.text)
    DMA1_Channel2_IRQHandler                 0x080002a7   Thumb Code     0  startup_stm32l412xx.o(.text)
    DMA1_Channel3_IRQHandler                 0x080002a7   Thumb Code     0  startup_stm32l412xx.o(.text)
    DMA1_Channel4_IRQHandler                 0x080002a7   Thumb Code     0  startup_stm32l412xx.o(.text)
    DMA1_Channel5_IRQHandler                 0x080002a7   Thumb Code     0  startup_stm32l412xx.o(.text)
    DMA1_Channel6_IRQHandler                 0x080002a7   Thumb Code     0  startup_stm32l412xx.o(.text)
    DMA1_Channel7_IRQHandler                 0x080002a7   Thumb Code     0  startup_stm32l412xx.o(.text)
    DMA2_Channel1_IRQHandler                 0x080002a7   Thumb Code     0  startup_stm32l412xx.o(.text)
    DMA2_Channel2_IRQHandler                 0x080002a7   Thumb Code     0  startup_stm32l412xx.o(.text)
    DMA2_Channel3_IRQHandler                 0x080002a7   Thumb Code     0  startup_stm32l412xx.o(.text)
    DMA2_Channel4_IRQHandler                 0x080002a7   Thumb Code     0  startup_stm32l412xx.o(.text)
    DMA2_Channel5_IRQHandler                 0x080002a7   Thumb Code     0  startup_stm32l412xx.o(.text)
    DMA2_Channel6_IRQHandler                 0x080002a7   Thumb Code     0  startup_stm32l412xx.o(.text)
    DMA2_Channel7_IRQHandler                 0x080002a7   Thumb Code     0  startup_stm32l412xx.o(.text)
    EXTI0_IRQHandler                         0x080002a7   Thumb Code     0  startup_stm32l412xx.o(.text)
    EXTI15_10_IRQHandler                     0x080002a7   Thumb Code     0  startup_stm32l412xx.o(.text)
    EXTI1_IRQHandler                         0x080002a7   Thumb Code     0  startup_stm32l412xx.o(.text)
    EXTI2_IRQHandler                         0x080002a7   Thumb Code     0  startup_stm32l412xx.o(.text)
    EXTI3_IRQHandler                         0x080002a7   Thumb Code     0  startup_stm32l412xx.o(.text)
    EXTI4_IRQHandler                         0x080002a7   Thumb Code     0  startup_stm32l412xx.o(.text)
    EXTI9_5_IRQHandler                       0x080002a7   Thumb Code     0  startup_stm32l412xx.o(.text)
    FLASH_IRQHandler                         0x080002a7   Thumb Code     0  startup_stm32l412xx.o(.text)
    FPU_IRQHandler                           0x080002a7   Thumb Code     0  startup_stm32l412xx.o(.text)
    I2C1_ER_IRQHandler                       0x080002a7   Thumb Code     0  startup_stm32l412xx.o(.text)
    I2C1_EV_IRQHandler                       0x080002a7   Thumb Code     0  startup_stm32l412xx.o(.text)
    I2C2_ER_IRQHandler                       0x080002a7   Thumb Code     0  startup_stm32l412xx.o(.text)
    I2C2_EV_IRQHandler                       0x080002a7   Thumb Code     0  startup_stm32l412xx.o(.text)
    I2C3_ER_IRQHandler                       0x080002a7   Thumb Code     0  startup_stm32l412xx.o(.text)
    I2C3_EV_IRQHandler                       0x080002a7   Thumb Code     0  startup_stm32l412xx.o(.text)
    LPTIM1_IRQHandler                        0x080002a7   Thumb Code     0  startup_stm32l412xx.o(.text)
    LPTIM2_IRQHandler                        0x080002a7   Thumb Code     0  startup_stm32l412xx.o(.text)
    LPUART1_IRQHandler                       0x080002a7   Thumb Code     0  startup_stm32l412xx.o(.text)
    PVD_PVM_IRQHandler                       0x080002a7   Thumb Code     0  startup_stm32l412xx.o(.text)
    QUADSPI_IRQHandler                       0x080002a7   Thumb Code     0  startup_stm32l412xx.o(.text)
    RCC_IRQHandler                           0x080002a7   Thumb Code     0  startup_stm32l412xx.o(.text)
    RNG_IRQHandler                           0x080002a7   Thumb Code     0  startup_stm32l412xx.o(.text)
    RTC_Alarm_IRQHandler                     0x080002a7   Thumb Code     0  startup_stm32l412xx.o(.text)
    RTC_WKUP_IRQHandler                      0x080002a7   Thumb Code     0  startup_stm32l412xx.o(.text)
    SPI1_IRQHandler                          0x080002a7   Thumb Code     0  startup_stm32l412xx.o(.text)
    SPI2_IRQHandler                          0x080002a7   Thumb Code     0  startup_stm32l412xx.o(.text)
    TAMP_STAMP_IRQHandler                    0x080002a7   Thumb Code     0  startup_stm32l412xx.o(.text)
    TIM1_BRK_TIM15_IRQHandler                0x080002a7   Thumb Code     0  startup_stm32l412xx.o(.text)
    TIM1_CC_IRQHandler                       0x080002a7   Thumb Code     0  startup_stm32l412xx.o(.text)
    TIM1_TRG_COM_IRQHandler                  0x080002a7   Thumb Code     0  startup_stm32l412xx.o(.text)
    TIM1_UP_TIM16_IRQHandler                 0x080002a7   Thumb Code     0  startup_stm32l412xx.o(.text)
    TIM2_IRQHandler                          0x080002a7   Thumb Code     0  startup_stm32l412xx.o(.text)
    TIM6_IRQHandler                          0x080002a7   Thumb Code     0  startup_stm32l412xx.o(.text)
    TSC_IRQHandler                           0x080002a7   Thumb Code     0  startup_stm32l412xx.o(.text)
    USART1_IRQHandler                        0x080002a7   Thumb Code     0  startup_stm32l412xx.o(.text)
    USART2_IRQHandler                        0x080002a7   Thumb Code     0  startup_stm32l412xx.o(.text)
    USART3_IRQHandler                        0x080002a7   Thumb Code     0  startup_stm32l412xx.o(.text)
    USB_IRQHandler                           0x080002a7   Thumb Code     0  startup_stm32l412xx.o(.text)
    WWDG_IRQHandler                          0x080002a7   Thumb Code     0  startup_stm32l412xx.o(.text)
    __user_initial_stackheap                 0x080002a9   Thumb Code     0  startup_stm32l412xx.o(.text)
    __I$use$semihosting                      0x080002cd   Thumb Code     0  use_no_semi.o(.text)
    __use_no_semihosting_swi                 0x080002cd   Thumb Code     2  use_no_semi.o(.text)
    __2printf                                0x080002d1   Thumb Code    20  noretval__2printf.o(.text)
    __printf                                 0x080002e9   Thumb Code   270  __printf_wp.o(.text)
    __aeabi_memclr4                          0x080003f7   Thumb Code     0  rt_memclr_w.o(.text)
    __aeabi_memclr8                          0x080003f7   Thumb Code     0  rt_memclr_w.o(.text)
    __rt_memclr_w                            0x080003f7   Thumb Code    78  rt_memclr_w.o(.text)
    _memset_w                                0x080003fb   Thumb Code     0  rt_memclr_w.o(.text)
    __use_two_region_memory                  0x08000445   Thumb Code     2  heapauxi.o(.text)
    __rt_heap_escrow$2region                 0x08000447   Thumb Code     2  heapauxi.o(.text)
    __rt_heap_expand$2region                 0x08000449   Thumb Code     2  heapauxi.o(.text)
    __lib_sel_fp_printf                      0x0800044b   Thumb Code     2  _printf_fp_dec.o(.text)
    _printf_fp_dec_real                      0x080005fd   Thumb Code   620  _printf_fp_dec.o(.text)
    _printf_char_file                        0x08000871   Thumb Code    32  _printf_char_file.o(.text)
    __rt_locale                              0x08000895   Thumb Code     8  rt_locale_intlibspace.o(.text)
    _ll_udiv10                               0x0800089d   Thumb Code   138  lludiv10.o(.text)
    _printf_char_common                      0x08000933   Thumb Code    32  _printf_char_common.o(.text)
    _printf_fp_infnan                        0x08000959   Thumb Code   112  _printf_fp_infnan.o(.text)
    _btod_etento                             0x080009d9   Thumb Code   224  bigflt0.o(.text)
    __user_libspace                          0x08000abd   Thumb Code     8  libspace.o(.text)
    __user_perproc_libspace                  0x08000abd   Thumb Code     0  libspace.o(.text)
    __user_perthread_libspace                0x08000abd   Thumb Code     0  libspace.o(.text)
    __user_setup_stackheap                   0x08000ac5   Thumb Code    74  sys_stackheap_outer.o(.text)
    exit                                     0x08000b0f   Thumb Code    18  exit.o(.text)
    strcmp                                   0x08000b21   Thumb Code   128  strcmpv7m.o(.text)
    _btod_d2e                                0x08000ba1   Thumb Code    62  btod.o(CL$$btod_d2e)
    _d2e_denorm_low                          0x08000bdf   Thumb Code    70  btod.o(CL$$btod_d2e_denorm_low)
    _d2e_norm_op1                            0x08000c25   Thumb Code    96  btod.o(CL$$btod_d2e_norm_op1)
    __btod_div_common                        0x08000c85   Thumb Code   696  btod.o(CL$$btod_div_common)
    _e2e                                     0x08000fbd   Thumb Code   220  btod.o(CL$$btod_e2e)
    _btod_ediv                               0x08001099   Thumb Code    42  btod.o(CL$$btod_ediv)
    _btod_emul                               0x080010c3   Thumb Code    42  btod.o(CL$$btod_emul)
    __btod_mult_common                       0x080010ed   Thumb Code   580  btod.o(CL$$btod_mult_common)
    Delay_Init                               0x08001331   Thumb Code    94  delay.o(i.Delay_Init)
    GetTick                                  0x0800139d   Thumb Code     6  delay.o(i.GetTick)
    PLL_Config                               0x080013a9   Thumb Code   226  rcc.o(i.PLL_Config)
    SysTick_Handler                          0x08001495   Thumb Code    24  delay.o(i.SysTick_Handler)
    SystemCoreClockUpdate                    0x080014b1   Thumb Code   212  system_stm32l4xx.o(i.SystemCoreClockUpdate)
    SystemInit                               0x0800159d   Thumb Code    68  system_stm32l4xx.o(i.SystemInit)
    USART2_Config                            0x080015ed   Thumb Code   106  usart.o(i.USART2_Config)
    USART2_putc                              0x08001709   Thumb Code    22  usart.o(i.USART2_putc)
    __ARM_fpclassify                         0x08001725   Thumb Code    48  fpclassify.o(i.__ARM_fpclassify)
    _is_digit                                0x080017a1   Thumb Code    14  __printf_wp.o(i._is_digit)
    _sys_exit                                0x080017af   Thumb Code     4  retarget.o(i._sys_exit)
    arm_fir_f32                              0x080017b5   Thumb Code   134  filteringfunctions.o(i.arm_fir_f32)
    arm_fir_init_f32                         0x08001847   Thumb Code    40  filteringfunctions.o(i.arm_fir_init_f32)
    delay_ms                                 0x0800186f   Thumb Code    26  delay.o(i.delay_ms)
    ferror                                   0x08001889   Thumb Code     8  retarget.o(i.ferror)
    fputc                                    0x08001891   Thumb Code    16  retarget.o(i.fputc)
    main                                     0x080018a1   Thumb Code    60  main.o(i.main)
    plot_signal                              0x080018f5   Thumb Code   104  main.o(i.plot_signal)
    _get_lc_numeric                          0x080019a1   Thumb Code    44  lc_numeric_c.o(locale$$code)
    __fpl_dretinf                            0x080019cd   Thumb Code    12  dretinf.o(x$fpl$dretinf)
    __aeabi_f2d                              0x080019d9   Thumb Code     0  f2d.o(x$fpl$f2d)
    _f2d                                     0x080019d9   Thumb Code    86  f2d.o(x$fpl$f2d)
    __fpl_fnaninf                            0x08001a2f   Thumb Code   140  fnaninf.o(x$fpl$fnaninf)
    _fp_init                                 0x08001abb   Thumb Code    10  fpinit.o(x$fpl$fpinit)
    __fplib_config_fpu_vfp                   0x08001ac3   Thumb Code     0  fpinit.o(x$fpl$fpinit)
    __fplib_config_pureend_doubles           0x08001ac3   Thumb Code     0  fpinit.o(x$fpl$fpinit)
    _printf_fp_dec                           0x08001ac5   Thumb Code     4  printf1.o(x$fpl$printf1)
    AHBPrescTable                            0x08001ac8   Data          16  system_stm32l4xx.o(.constdata)
    __I$use$fp                               0x08001ac8   Number         0  usenofp.o(x$fpl$usenofp)
    APBPrescTable                            0x08001ad8   Data           8  system_stm32l4xx.o(.constdata)
    MSIRangeTable                            0x08001ae0   Data          48  system_stm32l4xx.o(.constdata)
    Region$$Table$$Base                      0x08001ba4   Number         0  anon$$obj.o(Region$$Table)
    Region$$Table$$Limit                     0x08001bc4   Number         0  anon$$obj.o(Region$$Table)
    uwTick                                   0x20000000   Data           4  delay.o(.data)
    __stdout                                 0x20000004   Data           4  retarget.o(.data)
    __stdin                                  0x20000008   Data           4  retarget.o(.data)
    Signal                                   0x2000000c   Data         512  main.o(.data)
    h                                        0x2000020c   Data         328  main.o(.data)
    numCycles                                0x20000354   Data           4  main.o(.data)
    timeProcess                              0x20000358   Data           4  main.o(.data)
    inputSample                              0x2000035c   Data           4  main.o(.data)
    outputSample                             0x20000360   Data           4  main.o(.data)
    SystemCoreClock                          0x20000364   Data           4  system_stm32l4xx.o(.data)
    y                                        0x20000368   Data         512  main.o(.bss)
    firStateF32                              0x20000568   Data         836  main.o(.bss)
    his                                      0x200008ac   Data         328  main.o(.bss)
    S                                        0x200009f4   Data          12  main.o(.bss)
    __libspace_start                         0x20000a00   Data          96  libspace.o(.bss)
    __temporary_stack_top$libspace           0x20000a60   Data           0  libspace.o(.bss)



==============================================================================

Memory Map of the image

  Image Entry point : 0x0800018d

  Load Region LR_IROM1 (Base: 0x08000000, Size: 0x00001f48, Max: 0x00020000, ABSOLUTE, COMPRESSED[0x00001da8])

    Execution Region ER_IROM1 (Exec base: 0x08000000, Load base: 0x08000000, Size: 0x00001be0, Max: 0x00020000, ABSOLUTE)

    Exec Addr    Load Addr    Size         Type   Attr      Idx    E Section Name        Object

    0x08000000   0x08000000   0x0000018c   Data   RO         4038    RESET               startup_stm32l412xx.o
    0x0800018c   0x0800018c   0x00000008   Code   RO         4128  * !!!main             c_w.l(__main.o)
    0x08000194   0x08000194   0x00000034   Code   RO         4496    !!!scatter          c_w.l(__scatter.o)
    0x080001c8   0x080001c8   0x00000064   Code   RO         4494    !!dclz77c           c_w.l(__dclz77c.o)
    0x0800022c   0x0800022c   0x0000001c   Code   RO         4498    !!handler_zi        c_w.l(__scatter_zi.o)
    0x08000248   0x08000248   0x00000000   Code   RO         4119    .ARM.Collect$$_printf_percent$$00000000  c_w.l(_printf_percent.o)
    0x08000248   0x08000248   0x00000006   Code   RO         4118    .ARM.Collect$$_printf_percent$$00000003  c_w.l(_printf_f.o)
    0x0800024e   0x0800024e   0x00000004   Code   RO         4241    .ARM.Collect$$_printf_percent$$00000017  c_w.l(_printf_percent_end.o)
    0x08000252   0x08000252   0x00000002   Code   RO         4371    .ARM.Collect$$libinit$$00000000  c_w.l(libinit.o)
    0x08000254   0x08000254   0x00000004   Code   RO         4372    .ARM.Collect$$libinit$$00000001  c_w.l(libinit2.o)
    0x08000258   0x08000258   0x00000000   Code   RO         4375    .ARM.Collect$$libinit$$00000004  c_w.l(libinit2.o)
    0x08000258   0x08000258   0x00000000   Code   RO         4378    .ARM.Collect$$libinit$$0000000A  c_w.l(libinit2.o)
    0x08000258   0x08000258   0x00000000   Code   RO         4380    .ARM.Collect$$libinit$$0000000C  c_w.l(libinit2.o)
    0x08000258   0x08000258   0x00000000   Code   RO         4382    .ARM.Collect$$libinit$$0000000E  c_w.l(libinit2.o)
    0x08000258   0x08000258   0x00000006   Code   RO         4383    .ARM.Collect$$libinit$$0000000F  c_w.l(libinit2.o)
    0x0800025e   0x0800025e   0x00000000   Code   RO         4385    .ARM.Collect$$libinit$$00000011  c_w.l(libinit2.o)
    0x0800025e   0x0800025e   0x00000000   Code   RO         4387    .ARM.Collect$$libinit$$00000013  c_w.l(libinit2.o)
    0x0800025e   0x0800025e   0x00000000   Code   RO         4389    .ARM.Collect$$libinit$$00000015  c_w.l(libinit2.o)
    0x0800025e   0x0800025e   0x0000000a   Code   RO         4390    .ARM.Collect$$libinit$$00000016  c_w.l(libinit2.o)
    0x08000268   0x08000268   0x00000000   Code   RO         4391    .ARM.Collect$$libinit$$00000017  c_w.l(libinit2.o)
    0x08000268   0x08000268   0x00000000   Code   RO         4393    .ARM.Collect$$libinit$$00000019  c_w.l(libinit2.o)
    0x08000268   0x08000268   0x00000000   Code   RO         4395    .ARM.Collect$$libinit$$0000001B  c_w.l(libinit2.o)
    0x08000268   0x08000268   0x00000000   Code   RO         4397    .ARM.Collect$$libinit$$0000001D  c_w.l(libinit2.o)
    0x08000268   0x08000268   0x00000000   Code   RO         4399    .ARM.Collect$$libinit$$0000001F  c_w.l(libinit2.o)
    0x08000268   0x08000268   0x00000000   Code   RO         4401    .ARM.Collect$$libinit$$00000021  c_w.l(libinit2.o)
    0x08000268   0x08000268   0x00000000   Code   RO         4403    .ARM.Collect$$libinit$$00000023  c_w.l(libinit2.o)
    0x08000268   0x08000268   0x00000000   Code   RO         4405    .ARM.Collect$$libinit$$00000025  c_w.l(libinit2.o)
    0x08000268   0x08000268   0x00000000   Code   RO         4409    .ARM.Collect$$libinit$$0000002C  c_w.l(libinit2.o)
    0x08000268   0x08000268   0x00000000   Code   RO         4411    .ARM.Collect$$libinit$$0000002E  c_w.l(libinit2.o)
    0x08000268   0x08000268   0x00000000   Code   RO         4413    .ARM.Collect$$libinit$$00000030  c_w.l(libinit2.o)
    0x08000268   0x08000268   0x00000000   Code   RO         4415    .ARM.Collect$$libinit$$00000032  c_w.l(libinit2.o)
    0x08000268   0x08000268   0x00000002   Code   RO         4416    .ARM.Collect$$libinit$$00000033  c_w.l(libinit2.o)
    0x0800026a   0x0800026a   0x00000002   Code   RO         4456    .ARM.Collect$$libshutdown$$00000000  c_w.l(libshutdown.o)
    0x0800026c   0x0800026c   0x00000000   Code   RO         4475    .ARM.Collect$$libshutdown$$00000002  c_w.l(libshutdown2.o)
    0x0800026c   0x0800026c   0x00000000   Code   RO         4477    .ARM.Collect$$libshutdown$$00000004  c_w.l(libshutdown2.o)
    0x0800026c   0x0800026c   0x00000000   Code   RO         4479    .ARM.Collect$$libshutdown$$00000006  c_w.l(libshutdown2.o)
    0x0800026c   0x0800026c   0x00000000   Code   RO         4482    .ARM.Collect$$libshutdown$$00000009  c_w.l(libshutdown2.o)
    0x0800026c   0x0800026c   0x00000000   Code   RO         4485    .ARM.Collect$$libshutdown$$0000000C  c_w.l(libshutdown2.o)
    0x0800026c   0x0800026c   0x00000000   Code   RO         4487    .ARM.Collect$$libshutdown$$0000000E  c_w.l(libshutdown2.o)
    0x0800026c   0x0800026c   0x00000000   Code   RO         4490    .ARM.Collect$$libshutdown$$00000011  c_w.l(libshutdown2.o)
    0x0800026c   0x0800026c   0x00000002   Code   RO         4491    .ARM.Collect$$libshutdown$$00000012  c_w.l(libshutdown2.o)
    0x0800026e   0x0800026e   0x00000000   Code   RO         4230    .ARM.Collect$$rtentry$$00000000  c_w.l(__rtentry.o)
    0x0800026e   0x0800026e   0x00000000   Code   RO         4289    .ARM.Collect$$rtentry$$00000002  c_w.l(__rtentry2.o)
    0x0800026e   0x0800026e   0x00000006   Code   RO         4301    .ARM.Collect$$rtentry$$00000004  c_w.l(__rtentry4.o)
    0x08000274   0x08000274   0x00000000   Code   RO         4291    .ARM.Collect$$rtentry$$00000009  c_w.l(__rtentry2.o)
    0x08000274   0x08000274   0x00000004   Code   RO         4292    .ARM.Collect$$rtentry$$0000000A  c_w.l(__rtentry2.o)
    0x08000278   0x08000278   0x00000000   Code   RO         4294    .ARM.Collect$$rtentry$$0000000C  c_w.l(__rtentry2.o)
    0x08000278   0x08000278   0x00000008   Code   RO         4295    .ARM.Collect$$rtentry$$0000000D  c_w.l(__rtentry2.o)
    0x08000280   0x08000280   0x00000002   Code   RO         4417    .ARM.Collect$$rtexit$$00000000  c_w.l(rtexit.o)
    0x08000282   0x08000282   0x00000000   Code   RO         4430    .ARM.Collect$$rtexit$$00000002  c_w.l(rtexit2.o)
    0x08000282   0x08000282   0x00000004   Code   RO         4431    .ARM.Collect$$rtexit$$00000003  c_w.l(rtexit2.o)
    0x08000286   0x08000286   0x00000006   Code   RO         4432    .ARM.Collect$$rtexit$$00000004  c_w.l(rtexit2.o)
    0x0800028c   0x0800028c   0x00000040   Code   RO         4039    .text               startup_stm32l412xx.o
    0x080002cc   0x080002cc   0x00000002   Code   RO         4082    .text               c_w.l(use_no_semi.o)
    0x080002ce   0x080002ce   0x00000002   PAD
    0x080002d0   0x080002d0   0x00000018   Code   RO         4094    .text               c_w.l(noretval__2printf.o)
    0x080002e8   0x080002e8   0x0000010e   Code   RO         4106    .text               c_w.l(__printf_wp.o)
    0x080003f6   0x080003f6   0x0000004e   Code   RO         4124    .text               c_w.l(rt_memclr_w.o)
    0x08000444   0x08000444   0x00000006   Code   RO         4126    .text               c_w.l(heapauxi.o)
    0x0800044a   0x0800044a   0x00000424   Code   RO         4237    .text               c_w.l(_printf_fp_dec.o)
    0x0800086e   0x0800086e   0x00000002   PAD
    0x08000870   0x08000870   0x00000024   Code   RO         4239    .text               c_w.l(_printf_char_file.o)
    0x08000894   0x08000894   0x00000008   Code   RO         4308    .text               c_w.l(rt_locale_intlibspace.o)
    0x0800089c   0x0800089c   0x0000008a   Code   RO         4315    .text               c_w.l(lludiv10.o)
    0x08000926   0x08000926   0x00000002   PAD
    0x08000928   0x08000928   0x00000030   Code   RO         4317    .text               c_w.l(_printf_char_common.o)
    0x08000958   0x08000958   0x00000080   Code   RO         4319    .text               c_w.l(_printf_fp_infnan.o)
    0x080009d8   0x080009d8   0x000000e4   Code   RO         4321    .text               c_w.l(bigflt0.o)
    0x08000abc   0x08000abc   0x00000008   Code   RO         4351    .text               c_w.l(libspace.o)
    0x08000ac4   0x08000ac4   0x0000004a   Code   RO         4354    .text               c_w.l(sys_stackheap_outer.o)
    0x08000b0e   0x08000b0e   0x00000012   Code   RO         4358    .text               c_w.l(exit.o)
    0x08000b20   0x08000b20   0x00000080   Code   RO         4364    .text               c_w.l(strcmpv7m.o)
    0x08000ba0   0x08000ba0   0x0000003e   Code   RO         4324    CL$$btod_d2e        c_w.l(btod.o)
    0x08000bde   0x08000bde   0x00000046   Code   RO         4326    CL$$btod_d2e_denorm_low  c_w.l(btod.o)
    0x08000c24   0x08000c24   0x00000060   Code   RO         4325    CL$$btod_d2e_norm_op1  c_w.l(btod.o)
    0x08000c84   0x08000c84   0x00000338   Code   RO         4334    CL$$btod_div_common  c_w.l(btod.o)
    0x08000fbc   0x08000fbc   0x000000dc   Code   RO         4331    CL$$btod_e2e        c_w.l(btod.o)
    0x08001098   0x08001098   0x0000002a   Code   RO         4328    CL$$btod_ediv       c_w.l(btod.o)
    0x080010c2   0x080010c2   0x0000002a   Code   RO         4327    CL$$btod_emul       c_w.l(btod.o)
    0x080010ec   0x080010ec   0x00000244   Code   RO         4333    CL$$btod_mult_common  c_w.l(btod.o)
    0x08001330   0x08001330   0x0000006c   Code   RO            4    i.Delay_Init        delay.o
    0x0800139c   0x0800139c   0x0000000c   Code   RO            5    i.GetTick           delay.o
    0x080013a8   0x080013a8   0x000000ec   Code   RO          172    i.PLL_Config        rcc.o
    0x08001494   0x08001494   0x0000001c   Code   RO            6    i.SysTick_Handler   delay.o
    0x080014b0   0x080014b0   0x000000ec   Code   RO         4046    i.SystemCoreClockUpdate  system_stm32l4xx.o
    0x0800159c   0x0800159c   0x00000050   Code   RO         4047    i.SystemInit        system_stm32l4xx.o
    0x080015ec   0x080015ec   0x00000074   Code   RO           88    i.USART2_Config     usart.o
    0x08001660   0x08001660   0x000000a8   Code   RO           89    i.USART2_Pins_Config  usart.o
    0x08001708   0x08001708   0x0000001c   Code   RO           91    i.USART2_putc       usart.o
    0x08001724   0x08001724   0x00000030   Code   RO         4349    i.__ARM_fpclassify  m_wm.l(fpclassify.o)
    0x08001754   0x08001754   0x00000022   Code   RO           92    i.__NVIC_EnableIRQ  usart.o
    0x08001776   0x08001776   0x00000002   PAD
    0x08001778   0x08001778   0x00000028   Code   RO           93    i.__NVIC_SetPriority  usart.o
    0x080017a0   0x080017a0   0x0000000e   Code   RO         4108    i._is_digit         c_w.l(__printf_wp.o)
    0x080017ae   0x080017ae   0x00000004   Code   RO          209    i._sys_exit         retarget.o
    0x080017b2   0x080017b2   0x00000002   PAD
    0x080017b4   0x080017b4   0x00000092   Code   RO         1505    i.arm_fir_f32       filteringfunctions.o
    0x08001846   0x08001846   0x00000028   Code   RO         1508    i.arm_fir_init_f32  filteringfunctions.o
    0x0800186e   0x0800186e   0x0000001a   Code   RO            7    i.delay_ms          delay.o
    0x08001888   0x08001888   0x00000008   Code   RO          211    i.ferror            retarget.o
    0x08001890   0x08001890   0x00000010   Code   RO          213    i.fputc             retarget.o
    0x080018a0   0x080018a0   0x00000054   Code   RO          265    i.main              main.o
    0x080018f4   0x080018f4   0x00000080   Code   RO          266    i.plot_signal       main.o
    0x08001974   0x08001974   0x0000002c   Code   RO           94    i.setUSARTDIV       usart.o
    0x080019a0   0x080019a0   0x0000002c   Code   RO         4347    locale$$code        c_w.l(lc_numeric_c.o)
    0x080019cc   0x080019cc   0x0000000c   Code   RO         4246    x$fpl$dretinf       fz_wm.l(dretinf.o)
    0x080019d8   0x080019d8   0x00000056   Code   RO         4154    x$fpl$f2d           fz_wm.l(f2d.o)
    0x08001a2e   0x08001a2e   0x0000008c   Code   RO         4248    x$fpl$fnaninf       fz_wm.l(fnaninf.o)
    0x08001aba   0x08001aba   0x0000000a   Code   RO         4427    x$fpl$fpinit        fz_wm.l(fpinit.o)
    0x08001ac4   0x08001ac4   0x00000004   Code   RO         4160    x$fpl$printf1       fz_wm.l(printf1.o)
    0x08001ac8   0x08001ac8   0x00000000   Code   RO         4254    x$fpl$usenofp       fz_wm.l(usenofp.o)
    0x08001ac8   0x08001ac8   0x00000048   Data   RO         4048    .constdata          system_stm32l4xx.o
    0x08001b10   0x08001b10   0x00000094   Data   RO         4322    .constdata          c_w.l(bigflt0.o)
    0x08001ba4   0x08001ba4   0x00000020   Data   RO         4492    Region$$Table       anon$$obj.o
    0x08001bc4   0x08001bc4   0x0000001c   Data   RO         4346    locale$$data        c_w.l(lc_numeric_c.o)


    Execution Region RW_IRAM1 (Exec base: 0x20000000, Load base: 0x08001be0, Size: 0x00001060, Max: 0x00008000, ABSOLUTE, COMPRESSED[0x000001c8])

    Exec Addr    Load Addr    Size         Type   Attr      Idx    E Section Name        Object

    0x20000000   COMPRESSED   0x00000004   Data   RW            8    .data               delay.o
    0x20000004   COMPRESSED   0x00000008   Data   RW          214    .data               retarget.o
    0x2000000c   COMPRESSED   0x00000358   Data   RW          268    .data               main.o
    0x20000364   COMPRESSED   0x00000004   Data   RW         4049    .data               system_stm32l4xx.o
    0x20000368        -       0x00000698   Zero   RW          267    .bss                main.o
    0x20000a00        -       0x00000060   Zero   RW         4352    .bss                c_w.l(libspace.o)
    0x20000a60        -       0x00000200   Zero   RW         4037    HEAP                startup_stm32l412xx.o
    0x20000c60        -       0x00000400   Zero   RW         4036    STACK               startup_stm32l412xx.o


==============================================================================

Image component sizes


      Code (inc. data)   RO Data    RW Data    ZI Data      Debug   Object Name

       174         24          0          4          0     405252   delay.o
       186          6          0          0          0      19361   filteringfunctions.o
       212         48          0        856       1688      19427   main.o
       236         10          0          0          0       1345   rcc.o
        28          0          0          8          0       3339   retarget.o
        64         26        396          0       1536        888   startup_stm32l412xx.o
       316         36         72          4          0       2297   system_stm32l4xx.o
       430         38          0          0          0       3654   usart.o

    ----------------------------------------------------------------------
      1650        188        500        872       3224     455563   Object Totals
         0          0         32          0          0          0   (incl. Generated)
         4          0          0          0          0          0   (incl. Padding)

    ----------------------------------------------------------------------

      Code (inc. data)   RO Data    RW Data    ZI Data      Debug   Library Member Name

       100          0          0          0          0          0   __dclz77c.o
         8          0          0          0          0         68   __main.o
       284          0          0          0          0        156   __printf_wp.o
         0          0          0          0          0          0   __rtentry.o
        12          0          0          0          0          0   __rtentry2.o
         6          0          0          0          0          0   __rtentry4.o
        52          8          0          0          0          0   __scatter.o
        28          0          0          0          0          0   __scatter_zi.o
        48          6          0          0          0         96   _printf_char_common.o
        36          4          0          0          0         80   _printf_char_file.o
         6          0          0          0          0          0   _printf_f.o
      1060          0          0          0          0        216   _printf_fp_dec.o
       128         16          0          0          0         84   _printf_fp_infnan.o
         0          0          0          0          0          0   _printf_percent.o
         4          0          0          0          0          0   _printf_percent_end.o
       228          4        148          0          0         96   bigflt0.o
      1936        128          0          0          0        672   btod.o
        18          0          0          0          0         80   exit.o
         6          0          0          0          0        152   heapauxi.o
        44         10         28          0          0         76   lc_numeric_c.o
         2          0          0          0          0          0   libinit.o
        22          0          0          0          0          0   libinit2.o
         2          0          0          0          0          0   libshutdown.o
         2          0          0          0          0          0   libshutdown2.o
         8          4          0          0         96         68   libspace.o
       138          0          0          0          0         80   lludiv10.o
        24          4          0          0          0         84   noretval__2printf.o
         8          4          0          0          0         68   rt_locale_intlibspace.o
        78          0          0          0          0         80   rt_memclr_w.o
         2          0          0          0          0          0   rtexit.o
        10          0          0          0          0          0   rtexit2.o
       128          0          0          0          0         68   strcmpv7m.o
        74          0          0          0          0         80   sys_stackheap_outer.o
         2          0          0          0          0         68   use_no_semi.o
        12          0          0          0          0        116   dretinf.o
        86          4          0          0          0        132   f2d.o
       140          4          0          0          0        132   fnaninf.o
        10          0          0          0          0        116   fpinit.o
         4          0          0          0          0        116   printf1.o
         0          0          0          0          0          0   usenofp.o
        48          0          0          0          0        124   fpclassify.o

    ----------------------------------------------------------------------
      4810        196        176          0         96       3108   Library Totals
         6          0          0          0          0          0   (incl. Padding)

    ----------------------------------------------------------------------

      Code (inc. data)   RO Data    RW Data    ZI Data      Debug   Library Name

      4504        188        176          0         96       2372   c_w.l
       252          8          0          0          0        612   fz_wm.l
        48          0          0          0          0        124   m_wm.l

    ----------------------------------------------------------------------
      4810        196        176          0         96       3108   Library Totals

    ----------------------------------------------------------------------

==============================================================================


      Code (inc. data)   RO Data    RW Data    ZI Data      Debug   

      6460        384        676        872       3320     455423   Grand Totals
      6460        384        676        456       3320     455423   ELF Image Totals (compressed)
      6460        384        676        456          0          0   ROM Totals

==============================================================================

    Total RO  Size (Code + RO Data)                 7136 (   6.97kB)
    Total RW  Size (RW Data + ZI Data)              4192 (   4.09kB)
    Total ROM Size (Code + RO Data + RW Data)       7592 (   7.41kB)

==============================================================================

