Component: ARM Compiler 5.06 update 7 (build 960) Tool: armlink [4d3601]

==============================================================================

Section Cross References

    startup_stm32l412xx.o(STACK) refers (Special) to heapauxi.o(.text) for __use_two_region_memory
    startup_stm32l412xx.o(HEAP) refers (Special) to heapauxi.o(.text) for __use_two_region_memory
    startup_stm32l412xx.o(RESET) refers (Special) to heapauxi.o(.text) for __use_two_region_memory
    startup_stm32l412xx.o(RESET) refers to startup_stm32l412xx.o(STACK) for __initial_sp
    startup_stm32l412xx.o(RESET) refers to startup_stm32l412xx.o(.text) for Reset_Handler
    startup_stm32l412xx.o(RESET) refers to stm32l4xx_it.o(i.NMI_Handler) for NMI_Handler
    startup_stm32l412xx.o(RESET) refers to stm32l4xx_it.o(i.HardFault_Handler) for HardFault_Handler
    startup_stm32l412xx.o(RESET) refers to stm32l4xx_it.o(i.MemManage_Handler) for MemManage_Handler
    startup_stm32l412xx.o(RESET) refers to stm32l4xx_it.o(i.BusFault_Handler) for BusFault_Handler
    startup_stm32l412xx.o(RESET) refers to stm32l4xx_it.o(i.UsageFault_Handler) for UsageFault_Handler
    startup_stm32l412xx.o(RESET) refers to stm32l4xx_it.o(i.SVC_Handler) for SVC_Handler
    startup_stm32l412xx.o(RESET) refers to stm32l4xx_it.o(i.DebugMon_Handler) for DebugMon_Handler
    startup_stm32l412xx.o(RESET) refers to stm32l4xx_it.o(i.PendSV_Handler) for PendSV_Handler
    startup_stm32l412xx.o(RESET) refers to stm32l4xx_it.o(i.SysTick_Handler) for SysTick_Handler
    startup_stm32l412xx.o(RESET) refers to stm32l4xx_it.o(i.EXTI1_IRQHandler) for EXTI1_IRQHandler
    startup_stm32l412xx.o(RESET) refers to stm32l4xx_it.o(i.USART2_IRQHandler) for USART2_IRQHandler
    startup_stm32l412xx.o(RESET) refers to stm32l4xx_it.o(i.TIM6_IRQHandler) for TIM6_IRQHandler
    startup_stm32l412xx.o(.text) refers (Special) to heapauxi.o(.text) for __use_two_region_memory
    startup_stm32l412xx.o(.text) refers to system_stm32l4xx.o(i.SystemInit) for SystemInit
    startup_stm32l412xx.o(.text) refers to __main.o(!!!main) for __main
    startup_stm32l412xx.o(.text) refers to startup_stm32l412xx.o(HEAP) for Heap_Mem
    startup_stm32l412xx.o(.text) refers to startup_stm32l412xx.o(STACK) for Stack_Mem
    retarget.o(i.fgetc) refers to stm32l4xx_hal_uart.o(i.HAL_UART_Receive) for HAL_UART_Receive
    retarget.o(i.fgetc) refers to usart.o(.bss) for huart2
    retarget.o(i.fputc) refers to stm32l4xx_hal_uart.o(i.HAL_UART_Transmit) for HAL_UART_Transmit
    retarget.o(i.fputc) refers to usart.o(.bss) for huart2
    main.o(i.Calculate_PID) refers to f2d.o(x$fpl$f2d) for __aeabi_f2d
    main.o(i.Calculate_PID) refers to dmul.o(x$fpl$dmul) for __aeabi_dmul
    main.o(i.Calculate_PID) refers to d2f.o(x$fpl$d2f) for __aeabi_d2f
    main.o(i.Calculate_PID) refers to daddsub_clz.o(x$fpl$dadd) for __aeabi_dadd
    main.o(i.Calculate_PID) refers to daddsub_clz.o(x$fpl$dsub) for __aeabi_dsub
    main.o(i.HAL_TIM_PeriodElapsedCallback) refers to _printf_percent.o(.ARM.Collect$$_printf_percent$$00000000) for _printf_percent
    main.o(i.HAL_TIM_PeriodElapsedCallback) refers to _printf_f.o(.ARM.Collect$$_printf_percent$$00000003) for _printf_f
    main.o(i.HAL_TIM_PeriodElapsedCallback) refers to printf1.o(x$fpl$printf1) for _printf_fp_dec
    main.o(i.HAL_TIM_PeriodElapsedCallback) refers to dflt_clz.o(x$fpl$dfltu) for __aeabi_ui2d
    main.o(i.HAL_TIM_PeriodElapsedCallback) refers to dmul.o(x$fpl$dmul) for __aeabi_dmul
    main.o(i.HAL_TIM_PeriodElapsedCallback) refers to ddiv.o(x$fpl$ddiv) for __aeabi_ddiv
    main.o(i.HAL_TIM_PeriodElapsedCallback) refers to d2f.o(x$fpl$d2f) for __aeabi_d2f
    main.o(i.HAL_TIM_PeriodElapsedCallback) refers to f2d.o(x$fpl$f2d) for __aeabi_f2d
    main.o(i.HAL_TIM_PeriodElapsedCallback) refers to main.o(i.Calculate_PID) for Calculate_PID
    main.o(i.HAL_TIM_PeriodElapsedCallback) refers to noretval__2printf.o(.text) for __2printf
    main.o(i.HAL_TIM_PeriodElapsedCallback) refers to tim.o(.bss) for htim6
    main.o(i.HAL_TIM_PeriodElapsedCallback) refers to main.o(.data) for .data
    main.o(i.HAL_TIM_PeriodElapsedCallback) refers to main.o(.bss) for .bss
    main.o(i.HAL_UART_RxCpltCallback) refers to stm32l4xx_hal_uart.o(i.HAL_UART_Receive_IT) for HAL_UART_Receive_IT
    main.o(i.HAL_UART_RxCpltCallback) refers to stm32l4xx_hal_gpio.o(i.HAL_GPIO_TogglePin) for HAL_GPIO_TogglePin
    main.o(i.HAL_UART_RxCpltCallback) refers to atof.o(i.__hardfp_atof) for __hardfp_atof
    main.o(i.HAL_UART_RxCpltCallback) refers to d2f.o(x$fpl$d2f) for __aeabi_d2f
    main.o(i.HAL_UART_RxCpltCallback) refers to rt_memclr_w.o(.text) for __aeabi_memclr4
    main.o(i.HAL_UART_RxCpltCallback) refers to main.o(.data) for .data
    main.o(i.HAL_UART_RxCpltCallback) refers to main.o(.bss) for .bss
    main.o(i.HAL_UART_RxCpltCallback) refers to usart.o(.bss) for huart2
    main.o(i.PID_Config) refers to rt_memclr_w.o(.text) for __aeabi_memclr4
[...]
    i.SysTick_Handler                        0x08003ea6   Section        0  stm32l4xx_it.o(i.SysTick_Handler)
    i.SystemClock_Config                     0x08003eaa   Section        0  main.o(i.SystemClock_Config)
    i.SystemInit                             0x08003f1c   Section        0  system_stm32l4xx.o(i.SystemInit)
    i.TIM6_IRQHandler                        0x08003f58   Section        0  stm32l4xx_it.o(i.TIM6_IRQHandler)
    i.TIM_Base_SetConfig                     0x08003f64   Section        0  stm32l4xx_hal_tim.o(i.TIM_Base_SetConfig)
    i.TIM_CCxChannelCmd                      0x08003fd0   Section        0  stm32l4xx_hal_tim.o(i.TIM_CCxChannelCmd)
    i.TIM_ETR_SetConfig                      0x08003fea   Section        0  stm32l4xx_hal_tim.o(i.TIM_ETR_SetConfig)
    i.TIM_OC1_SetConfig                      0x08004000   Section        0  stm32l4xx_hal_tim.o(i.TIM_OC1_SetConfig)
    TIM_OC1_SetConfig                        0x08004001   Thumb Code   104  stm32l4xx_hal_tim.o(i.TIM_OC1_SetConfig)
    i.TIM_OC2_SetConfig                      0x08004078   Section        0  stm32l4xx_hal_tim.o(i.TIM_OC2_SetConfig)
    i.TIM_OC3_SetConfig                      0x080040f0   Section        0  stm32l4xx_hal_tim.o(i.TIM_OC3_SetConfig)
    TIM_OC3_SetConfig                        0x080040f1   Thumb Code   100  stm32l4xx_hal_tim.o(i.TIM_OC3_SetConfig)
    i.TIM_OC4_SetConfig                      0x08004164   Section        0  stm32l4xx_hal_tim.o(i.TIM_OC4_SetConfig)
    TIM_OC4_SetConfig                        0x08004165   Thumb Code    80  stm32l4xx_hal_tim.o(i.TIM_OC4_SetConfig)
    i.TIM_OC5_SetConfig                      0x080041c4   Section        0  stm32l4xx_hal_tim.o(i.TIM_OC5_SetConfig)
    TIM_OC5_SetConfig                        0x080041c5   Thumb Code    74  stm32l4xx_hal_tim.o(i.TIM_OC5_SetConfig)
    i.TIM_OC6_SetConfig                      0x08004220   Section        0  stm32l4xx_hal_tim.o(i.TIM_OC6_SetConfig)
    TIM_OC6_SetConfig                        0x08004221   Thumb Code    76  stm32l4xx_hal_tim.o(i.TIM_OC6_SetConfig)
    i.TIM_SlaveTimer_SetConfig               0x0800427c   Section        0  stm32l4xx_hal_tim.o(i.TIM_SlaveTimer_SetConfig)
    TIM_SlaveTimer_SetConfig                 0x0800427d   Thumb Code   134  stm32l4xx_hal_tim.o(i.TIM_SlaveTimer_SetConfig)
    i.TIM_TI1_ConfigInputStage               0x08004308   Section        0  stm32l4xx_hal_tim.o(i.TIM_TI1_ConfigInputStage)
    TIM_TI1_ConfigInputStage                 0x08004309   Thumb Code    34  stm32l4xx_hal_tim.o(i.TIM_TI1_ConfigInputStage)
    i.TIM_TI2_ConfigInputStage               0x0800432a   Section        0  stm32l4xx_hal_tim.o(i.TIM_TI2_ConfigInputStage)
    TIM_TI2_ConfigInputStage                 0x0800432b   Thumb Code    36  stm32l4xx_hal_tim.o(i.TIM_TI2_ConfigInputStage)
    i.UART_AdvFeatureConfig                  0x0800434e   Section        0  stm32l4xx_hal_uart.o(i.UART_AdvFeatureConfig)
    i.UART_CheckIdleState                    0x08004416   Section        0  stm32l4xx_hal_uart.o(i.UART_CheckIdleState)
    i.UART_DMAAbortOnError                   0x08004472   Section        0  stm32l4xx_hal_uart.o(i.UART_DMAAbortOnError)
    UART_DMAAbortOnError                     0x08004473   Thumb Code    20  stm32l4xx_hal_uart.o(i.UART_DMAAbortOnError)
    i.UART_EndRxTransfer                     0x08004486   Section        0  stm32l4xx_hal_uart.o(i.UART_EndRxTransfer)
    UART_EndRxTransfer                       0x08004487   Thumb Code    48  stm32l4xx_hal_uart.o(i.UART_EndRxTransfer)
    i.UART_RxISR_16BIT                       0x080044b6   Section        0  stm32l4xx_hal_uart.o(i.UART_RxISR_16BIT)
    UART_RxISR_16BIT                         0x080044b7   Thumb Code   124  stm32l4xx_hal_uart.o(i.UART_RxISR_16BIT)
    i.UART_RxISR_8BIT                        0x08004532   Section        0  stm32l4xx_hal_uart.o(i.UART_RxISR_8BIT)
    UART_RxISR_8BIT                          0x08004533   Thumb Code   124  stm32l4xx_hal_uart.o(i.UART_RxISR_8BIT)
    i.UART_SetConfig                         0x080045b0   Section        0  stm32l4xx_hal_uart.o(i.UART_SetConfig)
    i.UART_Start_Receive_IT                  0x080047b0   Section        0  stm32l4xx_hal_uart.o(i.UART_Start_Receive_IT)
    i.UART_WaitOnFlagUntilTimeout            0x08004840   Section        0  stm32l4xx_hal_uart.o(i.UART_WaitOnFlagUntilTimeout)
    i.USART2_IRQHandler                      0x080048e4   Section        0  stm32l4xx_it.o(i.USART2_IRQHandler)
    i.UsageFault_Handler                     0x080048f0   Section        0  stm32l4xx_it.o(i.UsageFault_Handler)
    i.__ARM_fpclassify                       0x080048f2   Section        0  fpclassify.o(i.__ARM_fpclassify)
    i.__NVIC_SetPriority                     0x08004922   Section        0  stm32l4xx_hal_cortex.o(i.__NVIC_SetPriority)
    __NVIC_SetPriority                       0x08004923   Thumb Code    32  stm32l4xx_hal_cortex.o(i.__NVIC_SetPriority)
    i.__hardfp___mathlib_tofloat             0x08004948   Section        0  narrow.o(i.__hardfp___mathlib_tofloat)
    i.__hardfp_atof                          0x08004a40   Section        0  atof.o(i.__hardfp_atof)
    i.__hardfp_ldexp                         0x08004a78   Section        0  ldexp.o(i.__hardfp_ldexp)
    i.__mathlib_dbl_overflow                 0x08004b48   Section        0  dunder.o(i.__mathlib_dbl_overflow)
    i.__mathlib_dbl_underflow                0x08004b68   Section        0  dunder.o(i.__mathlib_dbl_underflow)
    i.__mathlib_narrow                       0x08004b88   Section        0  narrow.o(i.__mathlib_narrow)
    i.__support_ldexp                        0x08004b9a   Section        0  ldexp.o(i.__support_ldexp)
    i._is_digit                              0x08004bae   Section        0  __printf_wp.o(i._is_digit)
    i.fputc                                  0x08004bbc   Section        0  retarget.o(i.fputc)
    i.frexp                                  0x08004bd8   Section        0  frexp.o(i.frexp)
    i.main                                   0x08004c64   Section        0  main.o(i.main)
    locale$$code                             0x08004cf0   Section       44  lc_numeric_c.o(locale$$code)
    locale$$code                             0x08004d1c   Section       44  lc_ctype_c.o(locale$$code)
    x$fpl$d2f                                0x08004d48   Section       98  d2f.o(x$fpl$d2f)
    $v0                                      0x08004d48   Number         0  d2f.o(x$fpl$d2f)
    x$fpl$dadd                               0x08004dac   Section      336  daddsub_clz.o(x$fpl$dadd)
    $v0                                      0x08004dac   Number         0  daddsub_clz.o(x$fpl$dadd)
    _dadd1                                   0x08004dbd   Thumb Code     0  daddsub_clz.o(x$fpl$dadd)
    x$fpl$dcheck1                            0x08004efc   Section       16  dcheck1.o(x$fpl$dcheck1)
    $v0                                      0x08004efc   Number         0  dcheck1.o(x$fpl$dcheck1)
    x$fpl$dcmpinf                            0x08004f0c   Section       24  dcmpi.o(x$fpl$dcmpinf)
    $v0                                      0x08004f0c   Number         0  dcmpi.o(x$fpl$dcmpinf)
    x$fpl$ddiv                               0x08004f24   Section      688  ddiv.o(x$fpl$ddiv)
    $v0                                      0x08004f24   Number         0  ddiv.o(x$fpl$ddiv)
    ddiv_entry                               0x08004f2b   Thumb Code     0  ddiv.o(x$fpl$ddiv)
    x$fpl$deqf                               0x080051d4   Section      120  deqf.o(x$fpl$deqf)
    $v0                                      0x080051d4   Number         0  deqf.o(x$fpl$deqf)
    x$fpl$dfltu                              0x0800524c   Section       38  dflt_clz.o(x$fpl$dfltu)
    $v0                                      0x0800524c   Number         0  dflt_clz.o(x$fpl$dfltu)
    x$fpl$dleqf                              0x08005274   Section      120  dleqf.o(x$fpl$dleqf)
    $v0                                      0x08005274   Number         0  dleqf.o(x$fpl$dleqf)
    x$fpl$dmul                               0x080052ec   Section      340  dmul.o(x$fpl$dmul)
    $v0                                      0x080052ec   Number         0  dmul.o(x$fpl$dmul)
    x$fpl$dnaninf                            0x08005440   Section      156  dnaninf.o(x$fpl$dnaninf)
    $v0                                      0x08005440   Number         0  dnaninf.o(x$fpl$dnaninf)
    x$fpl$dretinf                            0x080054dc   Section       12  dretinf.o(x$fpl$dretinf)
    $v0                                      0x080054dc   Number         0  dretinf.o(x$fpl$dretinf)
    x$fpl$drleqf                             0x080054e8   Section      108  drleqf.o(x$fpl$drleqf)
    $v0                                      0x080054e8   Number         0  drleqf.o(x$fpl$drleqf)
    x$fpl$dsub                               0x08005554   Section      468  daddsub_clz.o(x$fpl$dsub)
    $v0                                      0x08005554   Number         0  daddsub_clz.o(x$fpl$dsub)
    _dsub1                                   0x08005565   Thumb Code     0  daddsub_clz.o(x$fpl$dsub)
    x$fpl$f2d                                0x08005728   Section       86  f2d.o(x$fpl$f2d)
    $v0                                      0x08005728   Number         0  f2d.o(x$fpl$f2d)
    x$fpl$fnaninf                            0x0800577e   Section      140  fnaninf.o(x$fpl$fnaninf)
    $v0                                      0x0800577e   Number         0  fnaninf.o(x$fpl$fnaninf)
    x$fpl$fpinit                             0x0800580a   Section       10  fpinit.o(x$fpl$fpinit)
    $v0                                      0x0800580a   Number         0  fpinit.o(x$fpl$fpinit)
    x$fpl$fretinf                            0x08005814   Section       10  fretinf.o(x$fpl$fretinf)
    $v0                                      0x08005814   Number         0  fretinf.o(x$fpl$fretinf)
    x$fpl$ieeestatus                         0x0800581e   Section        6  istatus.o(x$fpl$ieeestatus)
    $v0                                      0x0800581e   Number         0  istatus.o(x$fpl$ieeestatus)
    x$fpl$printf1                            0x08005824   Section        4  printf1.o(x$fpl$printf1)
    $v0                                      0x08005824   Number         0  printf1.o(x$fpl$printf1)
    x$fpl$retnan                             0x08005828   Section      100  retnan.o(x$fpl$retnan)
    $v0                                      0x08005828   Number         0  retnan.o(x$fpl$retnan)
    x$fpl$scalbn                             0x0800588c   Section       92  scalbn.o(x$fpl$scalbn)
    $v0                                      0x0800588c   Number         0  scalbn.o(x$fpl$scalbn)
    x$fpl$scanf1                             0x080058e8   Section        4  scanf1.o(x$fpl$scanf1)
    $v0                                      0x080058e8   Number         0  scanf1.o(x$fpl$scanf1)
    x$fpl$scanf2                             0x080058ec   Section        8  scanf2.o(x$fpl$scanf2)
    $v0                                      0x080058ec   Number         0  scanf2.o(x$fpl$scanf2)
    x$fpl$trapveneer                         0x080058f4   Section       48  trapv.o(x$fpl$trapveneer)
    $v0                                      0x080058f4   Number         0  trapv.o(x$fpl$trapveneer)
    .constdata                               0x08005924   Section       64  system_stm32l4xx.o(.constdata)
    x$fpl$usenofp                            0x08005924   Section        0  usenofp.o(x$fpl$usenofp)
    .constdata                               0x08005964   Section        8  system_stm32l4xx.o(.constdata)
    .constdata                               0x0800596c   Section      148  bigflt0.o(.constdata)
    tenpwrs_x                                0x0800596c   Data          60  bigflt0.o(.constdata)
    tenpwrs_i                                0x080059a8   Data          64  bigflt0.o(.constdata)
    c$$dinf                                  0x08005a20   Section        8  fpconst.o(c$$dinf)
    c$$dmax                                  0x08005a28   Section        8  fpconst.o(c$$dmax)
    locale$$data                             0x08005a30   Section       28  lc_numeric_c.o(locale$$data)
    __lcnum_c_name                           0x08005a34   Data           2  lc_numeric_c.o(locale$$data)
    __lcnum_c_start                          0x08005a3c   Data           0  lc_numeric_c.o(locale$$data)
    __lcnum_c_point                          0x08005a48   Data           0  lc_numeric_c.o(locale$$data)
    __lcnum_c_thousands                      0x08005a4a   Data           0  lc_numeric_c.o(locale$$data)
    __lcnum_c_grouping                       0x08005a4b   Data           0  lc_numeric_c.o(locale$$data)
    locale$$data                             0x08005a4c   Section      272  lc_ctype_c.o(locale$$data)
    __lcnum_c_end                            0x08005a4c   Data           0  lc_numeric_c.o(locale$$data)
    __lcctype_c_name                         0x08005a50   Data           2  lc_ctype_c.o(locale$$data)
    __lcctype_c_start                        0x08005a58   Data           0  lc_ctype_c.o(locale$$data)
    __lcctype_c_end                          0x08005b5c   Data           0  lc_ctype_c.o(locale$$data)
    .data                                    0x20000000   Section        4  retarget.o(.data)
    .data                                    0x20000004   Section       20  main.o(.data)
    .data                                    0x20000018   Section       12  stm32l4xx_hal.o(.data)
    .data                                    0x20000024   Section        4  system_stm32l4xx.o(.data)
    .bss                                     0x20000028   Section      164  main.o(.bss)
    .bss                                     0x200000cc   Section      228  tim.o(.bss)
    .bss                                     0x200001b0   Section      132  usart.o(.bss)
    .bss                                     0x20000234   Section       96  libspace.o(.bss)
    HEAP                                     0x20000298   Section      512  startup_stm32l412xx.o(HEAP)
    Heap_Mem                                 0x20000298   Data         512  startup_stm32l412xx.o(HEAP)
    STACK                                    0x20000498   Section     1024  startup_stm32l412xx.o(STACK)
    Stack_Mem                                0x20000498   Data        1024  startup_stm32l412xx.o(STACK)
    __initial_sp                             0x20000898   Data           0  startup_stm32l412xx.o(STACK)

    Global Symbols

    Symbol Name                              Value     Ov Type        Size  Object(Section)

    BuildAttributes$$THM_ISAv4$E$P$D$K$B$S$7EM$VFPi3$EXTD16$VFPS$VFMA$PE$A:L22UL41UL21$X:L11$S22US41US21$IEEE1$IW$USESV6$~STKCKD$USESV7$~SHL$OTIME$ROPI$IEEEX$EBA8$UX$STANDARDLIB$REQ8$PRES8$EABIv2 0x00000000   Number         0  anon$$obj.o ABSOLUTE
    __ARM_use_no_argv                        0x00000000   Number         0  main.o ABSOLUTE
    _printf_flags                            0x00000000   Number         0  printf_stubs.o ABSOLUTE
    _printf_return_value                     0x00000000   Number         0  printf_stubs.o ABSOLUTE
    _printf_sizespec                         0x00000000   Number         0  printf_stubs.o ABSOLUTE
    _printf_widthprec                        0x00000000   Number         0  printf_stubs.o ABSOLUTE
    __ARM_exceptions_init                     - Undefined Weak Reference
    __alloca_initialize                       - Undefined Weak Reference
    __arm_fini_                               - Undefined Weak Reference
    __arm_preinit_                            - Undefined Weak Reference
    __cpp_initialize__aeabi_                  - Undefined Weak Reference
    __cxa_finalize                            - Undefined Weak Reference
    __sigvec_lookup                           - Undefined Weak Reference
    _atexit_init                              - Undefined Weak Reference
    _call_atexit_fns                          - Undefined Weak Reference
    _clock_init                               - Undefined Weak Reference
    _fp_trap_init                             - Undefined Weak Reference
    _fp_trap_shutdown                         - Undefined Weak Reference
    _get_lc_collate                           - Undefined Weak Reference
    _get_lc_monetary                          - Undefined Weak Reference
    _get_lc_time                              - Undefined Weak Reference
    _getenv_init                              - Undefined Weak Reference
    _handle_redirection                       - Undefined Weak Reference
    _init_alloc                               - Undefined Weak Reference
    _init_user_alloc                          - Undefined Weak Reference
    _initio                                   - Undefined Weak Reference
    _mutex_acquire                            - Undefined Weak Reference
    _mutex_release                            - Undefined Weak Reference
    _printf_post_padding                      - Undefined Weak Reference
    _printf_pre_padding                       - Undefined Weak Reference
    _rand_init                                - Undefined Weak Reference
    _signal_finish                            - Undefined Weak Reference
    _signal_init                              - Undefined Weak Reference
    _terminate_alloc                          - Undefined Weak Reference
    _terminate_user_alloc                     - Undefined Weak Reference
    _terminateio                              - Undefined Weak Reference
    __Vectors_Size                           0x0000018c   Number         0  startup_stm32l412xx.o ABSOLUTE
    __Vectors                                0x08000000   Data           4  startup_stm32l412xx.o(RESET)
    __Vectors_End                            0x0800018c   Data           0  startup_stm32l412xx.o(RESET)
    __main                                   0x0800018d   Thumb Code     8  __main.o(!!!main)
    __scatterload                            0x08000195   Thumb Code     0  __scatter.o(!!!scatter)
    __scatterload_rt2                        0x08000195   Thumb Code    44  __scatter.o(!!!scatter)
    __scatterload_rt2_thumb_only             0x08000195   Thumb Code     0  __scatter.o(!!!scatter)
    __scatterload_null                       0x080001a3   Thumb Code     0  __scatter.o(!!!scatter)
    __scatterload_copy                       0x080001c9   Thumb Code    26  __scatter_copy.o(!!handler_copy)
    __scatterload_zeroinit                   0x080001e5   Thumb Code    28  __scatter_zi.o(!!handler_zi)
    _printf_f                                0x08000201   Thumb Code     0  _printf_f.o(.ARM.Collect$$_printf_percent$$00000003)
    _printf_percent                          0x08000201   Thumb Code     0  _printf_percent.o(.ARM.Collect$$_printf_percent$$00000000)
    _printf_percent_end                      0x08000207   Thumb Code     0  _printf_percent_end.o(.ARM.Collect$$_printf_percent$$00000017)
    __rt_lib_init                            0x0800020b   Thumb Code     0  libinit.o(.ARM.Collect$$libinit$$00000000)
    __rt_lib_init_fp_1                       0x0800020d   Thumb Code     0  libinit2.o(.ARM.Collect$$libinit$$00000001)
    __rt_lib_init_heap_1                     0x08000211   Thumb Code     0  libinit2.o(.ARM.Collect$$libinit$$0000000A)
    __rt_lib_init_lc_common                  0x08000211   Thumb Code     0  libinit2.o(.ARM.Collect$$libinit$$0000000F)
    __rt_lib_init_preinit_1                  0x08000211   Thumb Code     0  libinit2.o(.ARM.Collect$$libinit$$00000004)
    __rt_lib_init_rand_1                     0x08000211   Thumb Code     0  libinit2.o(.ARM.Collect$$libinit$$0000000E)
    __rt_lib_init_user_alloc_1               0x08000211   Thumb Code     0  libinit2.o(.ARM.Collect$$libinit$$0000000C)
    __rt_lib_init_lc_collate_1               0x08000217   Thumb Code     0  libinit2.o(.ARM.Collect$$libinit$$00000011)
    __rt_lib_init_lc_ctype_2                 0x08000217   Thumb Code     0  libinit2.o(.ARM.Collect$$libinit$$00000012)
    __rt_lib_init_lc_ctype_1                 0x08000223   Thumb Code     0  libinit2.o(.ARM.Collect$$libinit$$00000013)
    __rt_lib_init_lc_monetary_1              0x08000223   Thumb Code     0  libinit2.o(.ARM.Collect$$libinit$$00000015)
    __rt_lib_init_lc_numeric_2               0x08000223   Thumb Code     0  libinit2.o(.ARM.Collect$$libinit$$00000016)
    __rt_lib_init_alloca_1                   0x0800022d   Thumb Code     0  libinit2.o(.ARM.Collect$$libinit$$0000002E)
    __rt_lib_init_argv_1                     0x0800022d   Thumb Code     0  libinit2.o(.ARM.Collect$$libinit$$0000002C)
    __rt_lib_init_atexit_1                   0x0800022d   Thumb Code     0  libinit2.o(.ARM.Collect$$libinit$$0000001B)
    __rt_lib_init_clock_1                    0x0800022d   Thumb Code     0  libinit2.o(.ARM.Collect$$libinit$$00000021)
    __rt_lib_init_cpp_1                      0x0800022d   Thumb Code     0  libinit2.o(.ARM.Collect$$libinit$$00000032)
    __rt_lib_init_exceptions_1               0x0800022d   Thumb Code     0  libinit2.o(.ARM.Collect$$libinit$$00000030)
    __rt_lib_init_fp_trap_1                  0x0800022d   Thumb Code     0  libinit2.o(.ARM.Collect$$libinit$$0000001F)
    __rt_lib_init_getenv_1                   0x0800022d   Thumb Code     0  libinit2.o(.ARM.Collect$$libinit$$00000023)
    __rt_lib_init_lc_numeric_1               0x0800022d   Thumb Code     0  libinit2.o(.ARM.Collect$$libinit$$00000017)
    __rt_lib_init_lc_time_1                  0x0800022d   Thumb Code     0  libinit2.o(.ARM.Collect$$libinit$$00000019)
    __rt_lib_init_return                     0x0800022d   Thumb Code     0  libinit2.o(.ARM.Collect$$libinit$$00000033)
    __rt_lib_init_signal_1                   0x0800022d   Thumb Code     0  libinit2.o(.ARM.Collect$$libinit$$0000001D)
    __rt_lib_init_stdio_1                    0x0800022d   Thumb Code     0  libinit2.o(.ARM.Collect$$libinit$$00000025)
    __rt_lib_shutdown                        0x0800022f   Thumb Code     0  libshutdown.o(.ARM.Collect$$libshutdown$$00000000)
    __rt_lib_shutdown_cpp_1                  0x08000231   Thumb Code     0  libshutdown2.o(.ARM.Collect$$libshutdown$$00000004)
    __rt_lib_shutdown_fini_1                 0x08000231   Thumb Code     0  libshutdown2.o(.ARM.Collect$$libshutdown$$00000002)
    __rt_lib_shutdown_fp_trap_1              0x08000231   Thumb Code     0  libshutdown2.o(.ARM.Collect$$libshutdown$$00000009)
    __rt_lib_shutdown_heap_1                 0x08000231   Thumb Code     0  libshutdown2.o(.ARM.Collect$$libshutdown$$00000011)
    __rt_lib_shutdown_return                 0x08000231   Thumb Code     0  libshutdown2.o(.ARM.Collect$$libshutdown$$00000012)
    __rt_lib_shutdown_signal_1               0x08000231   Thumb Code     0  libshutdown2.o(.ARM.Collect$$libshutdown$$0000000C)
    __rt_lib_shutdown_stdio_1                0x08000231   Thumb Code     0  libshutdown2.o(.ARM.Collect$$libshutdown$$00000006)
    __rt_lib_shutdown_user_alloc_1           0x08000231   Thumb Code     0  libshutdown2.o(.ARM.Collect$$libshutdown$$0000000E)
    __rt_entry                               0x08000233   Thumb Code     0  __rtentry.o(.ARM.Collect$$rtentry$$00000000)
    __rt_entry_presh_1                       0x08000233   Thumb Code     0  __rtentry2.o(.ARM.Collect$$rtentry$$00000002)
    __rt_entry_sh                            0x08000233   Thumb Code     0  __rtentry4.o(.ARM.Collect$$rtentry$$00000004)
    __rt_entry_li                            0x08000239   Thumb Code     0  __rtentry2.o(.ARM.Collect$$rtentry$$0000000A)
    __rt_entry_postsh_1                      0x08000239   Thumb Code     0  __rtentry2.o(.ARM.Collect$$rtentry$$00000009)
    __rt_entry_main                          0x0800023d   Thumb Code     0  __rtentry2.o(.ARM.Collect$$rtentry$$0000000D)
    __rt_entry_postli_1                      0x0800023d   Thumb Code     0  __rtentry2.o(.ARM.Collect$$rtentry$$0000000C)
    __rt_exit                                0x08000245   Thumb Code     0  rtexit.o(.ARM.Collect$$rtexit$$00000000)
    __rt_exit_ls                             0x08000247   Thumb Code     0  rtexit2.o(.ARM.Collect$$rtexit$$00000003)
    __rt_exit_prels_1                        0x08000247   Thumb Code     0  rtexit2.o(.ARM.Collect$$rtexit$$00000002)
    __rt_exit_exit                           0x0800024b   Thumb Code     0  rtexit2.o(.ARM.Collect$$rtexit$$00000004)
    Reset_Handler                            0x08000251   Thumb Code     8  startup_stm32l412xx.o(.text)
    ADC1_2_IRQHandler                        0x0800026b   Thumb Code     0  startup_stm32l412xx.o(.text)
    COMP_IRQHandler                          0x0800026b   Thumb Code     0  startup_stm32l412xx.o(.text)
    CRS_IRQHandler                           0x0800026b   Thumb Code     0  startup_stm32l412xx.o(.text)
    DMA1_Channel1_IRQHandler                 0x0800026b   Thumb Code     0  startup_stm32l412xx.o(.text)
    DMA1_Channel2_IRQHandler                 0x0800026b   Thumb Code     0  startup_stm32l412xx.o(.text)
    DMA1_Channel3_IRQHandler                 0x0800026b   Thumb Code     0  startup_stm32l412xx.o(.text)
    DMA1_Channel4_IRQHandler                 0x0800026b   Thumb Code     0  startup_stm32l412xx.o(.text)
    DMA1_Channel5_IRQHandler                 0x0800026b   Thumb Code     0  startup_stm32l412xx.o(.text)
    DMA1_Channel6_IRQHandler                 0x0800026b   Thumb Code     0  startup_stm32l412xx.o(.text)
    DMA1_Channel7_IRQHandler                 0x0800026b   Thumb Code     0  startup_stm32l412xx.o(.text)
    DMA2_Channel1_IRQHandler                 0x0800026b   Thumb Code     0  startup_stm32l412xx.o(.text)
    DMA2_Channel2_IRQHandler                 0x0800026b   Thumb Code     0  startup_stm32l412xx.o(.text)
    DMA2_Channel3_IRQHandler                 0x0800026b   Thumb Code     0  startup_stm32l412xx.o(.text)
    DMA2_Channel4_IRQHandler                 0x0800026b   Thumb Code     0  startup_stm32l412xx.o(.text)
    DMA2_Channel5_IRQHandler                 0x0800026b   Thumb Code     0  startup_stm32l412xx.o(.text)
    DMA2_Channel6_IRQHandler                 0x0800026b   Thumb Code     0  startup_stm32l412xx.o(.text)
    DMA2_Channel7_IRQHandler                 0x0800026b   Thumb Code     0  startup_stm32l412xx.o(.text)
    EXTI0_IRQHandler                         0x0800026b   Thumb Code     0  startup_stm32l412xx.o(.text)
    EXTI15_10_IRQHandler                     0x0800026b   Thumb Code     0  startup_stm32l412xx.o(.text)
    EXTI2_IRQHandler                         0x0800026b   Thumb Code     0  startup_stm32l412xx.o(.text)
    EXTI3_IRQHandler                         0x0800026b   Thumb Code     0  startup_stm32l412xx.o(.text)
    EXTI4_IRQHandler                         0x0800026b   Thumb Code     0  startup_stm32l412xx.o(.text)
    EXTI9_5_IRQHandler                       0x0800026b   Thumb Code     0  startup_stm32l412xx.o(.text)
    FLASH_IRQHandler                         0x0800026b   Thumb Code     0  startup_stm32l412xx.o(.text)
    FPU_IRQHandler                           0x0800026b   Thumb Code     0  startup_stm32l412xx.o(.text)
    I2C1_ER_IRQHandler                       0x0800026b   Thumb Code     0  startup_stm32l412xx.o(.text)
    I2C1_EV_IRQHandler                       0x0800026b   Thumb Code     0  startup_stm32l412xx.o(.text)
    I2C2_ER_IRQHandler                       0x0800026b   Thumb Code     0  startup_stm32l412xx.o(.text)
    I2C2_EV_IRQHandler                       0x0800026b   Thumb Code     0  startup_stm32l412xx.o(.text)
    I2C3_ER_IRQHandler                       0x0800026b   Thumb Code     0  startup_stm32l412xx.o(.text)
    I2C3_EV_IRQHandler                       0x0800026b   Thumb Code     0  startup_stm32l412xx.o(.text)
    LPTIM1_IRQHandler                        0x0800026b   Thumb Code     0  startup_stm32l412xx.o(.text)
    LPTIM2_IRQHandler                        0x0800026b   Thumb Code     0  startup_stm32l412xx.o(.text)
    LPUART1_IRQHandler                       0x0800026b   Thumb Code     0  startup_stm32l412xx.o(.text)
    PVD_PVM_IRQHandler                       0x0800026b   Thumb Code     0  startup_stm32l412xx.o(.text)
    QUADSPI_IRQHandler                       0x0800026b   Thumb Code     0  startup_stm32l412xx.o(.text)
    RCC_IRQHandler                           0x0800026b   Thumb Code     0  startup_stm32l412xx.o(.text)
    RNG_IRQHandler                           0x0800026b   Thumb Code     0  startup_stm32l412xx.o(.text)
    RTC_Alarm_IRQHandler                     0x0800026b   Thumb Code     0  startup_stm32l412xx.o(.text)
    RTC_WKUP_IRQHandler                      0x0800026b   Thumb Code     0  startup_stm32l412xx.o(.text)
    SPI1_IRQHandler                          0x0800026b   Thumb Code     0  startup_stm32l412xx.o(.text)
    SPI2_IRQHandler                          0x0800026b   Thumb Code     0  startup_stm32l412xx.o(.text)
    TAMP_STAMP_IRQHandler                    0x0800026b   Thumb Code     0  startup_stm32l412xx.o(.text)
    TIM1_BRK_TIM15_IRQHandler                0x0800026b   Thumb Code     0  startup_stm32l412xx.o(.text)
    TIM1_CC_IRQHandler                       0x0800026b   Thumb Code     0  startup_stm32l412xx.o(.text)
    TIM1_TRG_COM_IRQHandler                  0x0800026b   Thumb Code     0  startup_stm32l412xx.o(.text)
    TIM1_UP_TIM16_IRQHandler                 0x0800026b   Thumb Code     0  startup_stm32l412xx.o(.text)
    TIM2_IRQHandler                          0x0800026b   Thumb Code     0  startup_stm32l412xx.o(.text)
    TSC_IRQHandler                           0x0800026b   Thumb Code     0  startup_stm32l412xx.o(.text)
    USART1_IRQHandler                        0x0800026b   Thumb Code     0  startup_stm32l412xx.o(.text)
    USART3_IRQHandler                        0x0800026b   Thumb Code     0  startup_stm32l412xx.o(.text)
    USB_IRQHandler                           0x0800026b   Thumb Code     0  startup_stm32l412xx.o(.text)
    WWDG_IRQHandler                          0x0800026b   Thumb Code     0  startup_stm32l412xx.o(.text)
    __user_initial_stackheap                 0x0800026d   Thumb Code     0  startup_stm32l412xx.o(.text)
    __aeabi_uldivmod                         0x08000291   Thumb Code     0  lludivv7m.o(.text)
    _ll_udiv                                 0x08000291   Thumb Code   238  lludivv7m.o(.text)
    __2printf                                0x08000381   Thumb Code    20  noretval__2printf.o(.text)
    __printf                                 0x08000399   Thumb Code   270  __printf_wp.o(.text)
    __aeabi_memclr4                          0x080004a7   Thumb Code     0  rt_memclr_w.o(.text)
    __aeabi_memclr8                          0x080004a7   Thumb Code     0  rt_memclr_w.o(.text)
    __rt_memclr_w                            0x080004a7   Thumb Code    78  rt_memclr_w.o(.text)
    _memset_w                                0x080004ab   Thumb Code     0  rt_memclr_w.o(.text)
    __use_two_region_memory                  0x080004f5   Thumb Code     2  heapauxi.o(.text)
    __rt_heap_escrow$2region                 0x080004f7   Thumb Code     2  heapauxi.o(.text)
    __rt_heap_expand$2region                 0x080004f9   Thumb Code     2  heapauxi.o(.text)
    __read_errno                             0x080004fb   Thumb Code    10  _rserrno.o(.text)
    __set_errno                              0x08000505   Thumb Code    12  _rserrno.o(.text)
    __lib_sel_fp_printf                      0x08000511   Thumb Code     2  _printf_fp_dec.o(.text)
    _printf_fp_dec_real                      0x080006c3   Thumb Code   620  _printf_fp_dec.o(.text)
    _printf_char_file                        0x08000935   Thumb Code    32  _printf_char_file.o(.text)
    __strtod_int                             0x08000995   Thumb Code    90  strtod.o(.text)
    __rt_locale                              0x080009fd   Thumb Code     8  rt_locale_intlibspace.o(.text)
    __aeabi_errno_addr                       0x08000a05   Thumb Code     8  rt_errno_addr_intlibspace.o(.text)
    __errno$intlibspace                      0x08000a05   Thumb Code     0  rt_errno_addr_intlibspace.o(.text)
    __rt_errno_addr$intlibspace              0x08000a05   Thumb Code     0  rt_errno_addr_intlibspace.o(.text)
    _ll_udiv10                               0x08000a0d   Thumb Code   138  lludiv10.o(.text)
    isspace                                  0x08000a97   Thumb Code    18  isspace.o(.text)
    _printf_char_common                      0x08000ab3   Thumb Code    32  _printf_char_common.o(.text)
    _printf_fp_infnan                        0x08000ad9   Thumb Code   112  _printf_fp_infnan.o(.text)
    _sgetc                                   0x08000b59   Thumb Code    30  _sgetc.o(.text)
    _sbackspace                              0x08000b77   Thumb Code    34  _sgetc.o(.text)
    _btod_etento                             0x08000b99   Thumb Code   224  bigflt0.o(.text)
    ferror                                   0x08000c7d   Thumb Code     8  ferror.o(.text)
    __user_libspace                          0x08000c85   Thumb Code     8  libspace.o(.text)
    __user_perproc_libspace                  0x08000c85   Thumb Code     0  libspace.o(.text)
    __user_perthread_libspace                0x08000c85   Thumb Code     0  libspace.o(.text)
    __user_setup_stackheap                   0x08000c8d   Thumb Code    74  sys_stackheap_outer.o(.text)
    __rt_ctype_table                         0x08000cd9   Thumb Code    16  rt_ctype_table.o(.text)
    _scanf_really_real                       0x08000f35   Thumb Code   684  scanf_fp.o(.text)
    exit                                     0x080011f1   Thumb Code    18  exit.o(.text)
    strcmp                                   0x08001205   Thumb Code   128  strcmpv7m.o(.text)
    _sys_exit                                0x08001285   Thumb Code     8  sys_exit.o(.text)
    _scanf_really_hex_real                   0x08001291   Thumb Code   786  scanf_hexfp.o(.text)
    _scanf_really_infnan                     0x080015b9   Thumb Code   292  scanf_infnan.o(.text)
    __I$use$semihosting                      0x080016f3   Thumb Code     0  use_no_semi.o(.text)
    __use_no_semihosting_swi                 0x080016f3   Thumb Code     2  use_no_semi.o(.text)
    __aeabi_llsl                             0x080016f5   Thumb Code     0  llshl.o(.text)
    __semihosting_library_function           0x080016f5   Thumb Code     0  indicate_semi.o(.text)
    _ll_shift_l                              0x080016f5   Thumb Code    38  llshl.o(.text)
    _chval                                   0x0800171b   Thumb Code    28  _chval.o(.text)
    _btod_d2e                                0x08001737   Thumb Code    62  btod.o(CL$$btod_d2e)
    _d2e_denorm_low                          0x08001775   Thumb Code    70  btod.o(CL$$btod_d2e_denorm_low)
    _d2e_norm_op1                            0x080017bb   Thumb Code    96  btod.o(CL$$btod_d2e_norm_op1)
    __btod_div_common                        0x0800181b   Thumb Code   696  btod.o(CL$$btod_div_common)
    _e2d                                     0x08001b55   Thumb Code   122  btod.o(CL$$btod_e2d)
    _e2e                                     0x08001bd9   Thumb Code   220  btod.o(CL$$btod_e2e)
    _btod_ediv                               0x08001cb5   Thumb Code    42  btod.o(CL$$btod_ediv)
    _btod_edivd                              0x08001cdf   Thumb Code    42  btod.o(CL$$btod_edivd)
    _btod_emul                               0x08001d09   Thumb Code    42  btod.o(CL$$btod_emul)
    _btod_emuld                              0x08001d33   Thumb Code    42  btod.o(CL$$btod_emuld)
    __btod_mult_common                       0x08001d5d   Thumb Code   580  btod.o(CL$$btod_mult_common)
    BusFault_Handler                         0x08001fa1   Thumb Code     2  stm32l4xx_it.o(i.BusFault_Handler)
    Calculate_PID                            0x08001fa5   Thumb Code   370  main.o(i.Calculate_PID)
    DebugMon_Handler                         0x08002141   Thumb Code     2  stm32l4xx_it.o(i.DebugMon_Handler)
    EXTI1_IRQHandler                         0x08002143   Thumb Code     6  stm32l4xx_it.o(i.EXTI1_IRQHandler)
    Error_Handler                            0x08002149   Thumb Code     4  main.o(i.Error_Handler)
    HAL_DMA_Abort                            0x0800214d   Thumb Code    74  stm32l4xx_hal_dma.o(i.HAL_DMA_Abort)
    HAL_DMA_Abort_IT                         0x08002197   Thumb Code    78  stm32l4xx_hal_dma.o(i.HAL_DMA_Abort_IT)
    HAL_GPIO_EXTI_Callback                   0x080021e5   Thumb Code     2  stm32l4xx_hal_gpio.o(i.HAL_GPIO_EXTI_Callback)
    HAL_GPIO_EXTI_IRQHandler                 0x080021e9   Thumb Code    18  stm32l4xx_hal_gpio.o(i.HAL_GPIO_EXTI_IRQHandler)
    HAL_GPIO_Init                            0x08002201   Thumb Code   396  stm32l4xx_hal_gpio.o(i.HAL_GPIO_Init)
    HAL_GPIO_TogglePin                       0x080023ab   Thumb Code    16  stm32l4xx_hal_gpio.o(i.HAL_GPIO_TogglePin)
    HAL_GPIO_WritePin                        0x080023bb   Thumb Code    10  stm32l4xx_hal_gpio.o(i.HAL_GPIO_WritePin)
    HAL_GetTick                              0x080023c5   Thumb Code     6  stm32l4xx_hal.o(i.HAL_GetTick)
    HAL_IncTick                              0x080023d1   Thumb Code    12  stm32l4xx_hal.o(i.HAL_IncTick)
    HAL_Init                                 0x080023e1   Thumb Code    30  stm32l4xx_hal.o(i.HAL_Init)
    HAL_InitTick                             0x08002401   Thumb Code    58  stm32l4xx_hal.o(i.HAL_InitTick)
    HAL_MspInit                              0x08002445   Thumb Code    38  stm32l4xx_hal_msp.o(i.HAL_MspInit)
    HAL_NVIC_EnableIRQ                       0x08002471   Thumb Code    26  stm32l4xx_hal_cortex.o(i.HAL_NVIC_EnableIRQ)
    HAL_NVIC_SetPriority                     0x0800248d   Thumb Code    60  stm32l4xx_hal_cortex.o(i.HAL_NVIC_SetPriority)
    HAL_NVIC_SetPriorityGrouping             0x080024cd   Thumb Code    26  stm32l4xx_hal_cortex.o(i.HAL_NVIC_SetPriorityGrouping)
    HAL_PWREx_ControlVoltageScaling          0x080024f1   Thumb Code    90  stm32l4xx_hal_pwr_ex.o(i.HAL_PWREx_ControlVoltageScaling)
    HAL_PWREx_GetVoltageRange                0x08002559   Thumb Code    10  stm32l4xx_hal_pwr_ex.o(i.HAL_PWREx_GetVoltageRange)
    HAL_RCCEx_PeriphCLKConfig                0x08002569   Thumb Code   486  stm32l4xx_hal_rcc_ex.o(i.HAL_RCCEx_PeriphCLKConfig)
    HAL_RCC_ClockConfig                      0x08002759   Thumb Code   266  stm32l4xx_hal_rcc.o(i.HAL_RCC_ClockConfig)
    HAL_RCC_GetPCLK1Freq                     0x08002879   Thumb Code    24  stm32l4xx_hal_rcc.o(i.HAL_RCC_GetPCLK1Freq)
    HAL_RCC_GetPCLK2Freq                     0x0800289d   Thumb Code    24  stm32l4xx_hal_rcc.o(i.HAL_RCC_GetPCLK2Freq)
    HAL_RCC_GetSysClockFreq                  0x080028c1   Thumb Code   150  stm32l4xx_hal_rcc.o(i.HAL_RCC_GetSysClockFreq)
    HAL_RCC_OscConfig                        0x08002965   Thumb Code  1470  stm32l4xx_hal_rcc.o(i.HAL_RCC_OscConfig)
    HAL_SYSTICK_Config                       0x08002f29   Thumb Code    40  stm32l4xx_hal_cortex.o(i.HAL_SYSTICK_Config)
    HAL_TIMEx_Break2Callback                 0x08002f51   Thumb Code     2  stm32l4xx_hal_tim_ex.o(i.HAL_TIMEx_Break2Callback)
    HAL_TIMEx_BreakCallback                  0x08002f53   Thumb Code     2  stm32l4xx_hal_tim_ex.o(i.HAL_TIMEx_BreakCallback)
    HAL_TIMEx_CommutCallback                 0x08002f55   Thumb Code     2  stm32l4xx_hal_tim_ex.o(i.HAL_TIMEx_CommutCallback)
    HAL_TIMEx_ConfigBreakDeadTime            0x08002f59   Thumb Code   126  stm32l4xx_hal_tim_ex.o(i.HAL_TIMEx_ConfigBreakDeadTime)
    HAL_TIMEx_MasterConfigSynchronization    0x08002fdd   Thumb Code    98  stm32l4xx_hal_tim_ex.o(i.HAL_TIMEx_MasterConfigSynchronization)
    HAL_TIM_Base_Init                        0x08003049   Thumb Code    98  stm32l4xx_hal_tim.o(i.HAL_TIM_Base_Init)
    HAL_TIM_Base_MspInit                     0x080030ad   Thumb Code   126  tim.o(i.HAL_TIM_Base_MspInit)
    HAL_TIM_Base_Start                       0x08003135   Thumb Code    66  stm32l4xx_hal_tim.o(i.HAL_TIM_Base_Start)
    HAL_TIM_Base_Start_IT                    0x08003185   Thumb Code    76  stm32l4xx_hal_tim.o(i.HAL_TIM_Base_Start_IT)
    HAL_TIM_IC_CaptureCallback               0x080031dd   Thumb Code     2  stm32l4xx_hal_tim.o(i.HAL_TIM_IC_CaptureCallback)
    HAL_TIM_IRQHandler                       0x080031df   Thumb Code   388  stm32l4xx_hal_tim.o(i.HAL_TIM_IRQHandler)
    HAL_TIM_MspPostInit                      0x08003365   Thumb Code    72  tim.o(i.HAL_TIM_MspPostInit)
    HAL_TIM_OC_DelayElapsedCallback          0x080033b5   Thumb Code     2  stm32l4xx_hal_tim.o(i.HAL_TIM_OC_DelayElapsedCallback)
    HAL_TIM_PWM_ConfigChannel                0x080033b7   Thumb Code   286  stm32l4xx_hal_tim.o(i.HAL_TIM_PWM_ConfigChannel)
    HAL_TIM_PWM_Init                         0x080034d5   Thumb Code    98  stm32l4xx_hal_tim.o(i.HAL_TIM_PWM_Init)
    HAL_TIM_PWM_MspInit                      0x08003539   Thumb Code    30  tim.o(i.HAL_TIM_PWM_MspInit)
    HAL_TIM_PWM_PulseFinishedCallback        0x08003561   Thumb Code     2  stm32l4xx_hal_tim.o(i.HAL_TIM_PWM_PulseFinishedCallback)
    HAL_TIM_PWM_Start                        0x08003565   Thumb Code   190  stm32l4xx_hal_tim.o(i.HAL_TIM_PWM_Start)
    HAL_TIM_PeriodElapsedCallback            0x08003635   Thumb Code   148  main.o(i.HAL_TIM_PeriodElapsedCallback)
    HAL_TIM_SlaveConfigSynchro               0x080036fd   Thumb Code    86  stm32l4xx_hal_tim.o(i.HAL_TIM_SlaveConfigSynchro)
    HAL_TIM_TriggerCallback                  0x08003753   Thumb Code     2  stm32l4xx_hal_tim.o(i.HAL_TIM_TriggerCallback)
    HAL_UARTEx_RxEventCallback               0x08003755   Thumb Code     2  stm32l4xx_hal_uart.o(i.HAL_UARTEx_RxEventCallback)
    HAL_UARTEx_WakeupCallback                0x08003757   Thumb Code     2  stm32l4xx_hal_uart_ex.o(i.HAL_UARTEx_WakeupCallback)
    HAL_UART_ErrorCallback                   0x08003759   Thumb Code     2  stm32l4xx_hal_uart.o(i.HAL_UART_ErrorCallback)
    HAL_UART_IRQHandler                      0x0800375d   Thumb Code   562  stm32l4xx_hal_uart.o(i.HAL_UART_IRQHandler)
    HAL_UART_Init                            0x08003999   Thumb Code   102  stm32l4xx_hal_uart.o(i.HAL_UART_Init)
    HAL_UART_MspInit                         0x08003a01   Thumb Code   152  usart.o(i.HAL_UART_MspInit)
    HAL_UART_Receive_IT                      0x08003aa1   Thumb Code    68  stm32l4xx_hal_uart.o(i.HAL_UART_Receive_IT)
    HAL_UART_RxCpltCallback                  0x08003ae9   Thumb Code    70  main.o(i.HAL_UART_RxCpltCallback)
    HAL_UART_Transmit                        0x08003b41   Thumb Code   182  stm32l4xx_hal_uart.o(i.HAL_UART_Transmit)
    HAL_UART_TxCpltCallback                  0x08003bf7   Thumb Code     2  stm32l4xx_hal_uart.o(i.HAL_UART_TxCpltCallback)
    HardFault_Handler                        0x08003bf9   Thumb Code     2  stm32l4xx_it.o(i.HardFault_Handler)
    MX_GPIO_Init                             0x08003bfd   Thumb Code   120  gpio.o(i.MX_GPIO_Init)
    MX_TIM15_Init                            0x08003c81   Thumb Code   152  tim.o(i.MX_TIM15_Init)
    MX_TIM2_Init                             0x08003d21   Thumb Code   100  tim.o(i.MX_TIM2_Init)
    MX_TIM6_Init                             0x08003d89   Thumb Code    62  tim.o(i.MX_TIM6_Init)
    MX_USART2_UART_Init                      0x08003dd1   Thumb Code    52  usart.o(i.MX_USART2_UART_Init)
    MemManage_Handler                        0x08003e0d   Thumb Code     2  stm32l4xx_it.o(i.MemManage_Handler)
    NMI_Handler                              0x08003e0f   Thumb Code     2  stm32l4xx_it.o(i.NMI_Handler)
    PID_Config                               0x08003e11   Thumb Code    20  main.o(i.PID_Config)
    PendSV_Handler                           0x08003e25   Thumb Code     2  stm32l4xx_it.o(i.PendSV_Handler)
    SVC_Handler                              0x08003ea5   Thumb Code     2  stm32l4xx_it.o(i.SVC_Handler)
    SysTick_Handler                          0x08003ea7   Thumb Code     4  stm32l4xx_it.o(i.SysTick_Handler)
    SystemClock_Config                       0x08003eab   Thumb Code   112  main.o(i.SystemClock_Config)
    SystemInit                               0x08003f1d   Thumb Code    48  system_stm32l4xx.o(i.SystemInit)
    TIM6_IRQHandler                          0x08003f59   Thumb Code     6  stm32l4xx_it.o(i.TIM6_IRQHandler)
    TIM_Base_SetConfig                       0x08003f65   Thumb Code    94  stm32l4xx_hal_tim.o(i.TIM_Base_SetConfig)
    TIM_CCxChannelCmd                        0x08003fd1   Thumb Code    26  stm32l4xx_hal_tim.o(i.TIM_CCxChannelCmd)
    TIM_ETR_SetConfig                        0x08003feb   Thumb Code    20  stm32l4xx_hal_tim.o(i.TIM_ETR_SetConfig)
    TIM_OC2_SetConfig                        0x08004079   Thumb Code   102  stm32l4xx_hal_tim.o(i.TIM_OC2_SetConfig)
    UART_AdvFeatureConfig                    0x0800434f   Thumb Code   200  stm32l4xx_hal_uart.o(i.UART_AdvFeatureConfig)
    UART_CheckIdleState                      0x08004417   Thumb Code    92  stm32l4xx_hal_uart.o(i.UART_CheckIdleState)
    UART_SetConfig                           0x080045b1   Thumb Code   478  stm32l4xx_hal_uart.o(i.UART_SetConfig)
    UART_Start_Receive_IT                    0x080047b1   Thumb Code   134  stm32l4xx_hal_uart.o(i.UART_Start_Receive_IT)
    UART_WaitOnFlagUntilTimeout              0x08004841   Thumb Code   164  stm32l4xx_hal_uart.o(i.UART_WaitOnFlagUntilTimeout)
    USART2_IRQHandler                        0x080048e5   Thumb Code     6  stm32l4xx_it.o(i.USART2_IRQHandler)
    UsageFault_Handler                       0x080048f1   Thumb Code     2  stm32l4xx_it.o(i.UsageFault_Handler)
    __ARM_fpclassify                         0x080048f3   Thumb Code    48  fpclassify.o(i.__ARM_fpclassify)
    __hardfp___mathlib_tofloat               0x08004949   Thumb Code   232  narrow.o(i.__hardfp___mathlib_tofloat)
    __hardfp_atof                            0x08004a41   Thumb Code    44  atof.o(i.__hardfp_atof)
    __hardfp_ldexp                           0x08004a79   Thumb Code   200  ldexp.o(i.__hardfp_ldexp)
    __mathlib_dbl_overflow                   0x08004b49   Thumb Code    24  dunder.o(i.__mathlib_dbl_overflow)
    __mathlib_dbl_underflow                  0x08004b69   Thumb Code    24  dunder.o(i.__mathlib_dbl_underflow)
    __mathlib_narrow                         0x08004b89   Thumb Code    18  narrow.o(i.__mathlib_narrow)
    __support_ldexp                          0x08004b9b   Thumb Code    20  ldexp.o(i.__support_ldexp)
    _is_digit                                0x08004baf   Thumb Code    14  __printf_wp.o(i._is_digit)
    fputc                                    0x08004bbd   Thumb Code    24  retarget.o(i.fputc)
    frexp                                    0x08004bd9   Thumb Code   118  frexp.o(i.frexp)
    main                                     0x08004c65   Thumb Code   110  main.o(i.main)
    _get_lc_numeric                          0x08004cf1   Thumb Code    44  lc_numeric_c.o(locale$$code)
    _get_lc_ctype                            0x08004d1d   Thumb Code    44  lc_ctype_c.o(locale$$code)
    __aeabi_d2f                              0x08004d49   Thumb Code     0  d2f.o(x$fpl$d2f)
    _d2f                                     0x08004d49   Thumb Code    98  d2f.o(x$fpl$d2f)
    __aeabi_dadd                             0x08004dad   Thumb Code     0  daddsub_clz.o(x$fpl$dadd)
    _dadd                                    0x08004dad   Thumb Code   332  daddsub_clz.o(x$fpl$dadd)
    __fpl_dcheck_NaN1                        0x08004efd   Thumb Code    10  dcheck1.o(x$fpl$dcheck1)
    __fpl_dcmp_Inf                           0x08004f0d   Thumb Code    24  dcmpi.o(x$fpl$dcmpinf)
    __aeabi_ddiv                             0x08004f25   Thumb Code     0  ddiv.o(x$fpl$ddiv)
    _ddiv                                    0x08004f25   Thumb Code   552  ddiv.o(x$fpl$ddiv)
    __aeabi_cdcmpeq                          0x080051d5   Thumb Code     0  deqf.o(x$fpl$deqf)
    _dcmpeq                                  0x080051d5   Thumb Code   120  deqf.o(x$fpl$deqf)
    __aeabi_ui2d                             0x0800524d   Thumb Code     0  dflt_clz.o(x$fpl$dfltu)
    _dfltu                                   0x0800524d   Thumb Code    38  dflt_clz.o(x$fpl$dfltu)
    __aeabi_cdcmple                          0x08005275   Thumb Code     0  dleqf.o(x$fpl$dleqf)
    _dcmple                                  0x08005275   Thumb Code   120  dleqf.o(x$fpl$dleqf)
    __fpl_dcmple_InfNaN                      0x080052d7   Thumb Code     0  dleqf.o(x$fpl$dleqf)
    __aeabi_dmul                             0x080052ed   Thumb Code     0  dmul.o(x$fpl$dmul)
    _dmul                                    0x080052ed   Thumb Code   332  dmul.o(x$fpl$dmul)
    __fpl_dnaninf                            0x08005441   Thumb Code   156  dnaninf.o(x$fpl$dnaninf)
    __fpl_dretinf                            0x080054dd   Thumb Code    12  dretinf.o(x$fpl$dretinf)
    __aeabi_cdrcmple                         0x080054e9   Thumb Code     0  drleqf.o(x$fpl$drleqf)
    _drcmple                                 0x080054e9   Thumb Code   108  drleqf.o(x$fpl$drleqf)
    __aeabi_dsub                             0x08005555   Thumb Code     0  daddsub_clz.o(x$fpl$dsub)
    _dsub                                    0x08005555   Thumb Code   464  daddsub_clz.o(x$fpl$dsub)
    __aeabi_f2d                              0x08005729   Thumb Code     0  f2d.o(x$fpl$f2d)
    _f2d                                     0x08005729   Thumb Code    86  f2d.o(x$fpl$f2d)
    __fpl_fnaninf                            0x0800577f   Thumb Code   140  fnaninf.o(x$fpl$fnaninf)
    _fp_init                                 0x0800580b   Thumb Code    10  fpinit.o(x$fpl$fpinit)
    __fplib_config_fpu_vfp                   0x08005813   Thumb Code     0  fpinit.o(x$fpl$fpinit)
    __fplib_config_pureend_doubles           0x08005813   Thumb Code     0  fpinit.o(x$fpl$fpinit)
    __fpl_fretinf                            0x08005815   Thumb Code    10  fretinf.o(x$fpl$fretinf)
    __ieee_status                            0x0800581f   Thumb Code     6  istatus.o(x$fpl$ieeestatus)
    _printf_fp_dec                           0x08005825   Thumb Code     4  printf1.o(x$fpl$printf1)
    __fpl_return_NaN                         0x08005829   Thumb Code   100  retnan.o(x$fpl$retnan)
    __ARM_scalbn                             0x0800588d   Thumb Code    92  scalbn.o(x$fpl$scalbn)
    _scanf_real                              0x080058e9   Thumb Code     4  scanf1.o(x$fpl$scanf1)
    _scanf_hex_real                          0x080058ed   Thumb Code     4  scanf2.o(x$fpl$scanf2)
    _scanf_infnan                            0x080058f1   Thumb Code     4  scanf2.o(x$fpl$scanf2)
    __fpl_cmpreturn                          0x080058f5   Thumb Code    48  trapv.o(x$fpl$trapveneer)
    AHBPrescTable                            0x08005924   Data          16  system_stm32l4xx.o(.constdata)
    __I$use$fp                               0x08005924   Number         0  usenofp.o(x$fpl$usenofp)
    MSIRangeTable                            0x08005934   Data          48  system_stm32l4xx.o(.constdata)
    APBPrescTable                            0x08005964   Data           8  system_stm32l4xx.o(.constdata)
    Region$$Table$$Base                      0x08005a00   Number         0  anon$$obj.o(Region$$Table)
    Region$$Table$$Limit                     0x08005a20   Number         0  anon$$obj.o(Region$$Table)
    __aeabi_HUGE_VAL                         0x08005a20   Data           0  fpconst.o(c$$dinf)
    __aeabi_HUGE_VALL                        0x08005a20   Data           0  fpconst.o(c$$dinf)
    __aeabi_INFINITY                         0x08005a20   Data           0  fpconst.o(c$$dinf)
    __dInf                                   0x08005a20   Data           0  fpconst.o(c$$dinf)
    __huge_val                               0x08005a20   Data           0  fpconst.o(c$$dinf)
    __dbl_max                                0x08005a28   Data           0  fpconst.o(c$$dmax)
    __ctype                                  0x08005a59   Data           0  lc_ctype_c.o(locale$$data)
    __stdout                                 0x20000000   Data           4  retarget.o(.data)
    byte                                     0x20000004   Data           1  main.o(.data)
    i                                        0x20000005   Data           1  main.o(.data)
    U                                        0x20000006   Data           2  main.o(.data)
    ref                                      0x20000008   Data           4  main.o(.data)
    pulse                                    0x2000000c   Data           4  main.o(.data)
    rpm                                      0x20000010   Data           4  main.o(.data)
    radS                                     0x20000014   Data           4  main.o(.data)
    uwTickFreq                               0x20000018   Data           1  stm32l4xx_hal.o(.data)
    uwTickPrio                               0x2000001c   Data           4  stm32l4xx_hal.o(.data)
    uwTick                                   0x20000020   Data           4  stm32l4xx_hal.o(.data)
    SystemCoreClock                          0x20000024   Data           4  system_stm32l4xx.o(.data)
    buffer                                   0x20000028   Data         100  main.o(.bss)
    MOTOR_DC                                 0x2000008c   Data          64  main.o(.bss)
    htim2                                    0x200000cc   Data          76  tim.o(.bss)
    htim6                                    0x20000118   Data          76  tim.o(.bss)
    htim15                                   0x20000164   Data          76  tim.o(.bss)
    huart2                                   0x200001b0   Data         132  usart.o(.bss)
    __libspace_start                         0x20000234   Data          96  libspace.o(.bss)
    __temporary_stack_top$libspace           0x20000294   Data           0  libspace.o(.bss)



==============================================================================

Memory Map of the image

  Image Entry point : 0x0800018d

  Load Region LR_IROM1 (Base: 0x08000000, Size: 0x00005b84, Max: 0x00020000, ABSOLUTE)

    Execution Region ER_IROM1 (Exec base: 0x08000000, Load base: 0x08000000, Size: 0x00005b5c, Max: 0x00020000, ABSOLUTE)

    Exec Addr    Load Addr    Size         Type   Attr      Idx    E Section Name        Object

    0x08000000   0x08000000   0x0000018c   Data   RO            3    RESET               startup_stm32l412xx.o
    0x0800018c   0x0800018c   0x00000008   Code   RO         3979  * !!!main             c_w.l(__main.o)
    0x08000194   0x08000194   0x00000034   Code   RO         4344    !!!scatter          c_w.l(__scatter.o)
    0x080001c8   0x080001c8   0x0000001a   Code   RO         4346    !!handler_copy      c_w.l(__scatter_copy.o)
    0x080001e2   0x080001e2   0x00000002   PAD
    0x080001e4   0x080001e4   0x0000001c   Code   RO         4348    !!handler_zi        c_w.l(__scatter_zi.o)
    0x08000200   0x08000200   0x00000000   Code   RO         3974    .ARM.Collect$$_printf_percent$$00000000  c_w.l(_printf_percent.o)
    0x08000200   0x08000200   0x00000006   Code   RO         3973    .ARM.Collect$$_printf_percent$$00000003  c_w.l(_printf_f.o)
    0x08000206   0x08000206   0x00000004   Code   RO         4022    .ARM.Collect$$_printf_percent$$00000017  c_w.l(_printf_percent_end.o)
    0x0800020a   0x0800020a   0x00000002   Code   RO         4133    .ARM.Collect$$libinit$$00000000  c_w.l(libinit.o)
    0x0800020c   0x0800020c   0x00000004   Code   RO         4134    .ARM.Collect$$libinit$$00000001  c_w.l(libinit2.o)
    0x08000210   0x08000210   0x00000000   Code   RO         4137    .ARM.Collect$$libinit$$00000004  c_w.l(libinit2.o)
    0x08000210   0x08000210   0x00000000   Code   RO         4140    .ARM.Collect$$libinit$$0000000A  c_w.l(libinit2.o)
    0x08000210   0x08000210   0x00000000   Code   RO         4142    .ARM.Collect$$libinit$$0000000C  c_w.l(libinit2.o)
    0x08000210   0x08000210   0x00000000   Code   RO         4144    .ARM.Collect$$libinit$$0000000E  c_w.l(libinit2.o)
    0x08000210   0x08000210   0x00000006   Code   RO         4145    .ARM.Collect$$libinit$$0000000F  c_w.l(libinit2.o)
    0x08000216   0x08000216   0x00000000   Code   RO         4147    .ARM.Collect$$libinit$$00000011  c_w.l(libinit2.o)
    0x08000216   0x08000216   0x0000000c   Code   RO         4148    .ARM.Collect$$libinit$$00000012  c_w.l(libinit2.o)
    0x08000222   0x08000222   0x00000000   Code   RO         4149    .ARM.Collect$$libinit$$00000013  c_w.l(libinit2.o)
    0x08000222   0x08000222   0x00000000   Code   RO         4151    .ARM.Collect$$libinit$$00000015  c_w.l(libinit2.o)
    0x08000222   0x08000222   0x0000000a   Code   RO         4152    .ARM.Collect$$libinit$$00000016  c_w.l(libinit2.o)
    0x0800022c   0x0800022c   0x00000000   Code   RO         4153    .ARM.Collect$$libinit$$00000017  c_w.l(libinit2.o)
    0x0800022c   0x0800022c   0x00000000   Code   RO         4155    .ARM.Collect$$libinit$$00000019  c_w.l(libinit2.o)
    0x0800022c   0x0800022c   0x00000000   Code   RO         4157    .ARM.Collect$$libinit$$0000001B  c_w.l(libinit2.o)
    0x0800022c   0x0800022c   0x00000000   Code   RO         4159    .ARM.Collect$$libinit$$0000001D  c_w.l(libinit2.o)
    0x0800022c   0x0800022c   0x00000000   Code   RO         4161    .ARM.Collect$$libinit$$0000001F  c_w.l(libinit2.o)
    0x0800022c   0x0800022c   0x00000000   Code   RO         4163    .ARM.Collect$$libinit$$00000021  c_w.l(libinit2.o)
    0x0800022c   0x0800022c   0x00000000   Code   RO         4165    .ARM.Collect$$libinit$$00000023  c_w.l(libinit2.o)
    0x0800022c   0x0800022c   0x00000000   Code   RO         4167    .ARM.Collect$$libinit$$00000025  c_w.l(libinit2.o)
    0x0800022c   0x0800022c   0x00000000   Code   RO         4171    .ARM.Collect$$libinit$$0000002C  c_w.l(libinit2.o)
    0x0800022c   0x0800022c   0x00000000   Code   RO         4173    .ARM.Collect$$libinit$$0000002E  c_w.l(libinit2.o)
    0x0800022c   0x0800022c   0x00000000   Code   RO         4175    .ARM.Collect$$libinit$$00000030  c_w.l(libinit2.o)
    0x0800022c   0x0800022c   0x00000000   Code   RO         4177    .ARM.Collect$$libinit$$00000032  c_w.l(libinit2.o)
    0x0800022c   0x0800022c   0x00000002   Code   RO         4178    .ARM.Collect$$libinit$$00000033  c_w.l(libinit2.o)
    0x0800022e   0x0800022e   0x00000002   Code   RO         4264    .ARM.Collect$$libshutdown$$00000000  c_w.l(libshutdown.o)
    0x08000230   0x08000230   0x00000000   Code   RO         4302    .ARM.Collect$$libshutdown$$00000002  c_w.l(libshutdown2.o)
    0x08000230   0x08000230   0x00000000   Code   RO         4304    .ARM.Collect$$libshutdown$$00000004  c_w.l(libshutdown2.o)
    0x08000230   0x08000230   0x00000000   Code   RO         4306    .ARM.Collect$$libshutdown$$00000006  c_w.l(libshutdown2.o)
    0x08000230   0x08000230   0x00000000   Code   RO         4309    .ARM.Collect$$libshutdown$$00000009  c_w.l(libshutdown2.o)
    0x08000230   0x08000230   0x00000000   Code   RO         4312    .ARM.Collect$$libshutdown$$0000000C  c_w.l(libshutdown2.o)
    0x08000230   0x08000230   0x00000000   Code   RO         4314    .ARM.Collect$$libshutdown$$0000000E  c_w.l(libshutdown2.o)
    0x08000230   0x08000230   0x00000000   Code   RO         4317    .ARM.Collect$$libshutdown$$00000011  c_w.l(libshutdown2.o)
    0x08000230   0x08000230   0x00000002   Code   RO         4318    .ARM.Collect$$libshutdown$$00000012  c_w.l(libshutdown2.o)
    0x08000232   0x08000232   0x00000000   Code   RO         4011    .ARM.Collect$$rtentry$$00000000  c_w.l(__rtentry.o)
    0x08000232   0x08000232   0x00000000   Code   RO         4035    .ARM.Collect$$rtentry$$00000002  c_w.l(__rtentry2.o)
    0x08000232   0x08000232   0x00000006   Code   RO         4047    .ARM.Collect$$rtentry$$00000004  c_w.l(__rtentry4.o)
    0x08000238   0x08000238   0x00000000   Code   RO         4037    .ARM.Collect$$rtentry$$00000009  c_w.l(__rtentry2.o)
    0x08000238   0x08000238   0x00000004   Code   RO         4038    .ARM.Collect$$rtentry$$0000000A  c_w.l(__rtentry2.o)
    0x0800023c   0x0800023c   0x00000000   Code   RO         4040    .ARM.Collect$$rtentry$$0000000C  c_w.l(__rtentry2.o)
    0x0800023c   0x0800023c   0x00000008   Code   RO         4041    .ARM.Collect$$rtentry$$0000000D  c_w.l(__rtentry2.o)
    0x08000244   0x08000244   0x00000002   Code   RO         4179    .ARM.Collect$$rtexit$$00000000  c_w.l(rtexit.o)
    0x08000246   0x08000246   0x00000000   Code   RO         4215    .ARM.Collect$$rtexit$$00000002  c_w.l(rtexit2.o)
    0x08000246   0x08000246   0x00000004   Code   RO         4216    .ARM.Collect$$rtexit$$00000003  c_w.l(rtexit2.o)
    0x0800024a   0x0800024a   0x00000006   Code   RO         4217    .ARM.Collect$$rtexit$$00000004  c_w.l(rtexit2.o)
    0x08000250   0x08000250   0x00000040   Code   RO            4    .text               startup_stm32l412xx.o
    0x08000290   0x08000290   0x000000ee   Code   RO         3945    .text               c_w.l(lludivv7m.o)
    0x0800037e   0x0800037e   0x00000002   PAD
    0x08000380   0x08000380   0x00000018   Code   RO         3949    .text               c_w.l(noretval__2printf.o)
    0x08000398   0x08000398   0x0000010e   Code   RO         3961    .text               c_w.l(__printf_wp.o)
    0x080004a6   0x080004a6   0x0000004e   Code   RO         3975    .text               c_w.l(rt_memclr_w.o)
    0x080004f4   0x080004f4   0x00000006   Code   RO         3977    .text               c_w.l(heapauxi.o)
    0x080004fa   0x080004fa   0x00000016   Code   RO         4016    .text               c_w.l(_rserrno.o)
    0x08000510   0x08000510   0x00000424   Code   RO         4018    .text               c_w.l(_printf_fp_dec.o)
    0x08000934   0x08000934   0x00000024   Code   RO         4020    .text               c_w.l(_printf_char_file.o)
    0x08000958   0x08000958   0x000000a4   Code   RO         4023    .text               c_w.l(strtod.o)
    0x080009fc   0x080009fc   0x00000008   Code   RO         4054    .text               c_w.l(rt_locale_intlibspace.o)
    0x08000a04   0x08000a04   0x00000008   Code   RO         4059    .text               c_w.l(rt_errno_addr_intlibspace.o)
    0x08000a0c   0x08000a0c   0x0000008a   Code   RO         4061    .text               c_w.l(lludiv10.o)
    0x08000a96   0x08000a96   0x00000012   Code   RO         4063    .text               c_w.l(isspace.o)
    0x08000aa8   0x08000aa8   0x00000030   Code   RO         4065    .text               c_w.l(_printf_char_common.o)
    0x08000ad8   0x08000ad8   0x00000080   Code   RO         4067    .text               c_w.l(_printf_fp_infnan.o)
    0x08000b58   0x08000b58   0x00000040   Code   RO         4069    .text               c_w.l(_sgetc.o)
    0x08000b98   0x08000b98   0x000000e4   Code   RO         4071    .text               c_w.l(bigflt0.o)
    0x08000c7c   0x08000c7c   0x00000008   Code   RO         4096    .text               c_w.l(ferror.o)
    0x08000c84   0x08000c84   0x00000008   Code   RO         4109    .text               c_w.l(libspace.o)
    0x08000c8c   0x08000c8c   0x0000004a   Code   RO         4112    .text               c_w.l(sys_stackheap_outer.o)
    0x08000cd6   0x08000cd6   0x00000002   PAD
    0x08000cd8   0x08000cd8   0x00000010   Code   RO         4114    .text               c_w.l(rt_ctype_table.o)
    0x08000ce8   0x08000ce8   0x00000508   Code   RO         4118    .text               c_w.l(scanf_fp.o)
    0x080011f0   0x080011f0   0x00000012   Code   RO         4120    .text               c_w.l(exit.o)
    0x08001202   0x08001202   0x00000002   PAD
    0x08001204   0x08001204   0x00000080   Code   RO         4126    .text               c_w.l(strcmpv7m.o)
    0x08001284   0x08001284   0x0000000c   Code   RO         4212    .text               c_w.l(sys_exit.o)
    0x08001290   0x08001290   0x00000326   Code   RO         4221    .text               c_w.l(scanf_hexfp.o)
    0x080015b6   0x080015b6   0x00000002   PAD
    0x080015b8   0x080015b8   0x0000013a   Code   RO         4223    .text               c_w.l(scanf_infnan.o)
    0x080016f2   0x080016f2   0x00000002   Code   RO         4247    .text               c_w.l(use_no_semi.o)
    0x080016f4   0x080016f4   0x00000000   Code   RO         4249    .text               c_w.l(indicate_semi.o)
    0x080016f4   0x080016f4   0x00000026   Code   RO         4252    .text               c_w.l(llshl.o)
    0x0800171a   0x0800171a   0x0000001c   Code   RO         4254    .text               c_w.l(_chval.o)
    0x08001736   0x08001736   0x0000003e   Code   RO         4074    CL$$btod_d2e        c_w.l(btod.o)
    0x08001774   0x08001774   0x00000046   Code   RO         4076    CL$$btod_d2e_denorm_low  c_w.l(btod.o)
    0x080017ba   0x080017ba   0x00000060   Code   RO         4075    CL$$btod_d2e_norm_op1  c_w.l(btod.o)
    0x0800181a   0x0800181a   0x00000338   Code   RO         4084    CL$$btod_div_common  c_w.l(btod.o)
    0x08001b52   0x08001b52   0x00000002   PAD
    0x08001b54   0x08001b54   0x00000084   Code   RO         4082    CL$$btod_e2d        c_w.l(btod.o)
    0x08001bd8   0x08001bd8   0x000000dc   Code   RO         4081    CL$$btod_e2e        c_w.l(btod.o)
    0x08001cb4   0x08001cb4   0x0000002a   Code   RO         4078    CL$$btod_ediv       c_w.l(btod.o)
    0x08001cde   0x08001cde   0x0000002a   Code   RO         4080    CL$$btod_edivd      c_w.l(btod.o)
    0x08001d08   0x08001d08   0x0000002a   Code   RO         4077    CL$$btod_emul       c_w.l(btod.o)
    0x08001d32   0x08001d32   0x0000002a   Code   RO         4079    CL$$btod_emuld      c_w.l(btod.o)
    0x08001d5c   0x08001d5c   0x00000244   Code   RO         4083    CL$$btod_mult_common  c_w.l(btod.o)
    0x08001fa0   0x08001fa0   0x00000002   Code   RO          382    i.BusFault_Handler  stm32l4xx_it.o
    0x08001fa2   0x08001fa2   0x00000002   PAD
    0x08001fa4   0x08001fa4   0x0000019c   Code   RO          153    i.Calculate_PID     main.o
    0x08002140   0x08002140   0x00000002   Code   RO          383    i.DebugMon_Handler  stm32l4xx_it.o
    0x08002142   0x08002142   0x00000006   Code   RO          384    i.EXTI1_IRQHandler  stm32l4xx_it.o
    0x08002148   0x08002148   0x00000004   Code   RO          154    i.Error_Handler     main.o
    0x0800214c   0x0800214c   0x0000004a   Code   RO         2753    i.HAL_DMA_Abort     stm32l4xx_hal_dma.o
    0x08002196   0x08002196   0x0000004e   Code   RO         2754    i.HAL_DMA_Abort_IT  stm32l4xx_hal_dma.o
    0x080021e4   0x080021e4   0x00000002   Code   RO         2687    i.HAL_GPIO_EXTI_Callback  stm32l4xx_hal_gpio.o
    0x080021e6   0x080021e6   0x00000002   PAD
    0x080021e8   0x080021e8   0x00000018   Code   RO         2688    i.HAL_GPIO_EXTI_IRQHandler  stm32l4xx_hal_gpio.o
    0x08002200   0x08002200   0x000001aa   Code   RO         2689    i.HAL_GPIO_Init     stm32l4xx_hal_gpio.o
    0x080023aa   0x080023aa   0x00000010   Code   RO         2692    i.HAL_GPIO_TogglePin  stm32l4xx_hal_gpio.o
    0x080023ba   0x080023ba   0x0000000a   Code   RO         2693    i.HAL_GPIO_WritePin  stm32l4xx_hal_gpio.o
    0x080023c4   0x080023c4   0x0000000c   Code   RO         1512    i.HAL_GetTick       stm32l4xx_hal.o
    0x080023d0   0x080023d0   0x00000010   Code   RO         1518    i.HAL_IncTick       stm32l4xx_hal.o
    0x080023e0   0x080023e0   0x0000001e   Code   RO         1519    i.HAL_Init          stm32l4xx_hal.o
    0x080023fe   0x080023fe   0x00000002   PAD
    0x08002400   0x08002400   0x00000044   Code   RO         1520    i.HAL_InitTick      stm32l4xx_hal.o
    0x08002444   0x08002444   0x0000002c   Code   RO          476    i.HAL_MspInit       stm32l4xx_hal_msp.o
    0x08002470   0x08002470   0x0000001a   Code   RO         3230    i.HAL_NVIC_EnableIRQ  stm32l4xx_hal_cortex.o
    0x0800248a   0x0800248a   0x00000002   PAD
    0x0800248c   0x0800248c   0x00000040   Code   RO         3236    i.HAL_NVIC_SetPriority  stm32l4xx_hal_cortex.o
    0x080024cc   0x080024cc   0x00000024   Code   RO         3237    i.HAL_NVIC_SetPriorityGrouping  stm32l4xx_hal_cortex.o
    0x080024f0   0x080024f0   0x00000068   Code   RO         2980    i.HAL_PWREx_ControlVoltageScaling  stm32l4xx_hal_pwr_ex.o
    0x08002558   0x08002558   0x00000010   Code   RO         3011    i.HAL_PWREx_GetVoltageRange  stm32l4xx_hal_pwr_ex.o
    0x08002568   0x08002568   0x000001f0   Code   RO         2342    i.HAL_RCCEx_PeriphCLKConfig  stm32l4xx_hal_rcc_ex.o
    0x08002758   0x08002758   0x00000120   Code   RO         2222    i.HAL_RCC_ClockConfig  stm32l4xx_hal_rcc.o
    0x08002878   0x08002878   0x00000024   Code   RO         2228    i.HAL_RCC_GetPCLK1Freq  stm32l4xx_hal_rcc.o
    0x0800289c   0x0800289c   0x00000024   Code   RO         2229    i.HAL_RCC_GetPCLK2Freq  stm32l4xx_hal_rcc.o
    0x080028c0   0x080028c0   0x000000a4   Code   RO         2230    i.HAL_RCC_GetSysClockFreq  stm32l4xx_hal_rcc.o
    0x08002964   0x08002964   0x000005c4   Code   RO         2233    i.HAL_RCC_OscConfig  stm32l4xx_hal_rcc.o
    0x08002f28   0x08002f28   0x00000028   Code   RO         3241    i.HAL_SYSTICK_Config  stm32l4xx_hal_cortex.o
    0x08002f50   0x08002f50   0x00000002   Code   RO         1216    i.HAL_TIMEx_Break2Callback  stm32l4xx_hal_tim_ex.o
    0x08002f52   0x08002f52   0x00000002   Code   RO         1217    i.HAL_TIMEx_BreakCallback  stm32l4xx_hal_tim_ex.o
    0x08002f54   0x08002f54   0x00000002   Code   RO         1218    i.HAL_TIMEx_CommutCallback  stm32l4xx_hal_tim_ex.o
    0x08002f56   0x08002f56   0x00000002   PAD
    0x08002f58   0x08002f58   0x00000084   Code   RO         1220    i.HAL_TIMEx_ConfigBreakDeadTime  stm32l4xx_hal_tim_ex.o
    0x08002fdc   0x08002fdc   0x0000006c   Code   RO         1238    i.HAL_TIMEx_MasterConfigSynchronization  stm32l4xx_hal_tim_ex.o
    0x08003048   0x08003048   0x00000062   Code   RO          502    i.HAL_TIM_Base_Init  stm32l4xx_hal_tim.o
    0x080030aa   0x080030aa   0x00000002   PAD
    0x080030ac   0x080030ac   0x00000088   Code   RO          269    i.HAL_TIM_Base_MspInit  tim.o
    0x08003134   0x08003134   0x00000050   Code   RO          505    i.HAL_TIM_Base_Start  stm32l4xx_hal_tim.o
    0x08003184   0x08003184   0x00000058   Code   RO          507    i.HAL_TIM_Base_Start_IT  stm32l4xx_hal_tim.o
    0x080031dc   0x080031dc   0x00000002   Code   RO          536    i.HAL_TIM_IC_CaptureCallback  stm32l4xx_hal_tim.o
    0x080031de   0x080031de   0x00000184   Code   RO          550    i.HAL_TIM_IRQHandler  stm32l4xx_hal_tim.o
    0x08003362   0x08003362   0x00000002   PAD
    0x08003364   0x08003364   0x00000050   Code   RO          270    i.HAL_TIM_MspPostInit  tim.o
    0x080033b4   0x080033b4   0x00000002   Code   RO          553    i.HAL_TIM_OC_DelayElapsedCallback  stm32l4xx_hal_tim.o
    0x080033b6   0x080033b6   0x0000011e   Code   RO          574    i.HAL_TIM_PWM_ConfigChannel  stm32l4xx_hal_tim.o
    0x080034d4   0x080034d4   0x00000062   Code   RO          577    i.HAL_TIM_PWM_Init  stm32l4xx_hal_tim.o
    0x08003536   0x08003536   0x00000002   PAD
    0x08003538   0x08003538   0x00000028   Code   RO          272    i.HAL_TIM_PWM_MspInit  tim.o
    0x08003560   0x08003560   0x00000002   Code   RO          580    i.HAL_TIM_PWM_PulseFinishedCallback  stm32l4xx_hal_tim.o
    0x08003562   0x08003562   0x00000002   PAD
    0x08003564   0x08003564   0x000000d0   Code   RO          582    i.HAL_TIM_PWM_Start  stm32l4xx_hal_tim.o
    0x08003634   0x08003634   0x000000c8   Code   RO          155    i.HAL_TIM_PeriodElapsedCallback  main.o
    0x080036fc   0x080036fc   0x00000056   Code   RO          591    i.HAL_TIM_SlaveConfigSynchro  stm32l4xx_hal_tim.o
    0x08003752   0x08003752   0x00000002   Code   RO          593    i.HAL_TIM_TriggerCallback  stm32l4xx_hal_tim.o
    0x08003754   0x08003754   0x00000002   Code   RO         3441    i.HAL_UARTEx_RxEventCallback  stm32l4xx_hal_uart.o
    0x08003756   0x08003756   0x00000002   Code   RO         3834    i.HAL_UARTEx_WakeupCallback  stm32l4xx_hal_uart_ex.o
    0x08003758   0x08003758   0x00000002   Code   RO         3457    i.HAL_UART_ErrorCallback  stm32l4xx_hal_uart.o
    0x0800375a   0x0800375a   0x00000002   PAD
    0x0800375c   0x0800375c   0x0000023c   Code   RO         3460    i.HAL_UART_IRQHandler  stm32l4xx_hal_uart.o
    0x08003998   0x08003998   0x00000066   Code   RO         3461    i.HAL_UART_Init     stm32l4xx_hal_uart.o
    0x080039fe   0x080039fe   0x00000002   PAD
    0x08003a00   0x08003a00   0x000000a0   Code   RO          341    i.HAL_UART_MspInit  usart.o
    0x08003aa0   0x08003aa0   0x00000048   Code   RO         3466    i.HAL_UART_Receive_IT  stm32l4xx_hal_uart.o
    0x08003ae8   0x08003ae8   0x00000058   Code   RO          156    i.HAL_UART_RxCpltCallback  main.o
    0x08003b40   0x08003b40   0x000000b6   Code   RO         3470    i.HAL_UART_Transmit  stm32l4xx_hal_uart.o
    0x08003bf6   0x08003bf6   0x00000002   Code   RO         3473    i.HAL_UART_TxCpltCallback  stm32l4xx_hal_uart.o
    0x08003bf8   0x08003bf8   0x00000002   Code   RO          385    i.HardFault_Handler  stm32l4xx_it.o
    0x08003bfa   0x08003bfa   0x00000002   PAD
    0x08003bfc   0x08003bfc   0x00000084   Code   RO          244    i.MX_GPIO_Init      gpio.o
    0x08003c80   0x08003c80   0x000000a0   Code   RO          273    i.MX_TIM15_Init     tim.o
    0x08003d20   0x08003d20   0x00000068   Code   RO          274    i.MX_TIM2_Init      tim.o
    0x08003d88   0x08003d88   0x00000048   Code   RO          275    i.MX_TIM6_Init      tim.o
    0x08003dd0   0x08003dd0   0x0000003c   Code   RO          342    i.MX_USART2_UART_Init  usart.o
    0x08003e0c   0x08003e0c   0x00000002   Code   RO          386    i.MemManage_Handler  stm32l4xx_it.o
    0x08003e0e   0x08003e0e   0x00000002   Code   RO          387    i.NMI_Handler       stm32l4xx_it.o
    0x08003e10   0x08003e10   0x00000014   Code   RO          157    i.PID_Config        main.o
    0x08003e24   0x08003e24   0x00000002   Code   RO          388    i.PendSV_Handler    stm32l4xx_it.o
    0x08003e26   0x08003e26   0x00000002   PAD
    0x08003e28   0x08003e28   0x0000007c   Code   RO         2234    i.RCC_SetFlashLatencyFromMSIRange  stm32l4xx_hal_rcc.o
    0x08003ea4   0x08003ea4   0x00000002   Code   RO          389    i.SVC_Handler       stm32l4xx_it.o
    0x08003ea6   0x08003ea6   0x00000004   Code   RO          390    i.SysTick_Handler   stm32l4xx_it.o
    0x08003eaa   0x08003eaa   0x00000070   Code   RO          158    i.SystemClock_Config  main.o
    0x08003f1a   0x08003f1a   0x00000002   PAD
    0x08003f1c   0x08003f1c   0x0000003c   Code   RO         3909    i.SystemInit        system_stm32l4xx.o
    0x08003f58   0x08003f58   0x0000000c   Code   RO          391    i.TIM6_IRQHandler   stm32l4xx_it.o
    0x08003f64   0x08003f64   0x0000006c   Code   RO          595    i.TIM_Base_SetConfig  stm32l4xx_hal_tim.o
    0x08003fd0   0x08003fd0   0x0000001a   Code   RO          596    i.TIM_CCxChannelCmd  stm32l4xx_hal_tim.o
    0x08003fea   0x08003fea   0x00000014   Code   RO          606    i.TIM_ETR_SetConfig  stm32l4xx_hal_tim.o
    0x08003ffe   0x08003ffe   0x00000002   PAD
    0x08004000   0x08004000   0x00000078   Code   RO          608    i.TIM_OC1_SetConfig  stm32l4xx_hal_tim.o
    0x08004078   0x08004078   0x00000078   Code   RO          609    i.TIM_OC2_SetConfig  stm32l4xx_hal_tim.o
    0x080040f0   0x080040f0   0x00000074   Code   RO          610    i.TIM_OC3_SetConfig  stm32l4xx_hal_tim.o
    0x08004164   0x08004164   0x00000060   Code   RO          611    i.TIM_OC4_SetConfig  stm32l4xx_hal_tim.o
    0x080041c4   0x080041c4   0x0000005c   Code   RO          612    i.TIM_OC5_SetConfig  stm32l4xx_hal_tim.o
    0x08004220   0x08004220   0x0000005c   Code   RO          613    i.TIM_OC6_SetConfig  stm32l4xx_hal_tim.o
    0x0800427c   0x0800427c   0x0000008c   Code   RO          614    i.TIM_SlaveTimer_SetConfig  stm32l4xx_hal_tim.o
    0x08004308   0x08004308   0x00000022   Code   RO          615    i.TIM_TI1_ConfigInputStage  stm32l4xx_hal_tim.o
    0x0800432a   0x0800432a   0x00000024   Code   RO          617    i.TIM_TI2_ConfigInputStage  stm32l4xx_hal_tim.o
    0x0800434e   0x0800434e   0x000000c8   Code   RO         3475    i.UART_AdvFeatureConfig  stm32l4xx_hal_uart.o
    0x08004416   0x08004416   0x0000005c   Code   RO         3476    i.UART_CheckIdleState  stm32l4xx_hal_uart.o
    0x08004472   0x08004472   0x00000014   Code   RO         3477    i.UART_DMAAbortOnError  stm32l4xx_hal_uart.o
    0x08004486   0x08004486   0x00000030   Code   RO         3487    i.UART_EndRxTransfer  stm32l4xx_hal_uart.o
    0x080044b6   0x080044b6   0x0000007c   Code   RO         3489    i.UART_RxISR_16BIT  stm32l4xx_hal_uart.o
    0x08004532   0x08004532   0x0000007c   Code   RO         3490    i.UART_RxISR_8BIT   stm32l4xx_hal_uart.o
    0x080045ae   0x080045ae   0x00000002   PAD
    0x080045b0   0x080045b0   0x00000200   Code   RO         3491    i.UART_SetConfig    stm32l4xx_hal_uart.o
    0x080047b0   0x080047b0   0x00000090   Code   RO         3493    i.UART_Start_Receive_IT  stm32l4xx_hal_uart.o
    0x08004840   0x08004840   0x000000a4   Code   RO         3496    i.UART_WaitOnFlagUntilTimeout  stm32l4xx_hal_uart.o
    0x080048e4   0x080048e4   0x0000000c   Code   RO          392    i.USART2_IRQHandler  stm32l4xx_it.o
    0x080048f0   0x080048f0   0x00000002   Code   RO          393    i.UsageFault_Handler  stm32l4xx_it.o
    0x080048f2   0x080048f2   0x00000030   Code   RO         4107    i.__ARM_fpclassify  m_wm.l(fpclassify.o)
    0x08004922   0x08004922   0x00000020   Code   RO         3243    i.__NVIC_SetPriority  stm32l4xx_hal_cortex.o
    0x08004942   0x08004942   0x00000006   PAD
    0x08004948   0x08004948   0x000000f8   Code   RO         4204    i.__hardfp___mathlib_tofloat  m_wm.l(narrow.o)
    0x08004a40   0x08004a40   0x00000038   Code   RO         4005    i.__hardfp_atof     m_wm.l(atof.o)
    0x08004a78   0x08004a78   0x000000d0   Code   RO         4269    i.__hardfp_ldexp    m_wm.l(ldexp.o)
    0x08004b48   0x08004b48   0x00000020   Code   RO         4325    i.__mathlib_dbl_overflow  m_wm.l(dunder.o)
    0x08004b68   0x08004b68   0x00000020   Code   RO         4327    i.__mathlib_dbl_underflow  m_wm.l(dunder.o)
    0x08004b88   0x08004b88   0x00000012   Code   RO         4205    i.__mathlib_narrow  m_wm.l(narrow.o)
    0x08004b9a   0x08004b9a   0x00000014   Code   RO         4271    i.__support_ldexp   m_wm.l(ldexp.o)
    0x08004bae   0x08004bae   0x0000000e   Code   RO         3963    i._is_digit         c_w.l(__printf_wp.o)
    0x08004bbc   0x08004bbc   0x0000001c   Code   RO           14    i.fputc             retarget.o
    0x08004bd8   0x08004bd8   0x0000008c   Code   RO         4239    i.frexp             m_wm.l(frexp.o)
    0x08004c64   0x08004c64   0x0000008c   Code   RO          159    i.main              main.o
    0x08004cf0   0x08004cf0   0x0000002c   Code   RO         4101    locale$$code        c_w.l(lc_numeric_c.o)
    0x08004d1c   0x08004d1c   0x0000002c   Code   RO         4184    locale$$code        c_w.l(lc_ctype_c.o)
    0x08004d48   0x08004d48   0x00000062   Code   RO         3981    x$fpl$d2f           fz_wm.l(d2f.o)
    0x08004daa   0x08004daa   0x00000002   PAD
    0x08004dac   0x08004dac   0x00000150   Code   RO         3983    x$fpl$dadd          fz_wm.l(daddsub_clz.o)
    0x08004efc   0x08004efc   0x00000010   Code   RO         4336    x$fpl$dcheck1       fz_wm.l(dcheck1.o)
    0x08004f0c   0x08004f0c   0x00000018   Code   RO         4265    x$fpl$dcmpinf       fz_wm.l(dcmpi.o)
    0x08004f24   0x08004f24   0x000002b0   Code   RO         3990    x$fpl$ddiv          fz_wm.l(ddiv.o)
    0x080051d4   0x080051d4   0x00000078   Code   RO         4233    x$fpl$deqf          fz_wm.l(deqf.o)
    0x0800524c   0x0800524c   0x00000026   Code   RO         3993    x$fpl$dfltu         fz_wm.l(dflt_clz.o)
    0x08005272   0x08005272   0x00000002   PAD
    0x08005274   0x08005274   0x00000078   Code   RO         4267    x$fpl$dleqf         fz_wm.l(dleqf.o)
    0x080052ec   0x080052ec   0x00000154   Code   RO         3999    x$fpl$dmul          fz_wm.l(dmul.o)
    0x08005440   0x08005440   0x0000009c   Code   RO         4025    x$fpl$dnaninf       fz_wm.l(dnaninf.o)
    0x080054dc   0x080054dc   0x0000000c   Code   RO         4027    x$fpl$dretinf       fz_wm.l(dretinf.o)
    0x080054e8   0x080054e8   0x0000006c   Code   RO         4235    x$fpl$drleqf        fz_wm.l(drleqf.o)
    0x08005554   0x08005554   0x000001d4   Code   RO         3985    x$fpl$dsub          fz_wm.l(daddsub_clz.o)
    0x08005728   0x08005728   0x00000056   Code   RO         4001    x$fpl$f2d           fz_wm.l(f2d.o)
    0x0800577e   0x0800577e   0x0000008c   Code   RO         4029    x$fpl$fnaninf       fz_wm.l(fnaninf.o)
    0x0800580a   0x0800580a   0x0000000a   Code   RO         4196    x$fpl$fpinit        fz_wm.l(fpinit.o)
    0x08005814   0x08005814   0x0000000a   Code   RO         4031    x$fpl$fretinf       fz_wm.l(fretinf.o)
    0x0800581e   0x0800581e   0x00000006   Code   RO         4103    x$fpl$ieeestatus    fz_wm.l(istatus.o)
    0x08005824   0x08005824   0x00000004   Code   RO         4003    x$fpl$printf1       fz_wm.l(printf1.o)
    0x08005828   0x08005828   0x00000064   Code   RO         4338    x$fpl$retnan        fz_wm.l(retnan.o)
    0x0800588c   0x0800588c   0x0000005c   Code   RO         4319    x$fpl$scalbn        fz_wm.l(scalbn.o)
    0x080058e8   0x080058e8   0x00000004   Code   RO         4105    x$fpl$scanf1        fz_wm.l(scanf1.o)
    0x080058ec   0x080058ec   0x00000008   Code   RO         4198    x$fpl$scanf2        fz_wm.l(scanf2.o)
    0x080058f4   0x080058f4   0x00000030   Code   RO         4340    x$fpl$trapveneer    fz_wm.l(trapv.o)
    0x08005924   0x08005924   0x00000000   Code   RO         4033    x$fpl$usenofp       fz_wm.l(usenofp.o)
    0x08005924   0x08005924   0x00000040   Data   RO         3910    .constdata          system_stm32l4xx.o
    0x08005964   0x08005964   0x00000008   Data   RO         3911    .constdata          system_stm32l4xx.o
    0x0800596c   0x0800596c   0x00000094   Data   RO         4072    .constdata          c_w.l(bigflt0.o)
    0x08005a00   0x08005a00   0x00000020   Data   RO         4342    Region$$Table       anon$$obj.o
    0x08005a20   0x08005a20   0x00000008   Data   RO         4192    c$$dinf             fz_wm.l(fpconst.o)
    0x08005a28   0x08005a28   0x00000008   Data   RO         4195    c$$dmax             fz_wm.l(fpconst.o)
    0x08005a30   0x08005a30   0x0000001c   Data   RO         4100    locale$$data        c_w.l(lc_numeric_c.o)
    0x08005a4c   0x08005a4c   0x00000110   Data   RO         4183    locale$$data        c_w.l(lc_ctype_c.o)


    Execution Region RW_IRAM2 (Exec base: 0x10000000, Load base: 0x08005b84, Size: 0x00000000, Max: 0x00002000, ABSOLUTE)

    **** No section assigned to this execution region ****


    Execution Region RW_IRAM1 (Exec base: 0x20000000, Load base: 0x08005b5c, Size: 0x00000898, Max: 0x00008000, ABSOLUTE)

    Exec Addr    Load Addr    Size         Type   Attr      Idx    E Section Name        Object

    0x20000000   0x08005b5c   0x00000004   Data   RW           15    .data               retarget.o
    0x20000004   0x08005b60   0x00000014   Data   RW          161    .data               main.o
    0x20000018   0x08005b74   0x0000000c   Data   RW         1531    .data               stm32l4xx_hal.o
    0x20000024   0x08005b80   0x00000004   Data   RW         3912    .data               system_stm32l4xx.o
    0x20000028        -       0x000000a4   Zero   RW          160    .bss                main.o
    0x200000cc        -       0x000000e4   Zero   RW          276    .bss                tim.o
    0x200001b0        -       0x00000084   Zero   RW          343    .bss                usart.o
    0x20000234        -       0x00000060   Zero   RW         4110    .bss                c_w.l(libspace.o)
    0x20000294   0x08005b84   0x00000004   PAD
    0x20000298        -       0x00000200   Zero   RW            2    HEAP                startup_stm32l412xx.o
    0x20000498        -       0x00000400   Zero   RW            1    STACK               startup_stm32l412xx.o


==============================================================================

Image component sizes


      Code (inc. data)   RO Data    RW Data    ZI Data      Debug   Object Name

       132         12          0          0          0        919   gpio.o
       976        142          0         20        164       5617   main.o
        28          4          0          4          0     518431   retarget.o
        64         26        396          0       1536        856   startup_stm32l412xx.o
       126         20          0         12          0      11097   stm32l4xx_hal.o
       198         14          0          0          0      33895   stm32l4xx_hal_cortex.o
       152          0          0          0          0       1819   stm32l4xx_hal_dma.o
       478         30          0          0          0       4353   stm32l4xx_hal_gpio.o
        44          6          0          0          0        874   stm32l4xx_hal_msp.o
       120         20          0          0          0       1386   stm32l4xx_hal_pwr_ex.o
      2124         94          0          0          0       7164   stm32l4xx_hal_rcc.o
       496         10          0          0          0       1860   stm32l4xx_hal_rcc_ex.o
      2340        172          0          0          0      18970   stm32l4xx_hal_tim.o
       246         16          0          0          0       3980   stm32l4xx_hal_tim_ex.o
      2362         78          0          0          0      14217   stm32l4xx_hal_uart.o
         2          0          0          0          0       1036   stm32l4xx_hal_uart_ex.o
        50         12          0          0          0       5691   stm32l4xx_it.o
        60         12         72          4          0       1237   system_stm32l4xx.o
       592         50          0          0        228       4478   tim.o
       220         16          0          0        132       1818   usart.o

    ----------------------------------------------------------------------
     10848        734        500         40       2060     639698   Object Totals
         0          0         32          0          0          0   (incl. Generated)
        38          0          0          0          0          0   (incl. Padding)

    ----------------------------------------------------------------------

      Code (inc. data)   RO Data    RW Data    ZI Data      Debug   Library Member Name

         8          0          0          0          0         68   __main.o
       284          0          0          0          0        156   __printf_wp.o
         0          0          0          0          0          0   __rtentry.o
        12          0          0          0          0          0   __rtentry2.o
         6          0          0          0          0          0   __rtentry4.o
        52          8          0          0          0          0   __scatter.o
        26          0          0          0          0          0   __scatter_copy.o
        28          0          0          0          0          0   __scatter_zi.o
        28          0          0          0          0         68   _chval.o
        48          6          0          0          0         96   _printf_char_common.o
        36          4          0          0          0         80   _printf_char_file.o
         6          0          0          0          0          0   _printf_f.o
      1060          0          0          0          0        216   _printf_fp_dec.o
       128         16          0          0          0         84   _printf_fp_infnan.o
         0          0          0          0          0          0   _printf_percent.o
         4          0          0          0          0          0   _printf_percent_end.o
        22          0          0          0          0        100   _rserrno.o
        64          0          0          0          0         84   _sgetc.o
       228          4        148          0          0         96   bigflt0.o
      2152        136          0          0          0        960   btod.o
        18          0          0          0          0         80   exit.o
         8          0          0          0          0         68   ferror.o
         6          0          0          0          0        152   heapauxi.o
         0          0          0          0          0          0   indicate_semi.o
        18          0          0          0          0         76   isspace.o
        44         10        272          0          0         76   lc_ctype_c.o
        44         10         28          0          0         76   lc_numeric_c.o
         2          0          0          0          0          0   libinit.o
        34          0          0          0          0          0   libinit2.o
         2          0          0          0          0          0   libshutdown.o
         2          0          0          0          0          0   libshutdown2.o
         8          4          0          0         96         68   libspace.o
        38          0          0          0          0         68   llshl.o
       138          0          0          0          0         80   lludiv10.o
       238          0          0          0          0        100   lludivv7m.o
        24          4          0          0          0         84   noretval__2printf.o
        16          4          0          0          0         76   rt_ctype_table.o
         8          4          0          0          0         68   rt_errno_addr_intlibspace.o
         8          4          0          0          0         68   rt_locale_intlibspace.o
        78          0          0          0          0         80   rt_memclr_w.o
         2          0          0          0          0          0   rtexit.o
        10          0          0          0          0          0   rtexit2.o
      1288         16          0          0          0        168   scanf_fp.o
       806         14          0          0          0        100   scanf_hexfp.o
       314         16          0          0          0        100   scanf_infnan.o
       128          0          0          0          0         68   strcmpv7m.o
       164         14          0          0          0        120   strtod.o
        12          4          0          0          0         68   sys_exit.o
        74          0          0          0          0         80   sys_stackheap_outer.o
         2          0          0          0          0         68   use_no_semi.o
        98          4          0          0          0        140   d2f.o
       804         16          0          0          0        368   daddsub_clz.o
        16          4          0          0          0        116   dcheck1.o
        24          0          0          0          0        116   dcmpi.o
       688        140          0          0          0        256   ddiv.o
       120          4          0          0          0        140   deqf.o
        38          0          0          0          0        116   dflt_clz.o
       120          4          0          0          0        140   dleqf.o
       340         12          0          0          0        152   dmul.o
       156          4          0          0          0        140   dnaninf.o
        12          0          0          0          0        116   dretinf.o
       108          0          0          0          0        128   drleqf.o
        86          4          0          0          0        132   f2d.o
       140          4          0          0          0        132   fnaninf.o
         0          0         16          0          0          0   fpconst.o
        10          0          0          0          0        116   fpinit.o
        10          0          0          0          0        116   fretinf.o
         6          0          0          0          0        116   istatus.o
         4          0          0          0          0        116   printf1.o
       100          0          0          0          0        116   retnan.o
        92          0          0          0          0        116   scalbn.o
         4          0          0          0          0        116   scanf1.o
         8          0          0          0          0        132   scanf2.o
        48          0          0          0          0        116   trapv.o
         0          0          0          0          0          0   usenofp.o
        56         12          0          0          0        132   atof.o
        64         16          0          0          0        248   dunder.o
        48          0          0          0          0        124   fpclassify.o
       140         22          0          0          0        132   frexp.o
       228          8          0          0          0        308   ldexp.o
       266         16          0          0          0        308   narrow.o

    ----------------------------------------------------------------------
     11576        550        464          0        100       8504   Library Totals
        16          2          0          0          4          0   (incl. Padding)

    ----------------------------------------------------------------------

      Code (inc. data)   RO Data    RW Data    ZI Data      Debug   Library Name

      7726        278        448          0         96       4000   c_w.l
      3032        196         16          0          0       3252   fz_wm.l
       802         74          0          0          0       1252   m_wm.l

    ----------------------------------------------------------------------
     11576        550        464          0        100       8504   Library Totals

    ----------------------------------------------------------------------

==============================================================================


      Code (inc. data)   RO Data    RW Data    ZI Data      Debug   

     22424       1284        964         40       2160     633318   Grand Totals
     22424       1284        964         40       2160     633318   ELF Image Totals
     22424       1284        964         40          0          0   ROM Totals

==============================================================================

    Total RO  Size (Code + RO Data)                23388 (  22.84kB)
    Total RW  Size (RW Data + ZI Data)              2200 (   2.15kB)
    Total ROM Size (Code + RO Data + RW Data)      23428 (  22.88kB)

==============================================================================

