<html>
<body>
<pre>
<h1>µVision Build Log</h1>
<h2>Tool Versions:</h2>
IDE-Version: µVision V5.34.0.0
Copyright (C) 2021 ARM Ltd and ARM Germany GmbH. All rights reserved.
License Information: LBR LBR, LBR, LIC=----
 
Tool Versions:
Toolchain:       MDK-Lite  Version: 5.31.0.0
Toolchain Path:  C:\Keil_v5\ARM\ARMCC\Bin
C Compiler:      Armcc.exe V5.06 update 6 (build 750)
Assembler:       Armasm.exe V5.06 update 6 (build 750)
Linker/Locator:  ArmLink.exe V5.06 update 6 (build 750)
Library Manager: ArmAr.exe V5.06 update 6 (build 750)
Hex Converter:   FromElf.exe V5.06 update 6 (build 750)
CPU DLL:         SARMCM3.DLL V5.31.0.0
Dialog DLL:      DCM.DLL V1.17.3.0
Target DLL:      STLink\ST-LINKIII-KEIL_SWO.dll V3.0.7.0
Dialog DLL:      TCM.DLL V1.46.0.0
 
<h2>Project:</h2>
D:\TRABAJO\UMAKER\TALLERES\CONTROL PID - MOTOR DC\CODIGO\Keil_CONTROL_PID\PID.uvprojx
Project File Date:  06/05/2021

<h2>Output:</h2>
*** Using Compiler 'V5.06 update 6 (build 750)', folder: 'C:\Keil_v5\ARM\ARMCC\Bin'
Build target 'NUCLEO-L412KB'
compiling main.c...
main.c(194): warning:  #1035-D: single-precision operand implicitly converted to double-precision
  	pPID->IPresent =(float)( pPID->IPast + 0.00555*pPID->ePast);
main.c(196): warning:  #1035-D: single-precision operand implicitly converted to double-precision
  	pPID->DPresent = (float)(0.1353352*pPID->DPast + 0.01067*pPID->yPresent - 0.01067*pPID->yPast);
main.c(196): warning:  #1035-D: single-precision operand implicitly converted to double-precision
  	pPID->DPresent = (float)(0.1353352*pPID->DPast + 0.01067*pPID->yPresent - 0.01067*pPID->yPast);
main.c(196): warning:  #1035-D: single-precision operand implicitly converted to double-precision
  	pPID->DPresent = (float)(0.1353352*pPID->DPast + 0.01067*pPID->yPresent - 0.01067*pPID->yPast);
main.c(207): warning:  #1035-D: single-precision operand implicitly converted to double-precision
  	pPID->wPresent = (float)(pPID->wPast + 0.4*(pPID->uPast - pPID->vPast));
main.c: 5 warnings, 0 errors
linking...
Program Size: Code=9480 RO-data=676 RW-data=36 ZI-data=1700  
".\Objects\DATA.axf" - 0 Error(s), 5 Warning(s).

<h2>Software Packages used:</h2>

Package Vendor: ARM
                http://www.keil.com/pack/ARM.CMSIS.5.7.0.pack
                ARM.CMSIS.5.7.0
                CMSIS (Cortex Microcontroller Software Interface Standard)
   * Component: CORE Version: 5.4.0

Package Vendor: Keil
                http://www.keil.com/pack/Keil.STM32L4xx_DFP.2.5.0.pack
                Keil.STM32L4xx_DFP.2.5.0
                STMicroelectronics STM32L4 Series Device Support, Drivers and Examples
   * Component: Startup Version: 1.3.1

<h2>Collection of Component include folders:</h2>
  .\RTE\_NUCLEO-L412KB
  C:\Users\Lenovo\AppData\Local\Arm\Packs\ARM\CMSIS\5.7.0\CMSIS\Core\Include
  C:\Users\Lenovo\AppData\Local\Arm\Packs\Keil\STM32L4xx_DFP\2.5.0\Drivers\CMSIS\Device\ST\STM32L4xx\Include

<h2>Collection of Component Files used:</h2>

   * Component: ARM::CMSIS:CORE:5.4.0

   * Component: Keil::Device:Startup:1.3.1
      Source file:   Drivers\CMSIS\Device\ST\STM32L4xx\Source\Templates\arm\startup_stm32l412xx.s
      Include file:  Drivers\CMSIS\Device\ST\STM32L4xx\Include\stm32l4xx.h
      Source file:   Drivers\CMSIS\Device\ST\STM32L4xx\Source\Templates\system_stm32l4xx.c
Build Time Elapsed:  00:00:02
</pre>
</body>
</html>
