<html>
<body>
<pre>
<h1>µVision Build Log</h1>
<h2>Tool Versions:</h2>
IDE-Version: µVision V5.34.0.0
Copyright (C) 2021 ARM Ltd and ARM Germany GmbH. All rights reserved.
License Information: LBR LBR, LBR, LIC=----
 
Tool Versions:
Toolchain:       MDK-Lite  Version: 5.31.0.0
Toolchain Path:  C:\Keil_v5\ARM\ARMCLANG\Bin
C Compiler:      ArmClang.exe V6.14
Assembler:       Armasm.exe V6.14
Linker/Locator:  ArmLink.exe V6.14
Library Manager: ArmAr.exe V6.14
Hex Converter:   FromElf.exe V6.14
CPU DLL:         SARMCM3.DLL V5.31.0.0
Dialog DLL:      DCM.DLL V1.17.3.0
Target DLL:      UL2CM3.DLL V1.163.4.0
Dialog DLL:      TCM.DLL V1.46.0.0
 
<h2>Project:</h2>
D:\TRABAJO\UMAKER\CURSOS\ARM - NUCLEO-L412KB\NUCLEO-L412KB_Source\NVIC\NVIC.uvprojx
Project File Date:  07/01/2021

<h2>Output:</h2>
*** Using Compiler 'V6.14', folder: 'C:\Keil_v5\ARM\ARMCLANG\Bin'
Build target 'Scr'
assembling startup_stm32l412xx.s...
main.c(1): warning: missing terminating '"' character [-Winvalid-pp-token]
#include "stm32l4xx.h""                  // Device header
                      ^
main.c(1): warning: extra tokens at end of #include directive [-Wextra-tokens]
#include "stm32l4xx.h""                  // Device header
                      ^
                      //
main.c(16): warning: no previous prototype for function 'EXTI4_IRQHandler' [-Wmissing-prototypes]
void EXTI4_IRQHandler(void){
     ^
main.c(16): note: declare 'static' if the function is not intended to be used outside of this translation unit
void EXTI4_IRQHandler(void){
^
static 
main.c(23): warning: no previous prototype for function 'EXTI3_IRQHandler' [-Wmissing-prototypes]
void EXTI3_IRQHandler(void){
     ^
main.c(23): note: declare 'static' if the function is not intended to be used outside of this translation unit
void EXTI3_IRQHandler(void){
^
static 
4 warnings generated.
compiling main.c...
compiling system_stm32l4xx.c...
linking...
Program Size: Code=516 RO-data=412 RW-data=0 ZI-data=1632  
".\Objects\NVIC.axf" - 0 Error(s), 4 Warning(s).

<h2>Software Packages used:</h2>

Package Vendor: ARM
                http://www.keil.com/pack/ARM.CMSIS.5.7.0.pack
                ARM.CMSIS.5.7.0
                CMSIS (Cortex Microcontroller Software Interface Standard)
   * Component: CORE Version: 5.4.0

Package Vendor: Keil
                http://www.keil.com/pack/Keil.STM32L4xx_DFP.2.5.0.pack
                Keil.STM32L4xx_DFP.2.5.0
                STMicroelectronics STM32L4 Series Device Support, Drivers and Examples
   * Component: Startup Version: 1.3.1

<h2>Collection of Component include folders:</h2>
  .\RTE\_Scr
  C:\Users\Lenovo\AppData\Local\Arm\Packs\ARM\CMSIS\5.7.0\CMSIS\Core\Include
  C:\Users\Lenovo\AppData\Local\Arm\Packs\Keil\STM32L4xx_DFP\2.5.0\Drivers\CMSIS\Device\ST\STM32L4xx\Include

<h2>Collection of Component Files used:</h2>

   * Component: ARM::CMSIS:CORE:5.4.0

   * Component: Keil::Device:Startup:1.3.1
      Source file:   Drivers\CMSIS\Device\ST\STM32L4xx\Source\Templates\arm\startup_stm32l412xx.s
      Include file:  Drivers\CMSIS\Device\ST\STM32L4xx\Include\stm32l4xx.h
      Source file:   Drivers\CMSIS\Device\ST\STM32L4xx\Source\Templates\system_stm32l4xx.c
Build Time Elapsed:  00:00:01
</pre>
</body>
</html>
